Component: ARM Compiler 5.06 update 6 (build 750) Tool: armlink [4d35ed]

==============================================================================

Section Cross References

    startup_stm32f10x_md.o(STACK) refers (Special) to heapauxi.o(.text) for __use_two_region_memory
    startup_stm32f10x_md.o(HEAP) refers (Special) to heapauxi.o(.text) for __use_two_region_memory
    startup_stm32f10x_md.o(RESET) refers (Special) to heapauxi.o(.text) for __use_two_region_memory
    startup_stm32f10x_md.o(RESET) refers to startup_stm32f10x_md.o(STACK) for __initial_sp
    startup_stm32f10x_md.o(RESET) refers to startup_stm32f10x_md.o(.text) for Reset_Handler
    startup_stm32f10x_md.o(RESET) refers to stm32f10x_it.o(i.NMI_Handler) for NMI_Handler
    startup_stm32f10x_md.o(RESET) refers to stm32f10x_it.o(i.HardFault_Handler) for HardFault_Handler
    startup_stm32f10x_md.o(RESET) refers to stm32f10x_it.o(i.MemManage_Handler) for MemManage_Handler
    startup_stm32f10x_md.o(RESET) refers to stm32f10x_it.o(i.BusFault_Handler) for BusFault_Handler
    startup_stm32f10x_md.o(RESET) refers to stm32f10x_it.o(i.UsageFault_Handler) for UsageFault_Handler
    startup_stm32f10x_md.o(RESET) refers to stm32f10x_it.o(i.SVC_Handler) for SVC_Handler
    startup_stm32f10x_md.o(RESET) refers to stm32f10x_it.o(i.DebugMon_Handler) for DebugMon_Handler
    startup_stm32f10x_md.o(RESET) refers to stm32f10x_it.o(i.PendSV_Handler) for PendSV_Handler
    startup_stm32f10x_md.o(RESET) refers to stm32f10x_it.o(i.SysTick_Handler) for SysTick_Handler
    startup_stm32f10x_md.o(RESET) refers to sr03.o(i.EXTI2_IRQHandler) for EXTI2_IRQHandler
    startup_stm32f10x_md.o(RESET) refers to timer.o(i.TIM2_IRQHandler) for TIM2_IRQHandler
    startup_stm32f10x_md.o(RESET) refers to timer.o(i.TIM3_IRQHandler) for TIM3_IRQHandler
    startup_stm32f10x_md.o(.text) refers (Special) to heapauxi.o(.text) for __use_two_region_memory
    startup_stm32f10x_md.o(.text) refers to system_stm32f10x.o(i.SystemInit) for SystemInit
    startup_stm32f10x_md.o(.text) refers to __main.o(!!!main) for __main
    startup_stm32f10x_md.o(.text) refers to startup_stm32f10x_md.o(HEAP) for Heap_Mem
    startup_stm32f10x_md.o(.text) refers to startup_stm32f10x_md.o(STACK) for Stack_Mem
    system_stm32f10x.o(i.SetSysClock) refers to system_stm32f10x.o(i.SetSysClockTo72) for SetSysClockTo72
    system_stm32f10x.o(i.SystemCoreClockUpdate) refers to system_stm32f10x.o(.data) for SystemCoreClock
    system_stm32f10x.o(i.SystemInit) refers to system_stm32f10x.o(i.SetSysClock) for SetSysClock
    stm32f10x_adc.o(i.ADC_DeInit) refers to stm32f10x_rcc.o(i.RCC_APB2PeriphResetCmd) for RCC_APB2PeriphResetCmd
    stm32f10x_bkp.o(i.BKP_DeInit) refers to stm32f10x_rcc.o(i.RCC_BackupResetCmd) for RCC_BackupResetCmd
    stm32f10x_can.o(i.CAN_DeInit) refers to stm32f10x_rcc.o(i.RCC_APB1PeriphResetCmd) for RCC_APB1PeriphResetCmd
    stm32f10x_can.o(i.CAN_GetITStatus) refers to stm32f10x_can.o(i.CheckITStatus) for CheckITStatus
    stm32f10x_cec.o(i.CEC_DeInit) refers to stm32f10x_rcc.o(i.RCC_APB1PeriphResetCmd) for RCC_APB1PeriphResetCmd
    stm32f10x_dac.o(i.DAC_DeInit) refers to stm32f10x_rcc.o(i.RCC_APB1PeriphResetCmd) for RCC_APB1PeriphResetCmd
    stm32f10x_flash.o(i.FLASH_EnableWriteProtection) refers to stm32f10x_flash.o(i.FLASH_WaitForLastOperation) for FLASH_WaitForLastOperation
    stm32f10x_flash.o(i.FLASH_EraseAllBank1Pages) refers to stm32f10x_flash.o(i.FLASH_WaitForLastBank1Operation) for FLASH_WaitForLastBank1Operation
    stm32f10x_flash.o(i.FLASH_EraseAllPages) refers to stm32f10x_flash.o(i.FLASH_WaitForLastOperation) for FLASH_WaitForLastOperation
    stm32f10x_flash.o(i.FLASH_EraseOptionBytes) refers to stm32f10x_flash.o(i.FLASH_GetReadOutProtectionStatus) for FLASH_GetReadOutProtectionStatus
    stm32f10x_flash.o(i.FLASH_EraseOptionBytes) refers to stm32f10x_flash.o(i.FLASH_WaitForLastOperation) for FLASH_WaitForLastOperation
    stm32f10x_flash.o(i.FLASH_ErasePage) refers to stm32f10x_flash.o(i.FLASH_WaitForLastOperation) for FLASH_WaitForLastOperation
    stm32f10x_flash.o(i.FLASH_ProgramHalfWord) refers to stm32f10x_flash.o(i.FLASH_WaitForLastOperation) for FLASH_WaitForLastOperation
    stm32f10x_flash.o(i.FLASH_ProgramOptionByteData) refers to stm32f10x_flash.o(i.FLASH_WaitForLastOperation) for FLASH_WaitForLastOperation
    stm32f10x_flash.o(i.FLASH_ProgramWord) refers to stm32f10x_flash.o(i.FLASH_WaitForLastOperation) for FLASH_WaitForLastOperation
    stm32f10x_flash.o(i.FLASH_ReadOutProtection) refers to stm32f10x_flash.o(i.FLASH_WaitForLastOperation) for FLASH_WaitForLastOperation
    stm32f10x_flash.o(i.FLASH_UserOptionByteConfig) refers to stm32f10x_flash.o(i.FLASH_WaitForLastOperation) for FLASH_WaitForLastOperation
    stm32f10x_flash.o(i.FLASH_WaitForLastBank1Operation) refers to stm32f10x_flash.o(i.FLASH_GetBank1Status) for FLASH_GetBank1Status
[...]
    ../clib/signal.c                         0x00000000   Number         0  defsig_exit.o ABSOLUTE
    ../clib/signal.c                         0x00000000   Number         0  defsig_rtmem_formal.o ABSOLUTE
    ../clib/signal.c                         0x00000000   Number         0  defsig_rtmem_outer.o ABSOLUTE
    ../clib/signal.c                         0x00000000   Number         0  defsig_segv_inner.o ABSOLUTE
    ../clib/signal.c                         0x00000000   Number         0  defsig_other.o ABSOLUTE
    ../clib/signal.s                         0x00000000   Number         0  defsig.o ABSOLUTE
    ../clib/stdlib.c                         0x00000000   Number         0  exit.o ABSOLUTE
    ../fplib/d2f.s                           0x00000000   Number         0  d2f.o ABSOLUTE
    ../fplib/daddsub.s                       0x00000000   Number         0  daddsub_clz.o ABSOLUTE
    ../fplib/ddiv.s                          0x00000000   Number         0  ddiv.o ABSOLUTE
    ../fplib/dfix.s                          0x00000000   Number         0  dfix.o ABSOLUTE
    ../fplib/dflt.s                          0x00000000   Number         0  dflt_clz.o ABSOLUTE
    ../fplib/dmul.s                          0x00000000   Number         0  dmul.o ABSOLUTE
    ../fplib/dnaninf.s                       0x00000000   Number         0  dnaninf.o ABSOLUTE
    ../fplib/dretinf.s                       0x00000000   Number         0  dretinf.o ABSOLUTE
    ../fplib/f2d.s                           0x00000000   Number         0  f2d.o ABSOLUTE
    ../fplib/faddsub.s                       0x00000000   Number         0  faddsub_clz.o ABSOLUTE
    ../fplib/fcmpi.s                         0x00000000   Number         0  fcmpi.o ABSOLUTE
    ../fplib/fdiv.s                          0x00000000   Number         0  fdiv.o ABSOLUTE
    ../fplib/ffix.s                          0x00000000   Number         0  ffix.o ABSOLUTE
    ../fplib/ffixu.s                         0x00000000   Number         0  ffixu.o ABSOLUTE
    ../fplib/fflt.s                          0x00000000   Number         0  fflt_clz.o ABSOLUTE
    ../fplib/fleqf.s                         0x00000000   Number         0  fleqf.o ABSOLUTE
    ../fplib/fmul.s                          0x00000000   Number         0  fmul.o ABSOLUTE
    ../fplib/fnaninf.s                       0x00000000   Number         0  fnaninf.o ABSOLUTE
    ../fplib/fpinit.s                        0x00000000   Number         0  fpinit.o ABSOLUTE
    ../fplib/fretinf.s                       0x00000000   Number         0  fretinf.o ABSOLUTE
    ../fplib/frleqf.s                        0x00000000   Number         0  frleqf.o ABSOLUTE
    ../fplib/usenofp.s                       0x00000000   Number         0  usenofp.o ABSOLUTE
    Hardware\Beep.c                          0x00000000   Number         0  beep.o ABSOLUTE
    Hardware\HT11.c                          0x00000000   Number         0  ht11.o ABSOLUTE
    Hardware\JTAG.c                          0x00000000   Number         0  jtag.o ABSOLUTE
    Hardware\Key.c                           0x00000000   Number         0  key.o ABSOLUTE
    Hardware\LED.c                           0x00000000   Number         0  led.o ABSOLUTE
    Hardware\OLED.c                          0x00000000   Number         0  oled.o ABSOLUTE
    Hardware\OLED_Menu.c                     0x00000000   Number         0  oled_menu.o ABSOLUTE
    Hardware\SR03.c                          0x00000000   Number         0  sr03.o ABSOLUTE
    Hardware\Struct.c                        0x00000000   Number         0  struct.o ABSOLUTE
    Hardware\Timer.c                         0x00000000   Number         0  timer.o ABSOLUTE
    Hardware\multibutton.c                   0x00000000   Number         0  multibutton.o ABSOLUTE
    Hardwre\seg.c                            0x00000000   Number         0  seg.o ABSOLUTE
    Library\misc.c                           0x00000000   Number         0  misc.o ABSOLUTE
    Library\stm32f10x_adc.c                  0x00000000   Number         0  stm32f10x_adc.o ABSOLUTE
    Library\stm32f10x_bkp.c                  0x00000000   Number         0  stm32f10x_bkp.o ABSOLUTE
    Library\stm32f10x_can.c                  0x00000000   Number         0  stm32f10x_can.o ABSOLUTE
    Library\stm32f10x_cec.c                  0x00000000   Number         0  stm32f10x_cec.o ABSOLUTE
    Library\stm32f10x_crc.c                  0x00000000   Number         0  stm32f10x_crc.o ABSOLUTE
    Library\stm32f10x_dac.c                  0x00000000   Number         0  stm32f10x_dac.o ABSOLUTE
    Library\stm32f10x_dbgmcu.c               0x00000000   Number         0  stm32f10x_dbgmcu.o ABSOLUTE
    Library\stm32f10x_dma.c                  0x00000000   Number         0  stm32f10x_dma.o ABSOLUTE
    Library\stm32f10x_exti.c                 0x00000000   Number         0  stm32f10x_exti.o ABSOLUTE
    Library\stm32f10x_flash.c                0x00000000   Number         0  stm32f10x_flash.o ABSOLUTE
    Library\stm32f10x_fsmc.c                 0x00000000   Number         0  stm32f10x_fsmc.o ABSOLUTE
    Library\stm32f10x_gpio.c                 0x00000000   Number         0  stm32f10x_gpio.o ABSOLUTE
    Library\stm32f10x_i2c.c                  0x00000000   Number         0  stm32f10x_i2c.o ABSOLUTE
    Library\stm32f10x_iwdg.c                 0x00000000   Number         0  stm32f10x_iwdg.o ABSOLUTE
    Library\stm32f10x_pwr.c                  0x00000000   Number         0  stm32f10x_pwr.o ABSOLUTE
    Library\stm32f10x_rcc.c                  0x00000000   Number         0  stm32f10x_rcc.o ABSOLUTE
    Library\stm32f10x_rtc.c                  0x00000000   Number         0  stm32f10x_rtc.o ABSOLUTE
    Library\stm32f10x_sdio.c                 0x00000000   Number         0  stm32f10x_sdio.o ABSOLUTE
    Library\stm32f10x_spi.c                  0x00000000   Number         0  stm32f10x_spi.o ABSOLUTE
    Library\stm32f10x_tim.c                  0x00000000   Number         0  stm32f10x_tim.o ABSOLUTE
    Library\stm32f10x_usart.c                0x00000000   Number         0  stm32f10x_usart.o ABSOLUTE
    Library\stm32f10x_wwdg.c                 0x00000000   Number         0  stm32f10x_wwdg.o ABSOLUTE
    OLED_Font.c                              0x00000000   Number         0  oled_font.o ABSOLUTE
    Start\\core_cm3.c                        0x00000000   Number         0  core_cm3.o ABSOLUTE
    Start\core_cm3.c                         0x00000000   Number         0  core_cm3.o ABSOLUTE
    Start\startup_stm32f10x_md.s             0x00000000   Number         0  startup_stm32f10x_md.o ABSOLUTE
    Start\system_stm32f10x.c                 0x00000000   Number         0  system_stm32f10x.o ABSOLUTE
    System\Delay.c                           0x00000000   Number         0  delay.o ABSOLUTE
    User\main.c                              0x00000000   Number         0  main.o ABSOLUTE
    User\stm32f10x_it.c                      0x00000000   Number         0  stm32f10x_it.o ABSOLUTE
    dc.s                                     0x00000000   Number         0  dc.o ABSOLUTE
    RESET                                    0x08000000   Section      236  startup_stm32f10x_md.o(RESET)
    !!!main                                  0x080000ec   Section        8  __main.o(!!!main)
    !!!scatter                               0x080000f4   Section       52  __scatter.o(!!!scatter)
    !!handler_copy                           0x08000128   Section       26  __scatter_copy.o(!!handler_copy)
    !!handler_zi                             0x08000144   Section       28  __scatter_zi.o(!!handler_zi)
    .ARM.Collect$$_printf_percent$$00000000  0x08000160   Section        0  _printf_percent.o(.ARM.Collect$$_printf_percent$$00000000)
    .ARM.Collect$$_printf_percent$$00000009  0x08000160   Section        6  _printf_d.o(.ARM.Collect$$_printf_percent$$00000009)
    .ARM.Collect$$_printf_percent$$00000017  0x08000166   Section        4  _printf_percent_end.o(.ARM.Collect$$_printf_percent$$00000017)
    .ARM.Collect$$libinit$$00000000          0x0800016a   Section        2  libinit.o(.ARM.Collect$$libinit$$00000000)
    .ARM.Collect$$libinit$$00000002          0x0800016c   Section        0  libinit2.o(.ARM.Collect$$libinit$$00000002)
    .ARM.Collect$$libinit$$00000004          0x0800016c   Section        0  libinit2.o(.ARM.Collect$$libinit$$00000004)
    .ARM.Collect$$libinit$$0000000A          0x0800016c   Section        0  libinit2.o(.ARM.Collect$$libinit$$0000000A)
    .ARM.Collect$$libinit$$0000000C          0x0800016c   Section        0  libinit2.o(.ARM.Collect$$libinit$$0000000C)
    .ARM.Collect$$libinit$$0000000E          0x0800016c   Section        0  libinit2.o(.ARM.Collect$$libinit$$0000000E)
    .ARM.Collect$$libinit$$00000011          0x0800016c   Section        0  libinit2.o(.ARM.Collect$$libinit$$00000011)
    .ARM.Collect$$libinit$$00000013          0x0800016c   Section        0  libinit2.o(.ARM.Collect$$libinit$$00000013)
    .ARM.Collect$$libinit$$00000015          0x0800016c   Section        0  libinit2.o(.ARM.Collect$$libinit$$00000015)
    .ARM.Collect$$libinit$$00000017          0x0800016c   Section        0  libinit2.o(.ARM.Collect$$libinit$$00000017)
    .ARM.Collect$$libinit$$00000019          0x0800016c   Section        0  libinit2.o(.ARM.Collect$$libinit$$00000019)
    .ARM.Collect$$libinit$$0000001B          0x0800016c   Section        0  libinit2.o(.ARM.Collect$$libinit$$0000001B)
    .ARM.Collect$$libinit$$0000001D          0x0800016c   Section        0  libinit2.o(.ARM.Collect$$libinit$$0000001D)
    .ARM.Collect$$libinit$$0000001F          0x0800016c   Section        0  libinit2.o(.ARM.Collect$$libinit$$0000001F)
    .ARM.Collect$$libinit$$00000021          0x0800016c   Section        0  libinit2.o(.ARM.Collect$$libinit$$00000021)
    .ARM.Collect$$libinit$$00000023          0x0800016c   Section        0  libinit2.o(.ARM.Collect$$libinit$$00000023)
    .ARM.Collect$$libinit$$00000025          0x0800016c   Section        0  libinit2.o(.ARM.Collect$$libinit$$00000025)
    .ARM.Collect$$libinit$$0000002C          0x0800016c   Section        0  libinit2.o(.ARM.Collect$$libinit$$0000002C)
    .ARM.Collect$$libinit$$0000002E          0x0800016c   Section        0  libinit2.o(.ARM.Collect$$libinit$$0000002E)
    .ARM.Collect$$libinit$$00000030          0x0800016c   Section        0  libinit2.o(.ARM.Collect$$libinit$$00000030)
    .ARM.Collect$$libinit$$00000032          0x0800016c   Section        0  libinit2.o(.ARM.Collect$$libinit$$00000032)
    .ARM.Collect$$libinit$$00000033          0x0800016c   Section        2  libinit2.o(.ARM.Collect$$libinit$$00000033)
    .ARM.Collect$$libshutdown$$00000000      0x0800016e   Section        2  libshutdown.o(.ARM.Collect$$libshutdown$$00000000)
    .ARM.Collect$$libshutdown$$00000002      0x08000170   Section        0  libshutdown2.o(.ARM.Collect$$libshutdown$$00000002)
    .ARM.Collect$$libshutdown$$00000004      0x08000170   Section        0  libshutdown2.o(.ARM.Collect$$libshutdown$$00000004)
    .ARM.Collect$$libshutdown$$00000007      0x08000170   Section        0  libshutdown2.o(.ARM.Collect$$libshutdown$$00000007)
    .ARM.Collect$$libshutdown$$0000000A      0x08000170   Section        0  libshutdown2.o(.ARM.Collect$$libshutdown$$0000000A)
    .ARM.Collect$$libshutdown$$0000000C      0x08000170   Section        0  libshutdown2.o(.ARM.Collect$$libshutdown$$0000000C)
    .ARM.Collect$$libshutdown$$0000000F      0x08000170   Section        0  libshutdown2.o(.ARM.Collect$$libshutdown$$0000000F)
    .ARM.Collect$$libshutdown$$00000010      0x08000170   Section        2  libshutdown2.o(.ARM.Collect$$libshutdown$$00000010)
    .ARM.Collect$$rtentry$$00000000          0x08000172   Section        0  __rtentry.o(.ARM.Collect$$rtentry$$00000000)
    .ARM.Collect$$rtentry$$00000002          0x08000172   Section        0  __rtentry2.o(.ARM.Collect$$rtentry$$00000002)
    .ARM.Collect$$rtentry$$00000004          0x08000172   Section        6  __rtentry4.o(.ARM.Collect$$rtentry$$00000004)
    .ARM.Collect$$rtentry$$00000009          0x08000178   Section        0  __rtentry2.o(.ARM.Collect$$rtentry$$00000009)
    .ARM.Collect$$rtentry$$0000000A          0x08000178   Section        4  __rtentry2.o(.ARM.Collect$$rtentry$$0000000A)
    .ARM.Collect$$rtentry$$0000000C          0x0800017c   Section        0  __rtentry2.o(.ARM.Collect$$rtentry$$0000000C)
    .ARM.Collect$$rtentry$$0000000D          0x0800017c   Section        8  __rtentry2.o(.ARM.Collect$$rtentry$$0000000D)
    .ARM.Collect$$rtexit$$00000000           0x08000184   Section        2  rtexit.o(.ARM.Collect$$rtexit$$00000000)
    .ARM.Collect$$rtexit$$00000002           0x08000186   Section        0  rtexit2.o(.ARM.Collect$$rtexit$$00000002)
    .ARM.Collect$$rtexit$$00000003           0x08000186   Section        4  rtexit2.o(.ARM.Collect$$rtexit$$00000003)
    .ARM.Collect$$rtexit$$00000004           0x0800018a   Section        6  rtexit2.o(.ARM.Collect$$rtexit$$00000004)
    .text                                    0x08000190   Section       64  startup_stm32f10x_md.o(.text)
    .text                                    0x080001d0   Section        0  noretval__2sprintf.o(.text)
    .text                                    0x080001f8   Section        0  _printf_pad.o(.text)
    .text                                    0x08000248   Section        0  _printf_dec.o(.text)
    .text                                    0x080002c0   Section        0  __printf_flags_wp.o(.text)
    .text                                    0x080003f8   Section       78  rt_memclr_w.o(.text)
    .text                                    0x08000446   Section        0  heapauxi.o(.text)
    .text                                    0x0800044c   Section        0  _printf_intcommon.o(.text)
    .text                                    0x08000500   Section        0  _printf_char_common.o(.text)
    _printf_input_char                       0x08000501   Thumb Code    10  _printf_char_common.o(.text)
    .text                                    0x08000530   Section        0  _sputc.o(.text)
    .text                                    0x0800053a   Section       74  sys_stackheap_outer.o(.text)
    .text                                    0x08000584   Section        0  exit.o(.text)
    .text                                    0x08000598   Section        8  libspace.o(.text)
    .text                                    0x080005a0   Section        0  sys_exit.o(.text)
    .text                                    0x080005ac   Section        2  use_no_semi.o(.text)
    .text                                    0x080005ae   Section        0  indicate_semi.o(.text)
    i.BTN1_SINGLEClick_Handler               0x080005b0   Section        0  main.o(i.BTN1_SINGLEClick_Handler)
    i.BTN2_SINGLEClick_Handler               0x080005d4   Section        0  main.o(i.BTN2_SINGLEClick_Handler)
    i.BTN3_SINGLEClick_Handler               0x080005f0   Section        0  main.o(i.BTN3_SINGLEClick_Handler)
    i.Beep_Init                              0x080005fc   Section        0  beep.o(i.Beep_Init)
    i.BusFault_Handler                       0x080006a0   Section        0  stm32f10x_it.o(i.BusFault_Handler)
    i.DHT11_ReadData                         0x080006a4   Section        0  ht11.o(i.DHT11_ReadData)
    i.DHT11_init                             0x08000760   Section        0  ht11.o(i.DHT11_init)
    i.DHT_INPUT                              0x08000778   Section        0  ht11.o(i.DHT_INPUT)
    i.DHT_OUTPUT_PP                          0x080007a4   Section        0  ht11.o(i.DHT_OUTPUT_PP)
    i.DebugMon_Handler                       0x080007d0   Section        0  stm32f10x_it.o(i.DebugMon_Handler)
    i.Delay_1ms                              0x080007d2   Section        0  oled.o(i.Delay_1ms)
    i.Delay_ms                               0x080007ec   Section        0  delay.o(i.Delay_ms)
    i.Delay_us                               0x08000804   Section        0  delay.o(i.Delay_us)
    i.Dist_tocompare                         0x08000834   Section        0  beep.o(i.Dist_tocompare)
    i.EXTI2_IRQHandler                       0x08000894   Section        0  sr03.o(i.EXTI2_IRQHandler)
    i.EXTI_ClearITPendingBit                 0x0800091c   Section        0  stm32f10x_exti.o(i.EXTI_ClearITPendingBit)
    i.EXTI_GetITStatus                       0x08000928   Section        0  stm32f10x_exti.o(i.EXTI_GetITStatus)
    i.EXTI_Init                              0x08000950   Section        0  stm32f10x_exti.o(i.EXTI_Init)
    i.GPIO_EXTILineConfig                    0x080009e4   Section        0  stm32f10x_gpio.o(i.GPIO_EXTILineConfig)
    i.GPIO_Init                              0x08000a24   Section        0  stm32f10x_gpio.o(i.GPIO_Init)
    i.GPIO_ReadInputDataBit                  0x08000b3a   Section        0  stm32f10x_gpio.o(i.GPIO_ReadInputDataBit)
    i.GPIO_ResetBits                         0x08000b4c   Section        0  stm32f10x_gpio.o(i.GPIO_ResetBits)
    i.GPIO_SetBits                           0x08000b50   Section        0  stm32f10x_gpio.o(i.GPIO_SetBits)
    i.HardFault_Handler                      0x08000b54   Section        0  stm32f10x_it.o(i.HardFault_Handler)
    i.JTAG_SW_init                           0x08000b58   Section        0  jtag.o(i.JTAG_SW_init)
    i.Key_1_2_Init                           0x08000b88   Section        0  key.o(i.Key_1_2_Init)
    i.Key_3_Init                             0x08000bb4   Section        0  key.o(i.Key_3_Init)
    i.LED1_ON                                0x08000be0   Section        0  led.o(i.LED1_ON)
    i.LED2_OFF                               0x08000bf4   Section        0  led.o(i.LED2_OFF)
    i.LED2_ON                                0x08000c08   Section        0  led.o(i.LED2_ON)
    i.LED3_OFF                               0x08000c1c   Section        0  led.o(i.LED3_OFF)
    i.LED3_ON                                0x08000c30   Section        0  led.o(i.LED3_ON)
    i.LED4_OFF                               0x08000c44   Section        0  led.o(i.LED4_OFF)
    i.LED4_ON                                0x08000c58   Section        0  led.o(i.LED4_ON)
    i.LED_Init                               0x08000c6c   Section        0  led.o(i.LED_Init)
    i.MemManage_Handler                      0x08000ca4   Section        0  stm32f10x_it.o(i.MemManage_Handler)
    i.NMI_Handler                            0x08000ca8   Section        0  stm32f10x_it.o(i.NMI_Handler)
    i.NVIC_Init                              0x08000cac   Section        0  misc.o(i.NVIC_Init)
    i.OLED_Clear                             0x08000d1c   Section        0  oled.o(i.OLED_Clear)
    i.OLED_IIC_Start                         0x08000d5c   Section        0  oled.o(i.OLED_IIC_Start)
    i.OLED_IIC_Stop                          0x08000d80   Section        0  oled.o(i.OLED_IIC_Stop)
    i.OLED_IIC_Wait_Ack                      0x08000da0   Section        0  oled.o(i.OLED_IIC_Wait_Ack)
    i.OLED_Init                              0x08000db8   Section        0  oled.o(i.OLED_Init)
    i.OLED_Set_Pos                           0x08000ee0   Section        0  oled.o(i.OLED_Set_Pos)
    i.OLED_ShowChar                          0x08000f08   Section        0  oled.o(i.OLED_ShowChar)
    i.OLED_ShowString                        0x08000fac   Section        0  oled.o(i.OLED_ShowString)
    i.OLED_WR_Byte                           0x08000fe6   Section        0  oled.o(i.OLED_WR_Byte)
    i.OLED_Write_IIC_Byte                    0x08001000   Section        0  oled.o(i.OLED_Write_IIC_Byte)
    i.OLED_Write_IIC_Command                 0x08001050   Section        0  oled.o(i.OLED_Write_IIC_Command)
    i.OLED_Write_IIC_Data                    0x0800107c   Section        0  oled.o(i.OLED_Write_IIC_Data)
    i.PendSV_Handler                         0x080010a8   Section        0  stm32f10x_it.o(i.PendSV_Handler)
    i.RCC_APB1PeriphClockCmd                 0x080010ac   Section        0  stm32f10x_rcc.o(i.RCC_APB1PeriphClockCmd)
    i.RCC_APB2PeriphClockCmd                 0x080010cc   Section        0  stm32f10x_rcc.o(i.RCC_APB2PeriphClockCmd)
    i.SEG_init                               0x080010ec   Section        0  seg.o(i.SEG_init)
    i.SPI_ReadWrite                          0x0800115c   Section        0  seg.o(i.SPI_ReadWrite)
    i.SR03_Init                              0x080011ec   Section        0  sr03.o(i.SR03_Init)
    i.SR03_Strat                             0x08001270   Section        0  sr03.o(i.SR03_Strat)
    i.SVC_Handler                            0x08001290   Section        0  stm32f10x_it.o(i.SVC_Handler)
    i.SetSysClock                            0x08001292   Section        0  system_stm32f10x.o(i.SetSysClock)
    SetSysClock                              0x08001293   Thumb Code     8  system_stm32f10x.o(i.SetSysClock)
    i.SetSysClockTo72                        0x0800129c   Section        0  system_stm32f10x.o(i.SetSysClockTo72)
    SetSysClockTo72                          0x0800129d   Thumb Code   214  system_stm32f10x.o(i.SetSysClockTo72)
    i.Set_Beep_compare                       0x0800137c   Section        0  beep.o(i.Set_Beep_compare)
    i.SysTick_Handler                        0x08001390   Section        0  stm32f10x_it.o(i.SysTick_Handler)
    i.SystemInit                             0x08001394   Section        0  system_stm32f10x.o(i.SystemInit)
    i.TIM2_IRQHandler                        0x080013f4   Section        0  timer.o(i.TIM2_IRQHandler)
    i.TIM3_IRQHandler                        0x0800141c   Section        0  timer.o(i.TIM3_IRQHandler)
    i.TIM_ClearITPendingBit                  0x08001438   Section        0  stm32f10x_tim.o(i.TIM_ClearITPendingBit)
    i.TIM_Cmd                                0x0800143e   Section        0  stm32f10x_tim.o(i.TIM_Cmd)
    i.TIM_CtrlPWMOutputs                     0x08001456   Section        0  stm32f10x_tim.o(i.TIM_CtrlPWMOutputs)
    i.TIM_GetCounter                         0x08001474   Section        0  stm32f10x_tim.o(i.TIM_GetCounter)
    i.TIM_GetITStatus                        0x0800147a   Section        0  stm32f10x_tim.o(i.TIM_GetITStatus)
    i.TIM_ITConfig                           0x0800149c   Section        0  stm32f10x_tim.o(i.TIM_ITConfig)
    i.TIM_OC1Init                            0x080014b0   Section        0  stm32f10x_tim.o(i.TIM_OC1Init)
    i.TIM_OC1PreloadConfig                   0x08001548   Section        0  stm32f10x_tim.o(i.TIM_OC1PreloadConfig)
    i.TIM_OCStructInit                       0x0800155a   Section        0  stm32f10x_tim.o(i.TIM_OCStructInit)
    i.TIM_SetCompare1                        0x0800156e   Section        0  stm32f10x_tim.o(i.TIM_SetCompare1)
    i.TIM_SetCounter                         0x08001572   Section        0  stm32f10x_tim.o(i.TIM_SetCounter)
    i.TIM_TimeBaseInit                       0x08001578   Section        0  stm32f10x_tim.o(i.TIM_TimeBaseInit)
    i.TIM_TimeBaseStructInit                 0x0800161c   Section        0  stm32f10x_tim.o(i.TIM_TimeBaseStructInit)
    i.Timer2_init                            0x0800162e   Section        0  timer.o(i.Timer2_init)
    i.Timer_Init                             0x08001694   Section        0  timer.o(i.Timer_Init)
    i.UsageFault_Handler                     0x08001708   Section        0  stm32f10x_it.o(i.UsageFault_Handler)
    i.Write_Seg                              0x0800170c   Section        0  seg.o(i.Write_Seg)
    i._is_digit                              0x0800172c   Section        0  __printf_wp.o(i._is_digit)
    i.button_attach                          0x0800173a   Section        0  multibutton.o(i.button_attach)
    i.button_handler                         0x08001744   Section        0  multibutton.o(i.button_handler)
    button_handler                           0x08001745   Thumb Code   586  multibutton.o(i.button_handler)
    i.button_init                            0x0800198e   Section        0  multibutton.o(i.button_init)
    i.button_start                           0x080019cc   Section        0  multibutton.o(i.button_start)
    i.button_ticks                           0x080019f8   Section        0  multibutton.o(i.button_ticks)
    i.dht11_read_bit                         0x08001a14   Section        0  ht11.o(i.dht11_read_bit)
    dht11_read_bit                           0x08001a15   Thumb Code    70  ht11.o(i.dht11_read_bit)
    i.dht11_read_byte                        0x08001a60   Section        0  ht11.o(i.dht11_read_byte)
    dht11_read_byte                          0x08001a61   Thumb Code    30  ht11.o(i.dht11_read_byte)
    i.light_dist                             0x08001a80   Section        0  led.o(i.light_dist)
    i.linear_compensation_function           0x08001b14   Section        0  sr03.o(i.linear_compensation_function)
    i.main                                   0x08001b38   Section        0  main.o(i.main)
    i.median_filter                          0x08001ecc   Section        0  sr03.o(i.median_filter)
    i.moving_filter                          0x08001f5c   Section        0  sr03.o(i.moving_filter)
    i.read_button_GPIO                       0x08001fd0   Section        0  key.o(i.read_button_GPIO)
    x$fpl$d2f                                0x0800200c   Section       98  d2f.o(x$fpl$d2f)
    x$fpl$dadd                               0x08002070   Section      336  daddsub_clz.o(x$fpl$dadd)
    _dadd1                                   0x08002081   Thumb Code     0  daddsub_clz.o(x$fpl$dadd)
    x$fpl$ddiv                               0x080021c0   Section      688  ddiv.o(x$fpl$ddiv)
    ddiv_entry                               0x080021c7   Thumb Code     0  ddiv.o(x$fpl$ddiv)
    x$fpl$dfix                               0x08002470   Section       94  dfix.o(x$fpl$dfix)
    x$fpl$dflt                               0x080024ce   Section       46  dflt_clz.o(x$fpl$dflt)
    x$fpl$dmul                               0x080024fc   Section      340  dmul.o(x$fpl$dmul)
    x$fpl$dnaninf                            0x08002650   Section      156  dnaninf.o(x$fpl$dnaninf)
    x$fpl$dretinf                            0x080026ec   Section       12  dretinf.o(x$fpl$dretinf)
    x$fpl$dsub                               0x080026f8   Section      468  daddsub_clz.o(x$fpl$dsub)
    _dsub1                                   0x08002709   Thumb Code     0  daddsub_clz.o(x$fpl$dsub)
    x$fpl$f2d                                0x080028cc   Section       86  f2d.o(x$fpl$f2d)
    x$fpl$fadd                               0x08002924   Section      196  faddsub_clz.o(x$fpl$fadd)
    _fadd1                                   0x08002933   Thumb Code     0  faddsub_clz.o(x$fpl$fadd)
    x$fpl$fcmpinf                            0x080029e8   Section       24  fcmpi.o(x$fpl$fcmpinf)
    x$fpl$fdiv                               0x08002a00   Section      388  fdiv.o(x$fpl$fdiv)
    _fdiv1                                   0x08002a01   Thumb Code     0  fdiv.o(x$fpl$fdiv)
    x$fpl$ffix                               0x08002b84   Section       54  ffix.o(x$fpl$ffix)
    x$fpl$ffixu                              0x08002bbc   Section       62  ffixu.o(x$fpl$ffixu)
    x$fpl$fflt                               0x08002bfc   Section       48  fflt_clz.o(x$fpl$fflt)
    x$fpl$ffltu                              0x08002c2c   Section       38  fflt_clz.o(x$fpl$ffltu)
    x$fpl$fleqf                              0x08002c54   Section      104  fleqf.o(x$fpl$fleqf)
    x$fpl$fmul                               0x08002cbc   Section      258  fmul.o(x$fpl$fmul)
    x$fpl$fnaninf                            0x08002dbe   Section      140  fnaninf.o(x$fpl$fnaninf)
    x$fpl$fretinf                            0x08002e4a   Section       10  fretinf.o(x$fpl$fretinf)
    x$fpl$frleqf                             0x08002e54   Section       98  frleqf.o(x$fpl$frleqf)
    x$fpl$fsub                               0x08002eb8   Section      234  faddsub_clz.o(x$fpl$fsub)
    _fsub1                                   0x08002ec7   Thumb Code     0  faddsub_clz.o(x$fpl$fsub)
    .constdata                               0x08002fa2   Section     3621  oled.o(.constdata)
    x$fpl$usenofp                            0x08002fa2   Section        0  usenofp.o(x$fpl$usenofp)
    .constdata                               0x08003dc7   Section       23  seg.o(.constdata)
    .constdata                               0x08003dde   Section       17  __printf_flags_wp.o(.constdata)
    maptable                                 0x08003dde   Data          17  __printf_flags_wp.o(.constdata)
    .data                                    0x20000000   Section       12  sr03.o(.data)
    init                                     0x20000004   Data           4  sr03.o(.data)
    init                                     0x20000008   Data           4  sr03.o(.data)
    .data                                    0x2000000c   Section        4  ht11.o(.data)
    .data                                    0x20000010   Section        4  multibutton.o(.data)
    head_handle                              0x20000010   Data           4  multibutton.o(.data)
    .data                                    0x20000014   Section        2  timer.o(.data)
    .data                                    0x20000018   Section        4  beep.o(.data)
    .data                                    0x2000001c   Section       60  main.o(.data)
    .bss                                     0x20000058   Section      132  key.o(.bss)
    .bss                                     0x200000dc   Section      600  main.o(.bss)
    .bss                                     0x20000334   Section       96  libspace.o(.bss)
    HEAP                                     0x20000398   Section      512  startup_stm32f10x_md.o(HEAP)
    Heap_Mem                                 0x20000398   Data         512  startup_stm32f10x_md.o(HEAP)
    STACK                                    0x20000598   Section     1024  startup_stm32f10x_md.o(STACK)
    Stack_Mem                                0x20000598   Data        1024  startup_stm32f10x_md.o(STACK)
    __initial_sp                             0x20000998   Data           0  startup_stm32f10x_md.o(STACK)

    Global Symbols

    Symbol Name                              Value     Ov Type        Size  Object(Section)

    BuildAttributes$$THM_ISAv4$P$D$K$B$S$PE$A:L22UL41UL21$X:L11$S22US41US21$IEEE1$IW$USESV6$~STKCKD$USESV7$~SHL$OSPACE$ROPI$EBA8$UX$STANDARDLIB$REQ8$PRES8$EABIv2 0x00000000   Number         0  anon$$obj.o ABSOLUTE
    __ARM_use_no_argv                        0x00000000   Number         0  main.o ABSOLUTE
    _printf_flags                            0x00000000   Number         0  printf_stubs.o ABSOLUTE
    _printf_return_value                     0x00000000   Number         0  printf_stubs.o ABSOLUTE
    _printf_sizespec                         0x00000000   Number         0  printf_stubs.o ABSOLUTE
    _printf_widthprec                        0x00000000   Number         0  printf_stubs.o ABSOLUTE
    __ARM_exceptions_init                     - Undefined Weak Reference
    __alloca_initialize                       - Undefined Weak Reference
    __arm_preinit_                            - Undefined Weak Reference
    __cpp_initialize__aeabi_                  - Undefined Weak Reference
    __cxa_finalize                            - Undefined Weak Reference
    __rt_locale                               - Undefined Weak Reference
    __sigvec_lookup                           - Undefined Weak Reference
    _atexit_init                              - Undefined Weak Reference
    _call_atexit_fns                          - Undefined Weak Reference
    _clock_init                               - Undefined Weak Reference
    _fp_trap_init                             - Undefined Weak Reference
    _fp_trap_shutdown                         - Undefined Weak Reference
    _get_lc_collate                           - Undefined Weak Reference
    _get_lc_ctype                             - Undefined Weak Reference
    _get_lc_monetary                          - Undefined Weak Reference
    _get_lc_numeric                           - Undefined Weak Reference
    _get_lc_time                              - Undefined Weak Reference
    _getenv_init                              - Undefined Weak Reference
    _handle_redirection                       - Undefined Weak Reference
    _init_alloc                               - Undefined Weak Reference
    _init_user_alloc                          - Undefined Weak Reference
    _initio                                   - Undefined Weak Reference
    _printf_truncate_signed                   - Undefined Weak Reference
    _printf_truncate_unsigned                 - Undefined Weak Reference
    _rand_init                                - Undefined Weak Reference
    _signal_finish                            - Undefined Weak Reference
    _signal_init                              - Undefined Weak Reference
    _terminate_alloc                          - Undefined Weak Reference
    _terminate_user_alloc                     - Undefined Weak Reference
    _terminateio                              - Undefined Weak Reference
    __Vectors_Size                           0x000000ec   Number         0  startup_stm32f10x_md.o ABSOLUTE
    __Vectors                                0x08000000   Data           4  startup_stm32f10x_md.o(RESET)
    __Vectors_End                            0x080000ec   Data           0  startup_stm32f10x_md.o(RESET)
    __main                                   0x080000ed   Thumb Code     8  __main.o(!!!main)
    __scatterload                            0x080000f5   Thumb Code     0  __scatter.o(!!!scatter)
    __scatterload_rt2                        0x080000f5   Thumb Code    44  __scatter.o(!!!scatter)
    __scatterload_rt2_thumb_only             0x080000f5   Thumb Code     0  __scatter.o(!!!scatter)
    __scatterload_null                       0x08000103   Thumb Code     0  __scatter.o(!!!scatter)
    __scatterload_copy                       0x08000129   Thumb Code    26  __scatter_copy.o(!!handler_copy)
    __scatterload_zeroinit                   0x08000145   Thumb Code    28  __scatter_zi.o(!!handler_zi)
    _printf_d                                0x08000161   Thumb Code     0  _printf_d.o(.ARM.Collect$$_printf_percent$$00000009)
    _printf_percent                          0x08000161   Thumb Code     0  _printf_percent.o(.ARM.Collect$$_printf_percent$$00000000)
    _printf_percent_end                      0x08000167   Thumb Code     0  _printf_percent_end.o(.ARM.Collect$$_printf_percent$$00000017)
    __rt_lib_init                            0x0800016b   Thumb Code     0  libinit.o(.ARM.Collect$$libinit$$00000000)
    __rt_lib_init_alloca_1                   0x0800016d   Thumb Code     0  libinit2.o(.ARM.Collect$$libinit$$0000002E)
    __rt_lib_init_argv_1                     0x0800016d   Thumb Code     0  libinit2.o(.ARM.Collect$$libinit$$0000002C)
    __rt_lib_init_atexit_1                   0x0800016d   Thumb Code     0  libinit2.o(.ARM.Collect$$libinit$$0000001B)
    __rt_lib_init_clock_1                    0x0800016d   Thumb Code     0  libinit2.o(.ARM.Collect$$libinit$$00000021)
    __rt_lib_init_cpp_1                      0x0800016d   Thumb Code     0  libinit2.o(.ARM.Collect$$libinit$$00000032)
    __rt_lib_init_exceptions_1               0x0800016d   Thumb Code     0  libinit2.o(.ARM.Collect$$libinit$$00000030)
    __rt_lib_init_fp_1                       0x0800016d   Thumb Code     0  libinit2.o(.ARM.Collect$$libinit$$00000002)
    __rt_lib_init_fp_trap_1                  0x0800016d   Thumb Code     0  libinit2.o(.ARM.Collect$$libinit$$0000001F)
    __rt_lib_init_getenv_1                   0x0800016d   Thumb Code     0  libinit2.o(.ARM.Collect$$libinit$$00000023)
    __rt_lib_init_heap_1                     0x0800016d   Thumb Code     0  libinit2.o(.ARM.Collect$$libinit$$0000000A)
    __rt_lib_init_lc_collate_1               0x0800016d   Thumb Code     0  libinit2.o(.ARM.Collect$$libinit$$00000011)
    __rt_lib_init_lc_ctype_1                 0x0800016d   Thumb Code     0  libinit2.o(.ARM.Collect$$libinit$$00000013)
    __rt_lib_init_lc_monetary_1              0x0800016d   Thumb Code     0  libinit2.o(.ARM.Collect$$libinit$$00000015)
    __rt_lib_init_lc_numeric_1               0x0800016d   Thumb Code     0  libinit2.o(.ARM.Collect$$libinit$$00000017)
    __rt_lib_init_lc_time_1                  0x0800016d   Thumb Code     0  libinit2.o(.ARM.Collect$$libinit$$00000019)
    __rt_lib_init_preinit_1                  0x0800016d   Thumb Code     0  libinit2.o(.ARM.Collect$$libinit$$00000004)
    __rt_lib_init_rand_1                     0x0800016d   Thumb Code     0  libinit2.o(.ARM.Collect$$libinit$$0000000E)
    __rt_lib_init_return                     0x0800016d   Thumb Code     0  libinit2.o(.ARM.Collect$$libinit$$00000033)
    __rt_lib_init_signal_1                   0x0800016d   Thumb Code     0  libinit2.o(.ARM.Collect$$libinit$$0000001D)
    __rt_lib_init_stdio_1                    0x0800016d   Thumb Code     0  libinit2.o(.ARM.Collect$$libinit$$00000025)
    __rt_lib_init_user_alloc_1               0x0800016d   Thumb Code     0  libinit2.o(.ARM.Collect$$libinit$$0000000C)
    __rt_lib_shutdown                        0x0800016f   Thumb Code     0  libshutdown.o(.ARM.Collect$$libshutdown$$00000000)
    __rt_lib_shutdown_cpp_1                  0x08000171   Thumb Code     0  libshutdown2.o(.ARM.Collect$$libshutdown$$00000002)
    __rt_lib_shutdown_fp_trap_1              0x08000171   Thumb Code     0  libshutdown2.o(.ARM.Collect$$libshutdown$$00000007)
    __rt_lib_shutdown_heap_1                 0x08000171   Thumb Code     0  libshutdown2.o(.ARM.Collect$$libshutdown$$0000000F)
    __rt_lib_shutdown_return                 0x08000171   Thumb Code     0  libshutdown2.o(.ARM.Collect$$libshutdown$$00000010)
    __rt_lib_shutdown_signal_1               0x08000171   Thumb Code     0  libshutdown2.o(.ARM.Collect$$libshutdown$$0000000A)
    __rt_lib_shutdown_stdio_1                0x08000171   Thumb Code     0  libshutdown2.o(.ARM.Collect$$libshutdown$$00000004)
    __rt_lib_shutdown_user_alloc_1           0x08000171   Thumb Code     0  libshutdown2.o(.ARM.Collect$$libshutdown$$0000000C)
    __rt_entry                               0x08000173   Thumb Code     0  __rtentry.o(.ARM.Collect$$rtentry$$00000000)
    __rt_entry_presh_1                       0x08000173   Thumb Code     0  __rtentry2.o(.ARM.Collect$$rtentry$$00000002)
    __rt_entry_sh                            0x08000173   Thumb Code     0  __rtentry4.o(.ARM.Collect$$rtentry$$00000004)
    __rt_entry_li                            0x08000179   Thumb Code     0  __rtentry2.o(.ARM.Collect$$rtentry$$0000000A)
    __rt_entry_postsh_1                      0x08000179   Thumb Code     0  __rtentry2.o(.ARM.Collect$$rtentry$$00000009)
    __rt_entry_main                          0x0800017d   Thumb Code     0  __rtentry2.o(.ARM.Collect$$rtentry$$0000000D)
    __rt_entry_postli_1                      0x0800017d   Thumb Code     0  __rtentry2.o(.ARM.Collect$$rtentry$$0000000C)
    __rt_exit                                0x08000185   Thumb Code     0  rtexit.o(.ARM.Collect$$rtexit$$00000000)
    __rt_exit_ls                             0x08000187   Thumb Code     0  rtexit2.o(.ARM.Collect$$rtexit$$00000003)
    __rt_exit_prels_1                        0x08000187   Thumb Code     0  rtexit2.o(.ARM.Collect$$rtexit$$00000002)
    __rt_exit_exit                           0x0800018b   Thumb Code     0  rtexit2.o(.ARM.Collect$$rtexit$$00000004)
    Reset_Handler                            0x08000191   Thumb Code     8  startup_stm32f10x_md.o(.text)
    ADC1_2_IRQHandler                        0x080001ab   Thumb Code     0  startup_stm32f10x_md.o(.text)
    CAN1_RX1_IRQHandler                      0x080001ab   Thumb Code     0  startup_stm32f10x_md.o(.text)
    CAN1_SCE_IRQHandler                      0x080001ab   Thumb Code     0  startup_stm32f10x_md.o(.text)
    DMA1_Channel1_IRQHandler                 0x080001ab   Thumb Code     0  startup_stm32f10x_md.o(.text)
    DMA1_Channel2_IRQHandler                 0x080001ab   Thumb Code     0  startup_stm32f10x_md.o(.text)
    DMA1_Channel3_IRQHandler                 0x080001ab   Thumb Code     0  startup_stm32f10x_md.o(.text)
    DMA1_Channel4_IRQHandler                 0x080001ab   Thumb Code     0  startup_stm32f10x_md.o(.text)
    DMA1_Channel5_IRQHandler                 0x080001ab   Thumb Code     0  startup_stm32f10x_md.o(.text)
    DMA1_Channel6_IRQHandler                 0x080001ab   Thumb Code     0  startup_stm32f10x_md.o(.text)
    DMA1_Channel7_IRQHandler                 0x080001ab   Thumb Code     0  startup_stm32f10x_md.o(.text)
    EXTI0_IRQHandler                         0x080001ab   Thumb Code     0  startup_stm32f10x_md.o(.text)
    EXTI15_10_IRQHandler                     0x080001ab   Thumb Code     0  startup_stm32f10x_md.o(.text)
    EXTI1_IRQHandler                         0x080001ab   Thumb Code     0  startup_stm32f10x_md.o(.text)
    EXTI3_IRQHandler                         0x080001ab   Thumb Code     0  startup_stm32f10x_md.o(.text)
    EXTI4_IRQHandler                         0x080001ab   Thumb Code     0  startup_stm32f10x_md.o(.text)
    EXTI9_5_IRQHandler                       0x080001ab   Thumb Code     0  startup_stm32f10x_md.o(.text)
    FLASH_IRQHandler                         0x080001ab   Thumb Code     0  startup_stm32f10x_md.o(.text)
    I2C1_ER_IRQHandler                       0x080001ab   Thumb Code     0  startup_stm32f10x_md.o(.text)
    I2C1_EV_IRQHandler                       0x080001ab   Thumb Code     0  startup_stm32f10x_md.o(.text)
    I2C2_ER_IRQHandler                       0x080001ab   Thumb Code     0  startup_stm32f10x_md.o(.text)
    I2C2_EV_IRQHandler                       0x080001ab   Thumb Code     0  startup_stm32f10x_md.o(.text)
    PVD_IRQHandler                           0x080001ab   Thumb Code     0  startup_stm32f10x_md.o(.text)
    RCC_IRQHandler                           0x080001ab   Thumb Code     0  startup_stm32f10x_md.o(.text)
    RTCAlarm_IRQHandler                      0x080001ab   Thumb Code     0  startup_stm32f10x_md.o(.text)
    RTC_IRQHandler                           0x080001ab   Thumb Code     0  startup_stm32f10x_md.o(.text)
    SPI1_IRQHandler                          0x080001ab   Thumb Code     0  startup_stm32f10x_md.o(.text)
    SPI2_IRQHandler                          0x080001ab   Thumb Code     0  startup_stm32f10x_md.o(.text)
    TAMPER_IRQHandler                        0x080001ab   Thumb Code     0  startup_stm32f10x_md.o(.text)
    TIM1_BRK_IRQHandler                      0x080001ab   Thumb Code     0  startup_stm32f10x_md.o(.text)
    TIM1_CC_IRQHandler                       0x080001ab   Thumb Code     0  startup_stm32f10x_md.o(.text)
    TIM1_TRG_COM_IRQHandler                  0x080001ab   Thumb Code     0  startup_stm32f10x_md.o(.text)
    TIM1_UP_IRQHandler                       0x080001ab   Thumb Code     0  startup_stm32f10x_md.o(.text)
    TIM4_IRQHandler                          0x080001ab   Thumb Code     0  startup_stm32f10x_md.o(.text)
    USART1_IRQHandler                        0x080001ab   Thumb Code     0  startup_stm32f10x_md.o(.text)
    USART2_IRQHandler                        0x080001ab   Thumb Code     0  startup_stm32f10x_md.o(.text)
    USART3_IRQHandler                        0x080001ab   Thumb Code     0  startup_stm32f10x_md.o(.text)
    USBWakeUp_IRQHandler                     0x080001ab   Thumb Code     0  startup_stm32f10x_md.o(.text)
    USB_HP_CAN1_TX_IRQHandler                0x080001ab   Thumb Code     0  startup_stm32f10x_md.o(.text)
    USB_LP_CAN1_RX0_IRQHandler               0x080001ab   Thumb Code     0  startup_stm32f10x_md.o(.text)
    WWDG_IRQHandler                          0x080001ab   Thumb Code     0  startup_stm32f10x_md.o(.text)
    __user_initial_stackheap                 0x080001ad   Thumb Code     0  startup_stm32f10x_md.o(.text)
    __2sprintf                               0x080001d1   Thumb Code    34  noretval__2sprintf.o(.text)
    _printf_pre_padding                      0x080001f9   Thumb Code    44  _printf_pad.o(.text)
    _printf_post_padding                     0x08000225   Thumb Code    34  _printf_pad.o(.text)
    _printf_int_dec                          0x08000249   Thumb Code   104  _printf_dec.o(.text)
    __printf                                 0x080002c1   Thumb Code   308  __printf_flags_wp.o(.text)
    __aeabi_memclr4                          0x080003f9   Thumb Code     0  rt_memclr_w.o(.text)
    __aeabi_memclr8                          0x080003f9   Thumb Code     0  rt_memclr_w.o(.text)
    __rt_memclr_w                            0x080003f9   Thumb Code    78  rt_memclr_w.o(.text)
    _memset_w                                0x080003fd   Thumb Code     0  rt_memclr_w.o(.text)
    __use_two_region_memory                  0x08000447   Thumb Code     2  heapauxi.o(.text)
    __rt_heap_escrow$2region                 0x08000449   Thumb Code     2  heapauxi.o(.text)
    __rt_heap_expand$2region                 0x0800044b   Thumb Code     2  heapauxi.o(.text)
    _printf_int_common                       0x0800044d   Thumb Code   178  _printf_intcommon.o(.text)
    _printf_char_common                      0x0800050b   Thumb Code    32  _printf_char_common.o(.text)
    _sputc                                   0x08000531   Thumb Code    10  _sputc.o(.text)
    __user_setup_stackheap                   0x0800053b   Thumb Code    74  sys_stackheap_outer.o(.text)
    exit                                     0x08000585   Thumb Code    18  exit.o(.text)
    __user_libspace                          0x08000599   Thumb Code     8  libspace.o(.text)
    __user_perproc_libspace                  0x08000599   Thumb Code     0  libspace.o(.text)
    __user_perthread_libspace                0x08000599   Thumb Code     0  libspace.o(.text)
    _sys_exit                                0x080005a1   Thumb Code     8  sys_exit.o(.text)
    __I$use$semihosting                      0x080005ad   Thumb Code     0  use_no_semi.o(.text)
    __use_no_semihosting_swi                 0x080005ad   Thumb Code     2  use_no_semi.o(.text)
    __semihosting_library_function           0x080005af   Thumb Code     0  indicate_semi.o(.text)
    BTN1_SINGLEClick_Handler                 0x080005b1   Thumb Code    32  main.o(i.BTN1_SINGLEClick_Handler)
    BTN2_SINGLEClick_Handler                 0x080005d5   Thumb Code    24  main.o(i.BTN2_SINGLEClick_Handler)
    BTN3_SINGLEClick_Handler                 0x080005f1   Thumb Code    10  main.o(i.BTN3_SINGLEClick_Handler)
    Beep_Init                                0x080005fd   Thumb Code   154  beep.o(i.Beep_Init)
    BusFault_Handler                         0x080006a1   Thumb Code     4  stm32f10x_it.o(i.BusFault_Handler)
    DHT11_ReadData                           0x080006a5   Thumb Code   176  ht11.o(i.DHT11_ReadData)
    DHT11_init                               0x08000761   Thumb Code    20  ht11.o(i.DHT11_init)
    DHT_INPUT                                0x08000779   Thumb Code    38  ht11.o(i.DHT_INPUT)
    DHT_OUTPUT_PP                            0x080007a5   Thumb Code    38  ht11.o(i.DHT_OUTPUT_PP)
    DebugMon_Handler                         0x080007d1   Thumb Code     2  stm32f10x_it.o(i.DebugMon_Handler)
    Delay_1ms                                0x080007d3   Thumb Code    26  oled.o(i.Delay_1ms)
    Delay_ms                                 0x080007ed   Thumb Code    24  delay.o(i.Delay_ms)
    Delay_us                                 0x08000805   Thumb Code    46  delay.o(i.Delay_us)
    Dist_tocompare                           0x08000835   Thumb Code    84  beep.o(i.Dist_tocompare)
    EXTI2_IRQHandler                         0x08000895   Thumb Code   118  sr03.o(i.EXTI2_IRQHandler)
    EXTI_ClearITPendingBit                   0x0800091d   Thumb Code     6  stm32f10x_exti.o(i.EXTI_ClearITPendingBit)
    EXTI_GetITStatus                         0x08000929   Thumb Code    34  stm32f10x_exti.o(i.EXTI_GetITStatus)
    EXTI_Init                                0x08000951   Thumb Code   142  stm32f10x_exti.o(i.EXTI_Init)
    GPIO_EXTILineConfig                      0x080009e5   Thumb Code    60  stm32f10x_gpio.o(i.GPIO_EXTILineConfig)
    GPIO_Init                                0x08000a25   Thumb Code   278  stm32f10x_gpio.o(i.GPIO_Init)
    GPIO_ReadInputDataBit                    0x08000b3b   Thumb Code    18  stm32f10x_gpio.o(i.GPIO_ReadInputDataBit)
    GPIO_ResetBits                           0x08000b4d   Thumb Code     4  stm32f10x_gpio.o(i.GPIO_ResetBits)
    GPIO_SetBits                             0x08000b51   Thumb Code     4  stm32f10x_gpio.o(i.GPIO_SetBits)
    HardFault_Handler                        0x08000b55   Thumb Code     4  stm32f10x_it.o(i.HardFault_Handler)
    JTAG_SW_init                             0x08000b59   Thumb Code    38  jtag.o(i.JTAG_SW_init)
    Key_1_2_Init                             0x08000b89   Thumb Code    38  key.o(i.Key_1_2_Init)
    Key_3_Init                               0x08000bb5   Thumb Code    40  key.o(i.Key_3_Init)
    LED1_ON                                  0x08000be1   Thumb Code    14  led.o(i.LED1_ON)
    LED2_OFF                                 0x08000bf5   Thumb Code    14  led.o(i.LED2_OFF)
    LED2_ON                                  0x08000c09   Thumb Code    14  led.o(i.LED2_ON)
    LED3_OFF                                 0x08000c1d   Thumb Code    14  led.o(i.LED3_OFF)
    LED3_ON                                  0x08000c31   Thumb Code    14  led.o(i.LED3_ON)
    LED4_OFF                                 0x08000c45   Thumb Code    14  led.o(i.LED4_OFF)
    LED4_ON                                  0x08000c59   Thumb Code    14  led.o(i.LED4_ON)
    LED_Init                                 0x08000c6d   Thumb Code    50  led.o(i.LED_Init)
    MemManage_Handler                        0x08000ca5   Thumb Code     4  stm32f10x_it.o(i.MemManage_Handler)
    NMI_Handler                              0x08000ca9   Thumb Code     2  stm32f10x_it.o(i.NMI_Handler)
    NVIC_Init                                0x08000cad   Thumb Code   100  misc.o(i.NVIC_Init)
    OLED_Clear                               0x08000d1d   Thumb Code    62  oled.o(i.OLED_Clear)
    OLED_IIC_Start                           0x08000d5d   Thumb Code    28  oled.o(i.OLED_IIC_Start)
    OLED_IIC_Stop                            0x08000d81   Thumb Code    24  oled.o(i.OLED_IIC_Stop)
    OLED_IIC_Wait_Ack                        0x08000da1   Thumb Code    16  oled.o(i.OLED_IIC_Wait_Ack)
    OLED_Init                                0x08000db9   Thumb Code   292  oled.o(i.OLED_Init)
    OLED_Set_Pos                             0x08000ee1   Thumb Code    40  oled.o(i.OLED_Set_Pos)
    OLED_ShowChar                            0x08000f09   Thumb Code   154  oled.o(i.OLED_ShowChar)
    OLED_ShowString                          0x08000fad   Thumb Code    58  oled.o(i.OLED_ShowString)
    OLED_WR_Byte                             0x08000fe7   Thumb Code    24  oled.o(i.OLED_WR_Byte)
    OLED_Write_IIC_Byte                      0x08001001   Thumb Code    72  oled.o(i.OLED_Write_IIC_Byte)
    OLED_Write_IIC_Command                   0x08001051   Thumb Code    44  oled.o(i.OLED_Write_IIC_Command)
    OLED_Write_IIC_Data                      0x0800107d   Thumb Code    44  oled.o(i.OLED_Write_IIC_Data)
    PendSV_Handler                           0x080010a9   Thumb Code     2  stm32f10x_it.o(i.PendSV_Handler)
    RCC_APB1PeriphClockCmd                   0x080010ad   Thumb Code    26  stm32f10x_rcc.o(i.RCC_APB1PeriphClockCmd)
    RCC_APB2PeriphClockCmd                   0x080010cd   Thumb Code    26  stm32f10x_rcc.o(i.RCC_APB2PeriphClockCmd)
    SEG_init                                 0x080010ed   Thumb Code   106  seg.o(i.SEG_init)
    SPI_ReadWrite                            0x0800115d   Thumb Code   136  seg.o(i.SPI_ReadWrite)
    SR03_Init                                0x080011ed   Thumb Code   128  sr03.o(i.SR03_Init)
    SR03_Strat                               0x08001271   Thumb Code    26  sr03.o(i.SR03_Strat)
    SVC_Handler                              0x08001291   Thumb Code     2  stm32f10x_it.o(i.SVC_Handler)
    Set_Beep_compare                         0x0800137d   Thumb Code    14  beep.o(i.Set_Beep_compare)
    SysTick_Handler                          0x08001391   Thumb Code     2  stm32f10x_it.o(i.SysTick_Handler)
    SystemInit                               0x08001395   Thumb Code    78  system_stm32f10x.o(i.SystemInit)
    TIM2_IRQHandler                          0x080013f5   Thumb Code    36  timer.o(i.TIM2_IRQHandler)
    TIM3_IRQHandler                          0x0800141d   Thumb Code    22  timer.o(i.TIM3_IRQHandler)
    TIM_ClearITPendingBit                    0x08001439   Thumb Code     6  stm32f10x_tim.o(i.TIM_ClearITPendingBit)
    TIM_Cmd                                  0x0800143f   Thumb Code    24  stm32f10x_tim.o(i.TIM_Cmd)
    TIM_CtrlPWMOutputs                       0x08001457   Thumb Code    30  stm32f10x_tim.o(i.TIM_CtrlPWMOutputs)
    TIM_GetCounter                           0x08001475   Thumb Code     6  stm32f10x_tim.o(i.TIM_GetCounter)
    TIM_GetITStatus                          0x0800147b   Thumb Code    34  stm32f10x_tim.o(i.TIM_GetITStatus)
    TIM_ITConfig                             0x0800149d   Thumb Code    18  stm32f10x_tim.o(i.TIM_ITConfig)
    TIM_OC1Init                              0x080014b1   Thumb Code   132  stm32f10x_tim.o(i.TIM_OC1Init)
    TIM_OC1PreloadConfig                     0x08001549   Thumb Code    18  stm32f10x_tim.o(i.TIM_OC1PreloadConfig)
    TIM_OCStructInit                         0x0800155b   Thumb Code    20  stm32f10x_tim.o(i.TIM_OCStructInit)
    TIM_SetCompare1                          0x0800156f   Thumb Code     4  stm32f10x_tim.o(i.TIM_SetCompare1)
    TIM_SetCounter                           0x08001573   Thumb Code     4  stm32f10x_tim.o(i.TIM_SetCounter)
    TIM_TimeBaseInit                         0x08001579   Thumb Code   122  stm32f10x_tim.o(i.TIM_TimeBaseInit)
    TIM_TimeBaseStructInit                   0x0800161d   Thumb Code    18  stm32f10x_tim.o(i.TIM_TimeBaseStructInit)
    Timer2_init                              0x0800162f   Thumb Code   100  timer.o(i.Timer2_init)
    Timer_Init                               0x08001695   Thumb Code   110  timer.o(i.Timer_Init)
    UsageFault_Handler                       0x08001709   Thumb Code     4  stm32f10x_it.o(i.UsageFault_Handler)
    Write_Seg                                0x0800170d   Thumb Code    28  seg.o(i.Write_Seg)
    _is_digit                                0x0800172d   Thumb Code    14  __printf_wp.o(i._is_digit)
    button_attach                            0x0800173b   Thumb Code    10  multibutton.o(i.button_attach)
    button_init                              0x0800198f   Thumb Code    62  multibutton.o(i.button_init)
    button_start                             0x080019cd   Thumb Code    38  multibutton.o(i.button_start)
    button_ticks                             0x080019f9   Thumb Code    22  multibutton.o(i.button_ticks)
    light_dist                               0x08001a81   Thumb Code   136  led.o(i.light_dist)
    linear_compensation_function             0x08001b15   Thumb Code    32  sr03.o(i.linear_compensation_function)
    main                                     0x08001b39   Thumb Code   772  main.o(i.main)
    median_filter                            0x08001ecd   Thumb Code   138  sr03.o(i.median_filter)
    moving_filter                            0x08001f5d   Thumb Code   108  sr03.o(i.moving_filter)
    read_button_GPIO                         0x08001fd1   Thumb Code    52  key.o(i.read_button_GPIO)
    __aeabi_d2f                              0x0800200d   Thumb Code     0  d2f.o(x$fpl$d2f)
    _d2f                                     0x0800200d   Thumb Code    98  d2f.o(x$fpl$d2f)
    __aeabi_dadd                             0x08002071   Thumb Code     0  daddsub_clz.o(x$fpl$dadd)
    _dadd                                    0x08002071   Thumb Code   332  daddsub_clz.o(x$fpl$dadd)
    __aeabi_ddiv                             0x080021c1   Thumb Code     0  ddiv.o(x$fpl$ddiv)
    _ddiv                                    0x080021c1   Thumb Code   552  ddiv.o(x$fpl$ddiv)
    __aeabi_d2iz                             0x08002471   Thumb Code     0  dfix.o(x$fpl$dfix)
    _dfix                                    0x08002471   Thumb Code    94  dfix.o(x$fpl$dfix)
    __aeabi_i2d                              0x080024cf   Thumb Code     0  dflt_clz.o(x$fpl$dflt)
    _dflt                                    0x080024cf   Thumb Code    46  dflt_clz.o(x$fpl$dflt)
    __aeabi_dmul                             0x080024fd   Thumb Code     0  dmul.o(x$fpl$dmul)
    _dmul                                    0x080024fd   Thumb Code   332  dmul.o(x$fpl$dmul)
    __fpl_dnaninf                            0x08002651   Thumb Code   156  dnaninf.o(x$fpl$dnaninf)
    __fpl_dretinf                            0x080026ed   Thumb Code    12  dretinf.o(x$fpl$dretinf)
    __aeabi_dsub                             0x080026f9   Thumb Code     0  daddsub_clz.o(x$fpl$dsub)
    _dsub                                    0x080026f9   Thumb Code   464  daddsub_clz.o(x$fpl$dsub)
    __aeabi_f2d                              0x080028cd   Thumb Code     0  f2d.o(x$fpl$f2d)
    _f2d                                     0x080028cd   Thumb Code    86  f2d.o(x$fpl$f2d)
    __aeabi_fadd                             0x08002925   Thumb Code     0  faddsub_clz.o(x$fpl$fadd)
    _fadd                                    0x08002925   Thumb Code   196  faddsub_clz.o(x$fpl$fadd)
    __fpl_fcmp_Inf                           0x080029e9   Thumb Code    24  fcmpi.o(x$fpl$fcmpinf)
    __aeabi_fdiv                             0x08002a01   Thumb Code     0  fdiv.o(x$fpl$fdiv)
    _fdiv                                    0x08002a01   Thumb Code   384  fdiv.o(x$fpl$fdiv)
    __aeabi_f2iz                             0x08002b85   Thumb Code     0  ffix.o(x$fpl$ffix)
    _ffix                                    0x08002b85   Thumb Code    54  ffix.o(x$fpl$ffix)
    __aeabi_f2uiz                            0x08002bbd   Thumb Code     0  ffixu.o(x$fpl$ffixu)
    _ffixu                                   0x08002bbd   Thumb Code    62  ffixu.o(x$fpl$ffixu)
    __aeabi_i2f                              0x08002bfd   Thumb Code     0  fflt_clz.o(x$fpl$fflt)
    _fflt                                    0x08002bfd   Thumb Code    48  fflt_clz.o(x$fpl$fflt)
    __aeabi_ui2f                             0x08002c2d   Thumb Code     0  fflt_clz.o(x$fpl$ffltu)
    _ffltu                                   0x08002c2d   Thumb Code    38  fflt_clz.o(x$fpl$ffltu)
    __aeabi_cfcmple                          0x08002c55   Thumb Code     0  fleqf.o(x$fpl$fleqf)
    _fcmple                                  0x08002c55   Thumb Code   104  fleqf.o(x$fpl$fleqf)
    __fpl_fcmple_InfNaN                      0x08002ca7   Thumb Code     0  fleqf.o(x$fpl$fleqf)
    __aeabi_fmul                             0x08002cbd   Thumb Code     0  fmul.o(x$fpl$fmul)
    _fmul                                    0x08002cbd   Thumb Code   258  fmul.o(x$fpl$fmul)
    __fpl_fnaninf                            0x08002dbf   Thumb Code   140  fnaninf.o(x$fpl$fnaninf)
    __fpl_fretinf                            0x08002e4b   Thumb Code    10  fretinf.o(x$fpl$fretinf)
    __aeabi_cfrcmple                         0x08002e55   Thumb Code     0  frleqf.o(x$fpl$frleqf)
    _frcmple                                 0x08002e55   Thumb Code    98  frleqf.o(x$fpl$frleqf)
    __aeabi_fsub                             0x08002eb9   Thumb Code     0  faddsub_clz.o(x$fpl$fsub)
    _fsub                                    0x08002eb9   Thumb Code   234  faddsub_clz.o(x$fpl$fsub)
    F6x8                                     0x08002fa2   Data         552  oled.o(.constdata)
    __I$use$fp                               0x08002fa2   Number         0  usenofp.o(x$fpl$usenofp)
    F8X16                                    0x080031ca   Data        1520  oled.o(.constdata)
    Hzk                                      0x080037ba   Data        1376  oled.o(.constdata)
    hz                                       0x08003d1a   Data         173  oled.o(.constdata)
    DISP_TAB                                 0x08003dc7   Data          23  seg.o(.constdata)
    Region$$Table$$Base                      0x08003df0   Number         0  anon$$obj.o(Region$$Table)
    Region$$Table$$Limit                     0x08003e10   Number         0  anon$$obj.o(Region$$Table)
    Distance                                 0x20000000   Data           4  sr03.o(.data)
    DHT11                                    0x2000000c   Data           4  ht11.o(.data)
    CNT                                      0x20000014   Data           2  timer.o(.data)
    compare                                  0x20000018   Data           4  beep.o(.data)
    Key_num                                  0x2000001c   Data           1  main.o(.data)
    speed                                    0x20000020   Data           4  main.o(.data)
    flag                                     0x20000024   Data           1  main.o(.data)
    fiter_dist                               0x20000028   Data           4  main.o(.data)
    OLED_Flag                                0x2000002c   Data           4  main.o(.data)
    moving_buffer_index                      0x20000030   Data           4  main.o(.data)
    median_buffer_index                      0x20000034   Data           4  main.o(.data)
    update_time                              0x20000038   Data           4  main.o(.data)
    last_update_time                         0x2000003c   Data           4  main.o(.data)
    update_time1                             0x20000040   Data           4  main.o(.data)
    last_update_time1                        0x20000044   Data           4  main.o(.data)
    Key_flag                                 0x20000048   Data           4  main.o(.data)
    moving_filter_dist                       0x2000004c   Data           4  main.o(.data)
    actual_dist                              0x20000050   Data           4  main.o(.data)
    median_filter_dist                       0x20000054   Data           4  main.o(.data)
    btn1                                     0x20000058   Data          44  key.o(.bss)
    btn2                                     0x20000084   Data          44  key.o(.bss)
    btn3                                     0x200000b0   Data          44  key.o(.bss)
    median_Dist_buffer                       0x200000dc   Data         200  main.o(.bss)
    moving_Dist_buffer                       0x200001a4   Data         200  main.o(.bss)
    Temp_buffer                              0x2000026c   Data          50  main.o(.bss)
    Tum_buffer                               0x2000029e   Data          50  main.o(.bss)
    Uart_buffer                              0x200002d0   Data         100  main.o(.bss)
    __libspace_start                         0x20000334   Data          96  libspace.o(.bss)
    __temporary_stack_top$libspace           0x20000394   Data           0  libspace.o(.bss)



==============================================================================

Memory Map of the image

  Image Entry point : 0x080000ed

  Load Region LR_IROM1 (Base: 0x08000000, Size: 0x00003e68, Max: 0x00010000, ABSOLUTE)

    Execution Region ER_IROM1 (Exec base: 0x08000000, Load base: 0x08000000, Size: 0x00003e10, Max: 0x00010000, ABSOLUTE)

    Exec Addr    Load Addr    Size         Type   Attr      Idx    E Section Name        Object

    0x08000000   0x08000000   0x000000ec   Data   RO            3    RESET               startup_stm32f10x_md.o
    0x080000ec   0x080000ec   0x00000008   Code   RO         3966  * !!!main             c_w.l(__main.o)
    0x080000f4   0x080000f4   0x00000034   Code   RO         4199    !!!scatter          c_w.l(__scatter.o)
    0x08000128   0x08000128   0x0000001a   Code   RO         4201    !!handler_copy      c_w.l(__scatter_copy.o)
    0x08000142   0x08000142   0x00000002   PAD
    0x08000144   0x08000144   0x0000001c   Code   RO         4203    !!handler_zi        c_w.l(__scatter_zi.o)
    0x08000160   0x08000160   0x00000000   Code   RO         3961    .ARM.Collect$$_printf_percent$$00000000  c_w.l(_printf_percent.o)
    0x08000160   0x08000160   0x00000006   Code   RO         3960    .ARM.Collect$$_printf_percent$$00000009  c_w.l(_printf_d.o)
    0x08000166   0x08000166   0x00000004   Code   RO         4031    .ARM.Collect$$_printf_percent$$00000017  c_w.l(_printf_percent_end.o)
    0x0800016a   0x0800016a   0x00000002   Code   RO         4069    .ARM.Collect$$libinit$$00000000  c_w.l(libinit.o)
    0x0800016c   0x0800016c   0x00000000   Code   RO         4076    .ARM.Collect$$libinit$$00000002  c_w.l(libinit2.o)
    0x0800016c   0x0800016c   0x00000000   Code   RO         4078    .ARM.Collect$$libinit$$00000004  c_w.l(libinit2.o)
    0x0800016c   0x0800016c   0x00000000   Code   RO         4081    .ARM.Collect$$libinit$$0000000A  c_w.l(libinit2.o)
    0x0800016c   0x0800016c   0x00000000   Code   RO         4083    .ARM.Collect$$libinit$$0000000C  c_w.l(libinit2.o)
    0x0800016c   0x0800016c   0x00000000   Code   RO         4085    .ARM.Collect$$libinit$$0000000E  c_w.l(libinit2.o)
    0x0800016c   0x0800016c   0x00000000   Code   RO         4088    .ARM.Collect$$libinit$$00000011  c_w.l(libinit2.o)
    0x0800016c   0x0800016c   0x00000000   Code   RO         4090    .ARM.Collect$$libinit$$00000013  c_w.l(libinit2.o)
    0x0800016c   0x0800016c   0x00000000   Code   RO         4092    .ARM.Collect$$libinit$$00000015  c_w.l(libinit2.o)
    0x0800016c   0x0800016c   0x00000000   Code   RO         4094    .ARM.Collect$$libinit$$00000017  c_w.l(libinit2.o)
    0x0800016c   0x0800016c   0x00000000   Code   RO         4096    .ARM.Collect$$libinit$$00000019  c_w.l(libinit2.o)
    0x0800016c   0x0800016c   0x00000000   Code   RO         4098    .ARM.Collect$$libinit$$0000001B  c_w.l(libinit2.o)
    0x0800016c   0x0800016c   0x00000000   Code   RO         4100    .ARM.Collect$$libinit$$0000001D  c_w.l(libinit2.o)
    0x0800016c   0x0800016c   0x00000000   Code   RO         4102    .ARM.Collect$$libinit$$0000001F  c_w.l(libinit2.o)
    0x0800016c   0x0800016c   0x00000000   Code   RO         4104    .ARM.Collect$$libinit$$00000021  c_w.l(libinit2.o)
    0x0800016c   0x0800016c   0x00000000   Code   RO         4106    .ARM.Collect$$libinit$$00000023  c_w.l(libinit2.o)
    0x0800016c   0x0800016c   0x00000000   Code   RO         4108    .ARM.Collect$$libinit$$00000025  c_w.l(libinit2.o)
    0x0800016c   0x0800016c   0x00000000   Code   RO         4112    .ARM.Collect$$libinit$$0000002C  c_w.l(libinit2.o)
    0x0800016c   0x0800016c   0x00000000   Code   RO         4114    .ARM.Collect$$libinit$$0000002E  c_w.l(libinit2.o)
    0x0800016c   0x0800016c   0x00000000   Code   RO         4116    .ARM.Collect$$libinit$$00000030  c_w.l(libinit2.o)
    0x0800016c   0x0800016c   0x00000000   Code   RO         4118    .ARM.Collect$$libinit$$00000032  c_w.l(libinit2.o)
    0x0800016c   0x0800016c   0x00000002   Code   RO         4119    .ARM.Collect$$libinit$$00000033  c_w.l(libinit2.o)
    0x0800016e   0x0800016e   0x00000002   Code   RO         4139    .ARM.Collect$$libshutdown$$00000000  c_w.l(libshutdown.o)
    0x08000170   0x08000170   0x00000000   Code   RO         4152    .ARM.Collect$$libshutdown$$00000002  c_w.l(libshutdown2.o)
    0x08000170   0x08000170   0x00000000   Code   RO         4154    .ARM.Collect$$libshutdown$$00000004  c_w.l(libshutdown2.o)
    0x08000170   0x08000170   0x00000000   Code   RO         4157    .ARM.Collect$$libshutdown$$00000007  c_w.l(libshutdown2.o)
    0x08000170   0x08000170   0x00000000   Code   RO         4160    .ARM.Collect$$libshutdown$$0000000A  c_w.l(libshutdown2.o)
    0x08000170   0x08000170   0x00000000   Code   RO         4162    .ARM.Collect$$libshutdown$$0000000C  c_w.l(libshutdown2.o)
    0x08000170   0x08000170   0x00000000   Code   RO         4165    .ARM.Collect$$libshutdown$$0000000F  c_w.l(libshutdown2.o)
    0x08000170   0x08000170   0x00000002   Code   RO         4166    .ARM.Collect$$libshutdown$$00000010  c_w.l(libshutdown2.o)
    0x08000172   0x08000172   0x00000000   Code   RO         4024    .ARM.Collect$$rtentry$$00000000  c_w.l(__rtentry.o)
    0x08000172   0x08000172   0x00000000   Code   RO         4044    .ARM.Collect$$rtentry$$00000002  c_w.l(__rtentry2.o)
    0x08000172   0x08000172   0x00000006   Code   RO         4056    .ARM.Collect$$rtentry$$00000004  c_w.l(__rtentry4.o)
    0x08000178   0x08000178   0x00000000   Code   RO         4046    .ARM.Collect$$rtentry$$00000009  c_w.l(__rtentry2.o)
    0x08000178   0x08000178   0x00000004   Code   RO         4047    .ARM.Collect$$rtentry$$0000000A  c_w.l(__rtentry2.o)
    0x0800017c   0x0800017c   0x00000000   Code   RO         4049    .ARM.Collect$$rtentry$$0000000C  c_w.l(__rtentry2.o)
    0x0800017c   0x0800017c   0x00000008   Code   RO         4050    .ARM.Collect$$rtentry$$0000000D  c_w.l(__rtentry2.o)
    0x08000184   0x08000184   0x00000002   Code   RO         4073    .ARM.Collect$$rtexit$$00000000  c_w.l(rtexit.o)
    0x08000186   0x08000186   0x00000000   Code   RO         4121    .ARM.Collect$$rtexit$$00000002  c_w.l(rtexit2.o)
    0x08000186   0x08000186   0x00000004   Code   RO         4122    .ARM.Collect$$rtexit$$00000003  c_w.l(rtexit2.o)
    0x0800018a   0x0800018a   0x00000006   Code   RO         4123    .ARM.Collect$$rtexit$$00000004  c_w.l(rtexit2.o)
    0x08000190   0x08000190   0x00000040   Code   RO            4    .text               startup_stm32f10x_md.o
    0x080001d0   0x080001d0   0x00000028   Code   RO         3932    .text               c_w.l(noretval__2sprintf.o)
    0x080001f8   0x080001f8   0x0000004e   Code   RO         3936    .text               c_w.l(_printf_pad.o)
    0x08000246   0x08000246   0x00000002   PAD
    0x08000248   0x08000248   0x00000078   Code   RO         3938    .text               c_w.l(_printf_dec.o)
    0x080002c0   0x080002c0   0x00000138   Code   RO         3952    .text               c_w.l(__printf_flags_wp.o)
    0x080003f8   0x080003f8   0x0000004e   Code   RO         3962    .text               c_w.l(rt_memclr_w.o)
    0x08000446   0x08000446   0x00000006   Code   RO         3964    .text               c_w.l(heapauxi.o)
    0x0800044c   0x0800044c   0x000000b2   Code   RO         4025    .text               c_w.l(_printf_intcommon.o)
    0x080004fe   0x080004fe   0x00000002   PAD
    0x08000500   0x08000500   0x00000030   Code   RO         4027    .text               c_w.l(_printf_char_common.o)
    0x08000530   0x08000530   0x0000000a   Code   RO         4029    .text               c_w.l(_sputc.o)
    0x0800053a   0x0800053a   0x0000004a   Code   RO         4060    .text               c_w.l(sys_stackheap_outer.o)
    0x08000584   0x08000584   0x00000012   Code   RO         4062    .text               c_w.l(exit.o)
    0x08000596   0x08000596   0x00000002   PAD
    0x08000598   0x08000598   0x00000008   Code   RO         4070    .text               c_w.l(libspace.o)
    0x080005a0   0x080005a0   0x0000000c   Code   RO         4131    .text               c_w.l(sys_exit.o)
    0x080005ac   0x080005ac   0x00000002   Code   RO         4142    .text               c_w.l(use_no_semi.o)
    0x080005ae   0x080005ae   0x00000000   Code   RO         4144    .text               c_w.l(indicate_semi.o)
    0x080005ae   0x080005ae   0x00000002   PAD
    0x080005b0   0x080005b0   0x00000024   Code   RO         3795    i.BTN1_SINGLEClick_Handler  main.o
    0x080005d4   0x080005d4   0x0000001c   Code   RO         3796    i.BTN2_SINGLEClick_Handler  main.o
    0x080005f0   0x080005f0   0x0000000a   Code   RO         3797    i.BTN3_SINGLEClick_Handler  main.o
    0x080005fa   0x080005fa   0x00000002   PAD
    0x080005fc   0x080005fc   0x000000a4   Code   RO         3768    i.Beep_Init         beep.o
    0x080006a0   0x080006a0   0x00000004   Code   RO         3865    i.BusFault_Handler  stm32f10x_it.o
    0x080006a4   0x080006a4   0x000000bc   Code   RO         3583    i.DHT11_ReadData    ht11.o
    0x08000760   0x08000760   0x00000018   Code   RO         3584    i.DHT11_init        ht11.o
    0x08000778   0x08000778   0x0000002c   Code   RO         3585    i.DHT_INPUT         ht11.o
    0x080007a4   0x080007a4   0x0000002c   Code   RO         3586    i.DHT_OUTPUT_PP     ht11.o
    0x080007d0   0x080007d0   0x00000002   Code   RO         3866    i.DebugMon_Handler  stm32f10x_it.o
    0x080007d2   0x080007d2   0x0000001a   Code   RO         3350    i.Delay_1ms         oled.o
    0x080007ec   0x080007ec   0x00000018   Code   RO         3196    i.Delay_ms          delay.o
    0x08000804   0x08000804   0x0000002e   Code   RO         3198    i.Delay_us          delay.o
    0x08000832   0x08000832   0x00000002   PAD
    0x08000834   0x08000834   0x00000060   Code   RO         3769    i.Dist_tocompare    beep.o
    0x08000894   0x08000894   0x00000088   Code   RO         3534    i.EXTI2_IRQHandler  sr03.o
    0x0800091c   0x0800091c   0x0000000c   Code   RO          985    i.EXTI_ClearITPendingBit  stm32f10x_exti.o
    0x08000928   0x08000928   0x00000028   Code   RO          989    i.EXTI_GetITStatus  stm32f10x_exti.o
    0x08000950   0x08000950   0x00000094   Code   RO          990    i.EXTI_Init         stm32f10x_exti.o
    0x080009e4   0x080009e4   0x00000040   Code   RO         1344    i.GPIO_EXTILineConfig  stm32f10x_gpio.o
    0x08000a24   0x08000a24   0x00000116   Code   RO         1347    i.GPIO_Init         stm32f10x_gpio.o
    0x08000b3a   0x08000b3a   0x00000012   Code   RO         1351    i.GPIO_ReadInputDataBit  stm32f10x_gpio.o
    0x08000b4c   0x08000b4c   0x00000004   Code   RO         1354    i.GPIO_ResetBits    stm32f10x_gpio.o
    0x08000b50   0x08000b50   0x00000004   Code   RO         1355    i.GPIO_SetBits      stm32f10x_gpio.o
    0x08000b54   0x08000b54   0x00000004   Code   RO         3867    i.HardFault_Handler  stm32f10x_it.o
    0x08000b58   0x08000b58   0x00000030   Code   RO         3720    i.JTAG_SW_init      jtag.o
    0x08000b88   0x08000b88   0x0000002c   Code   RO         3298    i.Key_1_2_Init      key.o
    0x08000bb4   0x08000bb4   0x0000002c   Code   RO         3299    i.Key_3_Init        key.o
    0x08000be0   0x08000be0   0x00000014   Code   RO         3221    i.LED1_ON           led.o
    0x08000bf4   0x08000bf4   0x00000014   Code   RO         3223    i.LED2_OFF          led.o
    0x08000c08   0x08000c08   0x00000014   Code   RO         3224    i.LED2_ON           led.o
    0x08000c1c   0x08000c1c   0x00000014   Code   RO         3226    i.LED3_OFF          led.o
    0x08000c30   0x08000c30   0x00000014   Code   RO         3227    i.LED3_ON           led.o
    0x08000c44   0x08000c44   0x00000014   Code   RO         3228    i.LED4_OFF          led.o
    0x08000c58   0x08000c58   0x00000014   Code   RO         3229    i.LED4_ON           led.o
    0x08000c6c   0x08000c6c   0x00000038   Code   RO         3230    i.LED_Init          led.o
    0x08000ca4   0x08000ca4   0x00000004   Code   RO         3868    i.MemManage_Handler  stm32f10x_it.o
    0x08000ca8   0x08000ca8   0x00000002   Code   RO         3869    i.NMI_Handler       stm32f10x_it.o
    0x08000caa   0x08000caa   0x00000002   PAD
    0x08000cac   0x08000cac   0x00000070   Code   RO          137    i.NVIC_Init         misc.o
    0x08000d1c   0x08000d1c   0x0000003e   Code   RO         3352    i.OLED_Clear        oled.o
    0x08000d5a   0x08000d5a   0x00000002   PAD
    0x08000d5c   0x08000d5c   0x00000024   Code   RO         3362    i.OLED_IIC_Start    oled.o
    0x08000d80   0x08000d80   0x00000020   Code   RO         3363    i.OLED_IIC_Stop     oled.o
    0x08000da0   0x08000da0   0x00000018   Code   RO         3364    i.OLED_IIC_Wait_Ack  oled.o
    0x08000db8   0x08000db8   0x00000128   Code   RO         3365    i.OLED_Init         oled.o
    0x08000ee0   0x08000ee0   0x00000028   Code   RO         3368    i.OLED_Set_Pos      oled.o
    0x08000f08   0x08000f08   0x000000a4   Code   RO         3370    i.OLED_ShowChar     oled.o
    0x08000fac   0x08000fac   0x0000003a   Code   RO         3372    i.OLED_ShowString   oled.o
    0x08000fe6   0x08000fe6   0x00000018   Code   RO         3374    i.OLED_WR_Byte      oled.o
    0x08000ffe   0x08000ffe   0x00000002   PAD
    0x08001000   0x08001000   0x00000050   Code   RO         3375    i.OLED_Write_IIC_Byte  oled.o
    0x08001050   0x08001050   0x0000002c   Code   RO         3376    i.OLED_Write_IIC_Command  oled.o
    0x0800107c   0x0800107c   0x0000002c   Code   RO         3377    i.OLED_Write_IIC_Data  oled.o
    0x080010a8   0x080010a8   0x00000002   Code   RO         3870    i.PendSV_Handler    stm32f10x_it.o
    0x080010aa   0x080010aa   0x00000002   PAD
    0x080010ac   0x080010ac   0x00000020   Code   RO         1775    i.RCC_APB1PeriphClockCmd  stm32f10x_rcc.o
    0x080010cc   0x080010cc   0x00000020   Code   RO         1777    i.RCC_APB2PeriphClockCmd  stm32f10x_rcc.o
    0x080010ec   0x080010ec   0x00000070   Code   RO         3738    i.SEG_init          seg.o
    0x0800115c   0x0800115c   0x00000090   Code   RO         3739    i.SPI_ReadWrite     seg.o
    0x080011ec   0x080011ec   0x00000084   Code   RO         3535    i.SR03_Init         sr03.o
    0x08001270   0x08001270   0x00000020   Code   RO         3536    i.SR03_Strat        sr03.o
    0x08001290   0x08001290   0x00000002   Code   RO         3871    i.SVC_Handler       stm32f10x_it.o
    0x08001292   0x08001292   0x00000008   Code   RO           24    i.SetSysClock       system_stm32f10x.o
    0x0800129a   0x0800129a   0x00000002   PAD
    0x0800129c   0x0800129c   0x000000e0   Code   RO           25    i.SetSysClockTo72   system_stm32f10x.o
    0x0800137c   0x0800137c   0x00000014   Code   RO         3770    i.Set_Beep_compare  beep.o
    0x08001390   0x08001390   0x00000002   Code   RO         3872    i.SysTick_Handler   stm32f10x_it.o
    0x08001392   0x08001392   0x00000002   PAD
    0x08001394   0x08001394   0x00000060   Code   RO           27    i.SystemInit        system_stm32f10x.o
    0x080013f4   0x080013f4   0x00000028   Code   RO         3684    i.TIM2_IRQHandler   timer.o
    0x0800141c   0x0800141c   0x0000001c   Code   RO         3685    i.TIM3_IRQHandler   timer.o
    0x08001438   0x08001438   0x00000006   Code   RO         2416    i.TIM_ClearITPendingBit  stm32f10x_tim.o
    0x0800143e   0x0800143e   0x00000018   Code   RO         2421    i.TIM_Cmd           stm32f10x_tim.o
    0x08001456   0x08001456   0x0000001e   Code   RO         2423    i.TIM_CtrlPWMOutputs  stm32f10x_tim.o
    0x08001474   0x08001474   0x00000006   Code   RO         2440    i.TIM_GetCounter    stm32f10x_tim.o
    0x0800147a   0x0800147a   0x00000022   Code   RO         2442    i.TIM_GetITStatus   stm32f10x_tim.o
    0x0800149c   0x0800149c   0x00000012   Code   RO         2446    i.TIM_ITConfig      stm32f10x_tim.o
    0x080014ae   0x080014ae   0x00000002   PAD
    0x080014b0   0x080014b0   0x00000098   Code   RO         2450    i.TIM_OC1Init       stm32f10x_tim.o
    0x08001548   0x08001548   0x00000012   Code   RO         2453    i.TIM_OC1PreloadConfig  stm32f10x_tim.o
    0x0800155a   0x0800155a   0x00000014   Code   RO         2468    i.TIM_OCStructInit  stm32f10x_tim.o
    0x0800156e   0x0800156e   0x00000004   Code   RO         2482    i.TIM_SetCompare1   stm32f10x_tim.o
    0x08001572   0x08001572   0x00000004   Code   RO         2486    i.TIM_SetCounter    stm32f10x_tim.o
    0x08001576   0x08001576   0x00000002   PAD
    0x08001578   0x08001578   0x000000a4   Code   RO         2492    i.TIM_TimeBaseInit  stm32f10x_tim.o
    0x0800161c   0x0800161c   0x00000012   Code   RO         2493    i.TIM_TimeBaseStructInit  stm32f10x_tim.o
    0x0800162e   0x0800162e   0x00000064   Code   RO         3686    i.Timer2_init       timer.o
    0x08001692   0x08001692   0x00000002   PAD
    0x08001694   0x08001694   0x00000074   Code   RO         3687    i.Timer_Init        timer.o
    0x08001708   0x08001708   0x00000004   Code   RO         3873    i.UsageFault_Handler  stm32f10x_it.o
    0x0800170c   0x0800170c   0x00000020   Code   RO         3740    i.Write_Seg         seg.o
    0x0800172c   0x0800172c   0x0000000e   Code   RO         3950    i._is_digit         c_w.l(__printf_wp.o)
    0x0800173a   0x0800173a   0x0000000a   Code   RO         3635    i.button_attach     multibutton.o
    0x08001744   0x08001744   0x0000024a   Code   RO         3636    i.button_handler    multibutton.o
    0x0800198e   0x0800198e   0x0000003e   Code   RO         3637    i.button_init       multibutton.o
    0x080019cc   0x080019cc   0x0000002c   Code   RO         3638    i.button_start      multibutton.o
    0x080019f8   0x080019f8   0x0000001c   Code   RO         3640    i.button_ticks      multibutton.o
    0x08001a14   0x08001a14   0x0000004c   Code   RO         3587    i.dht11_read_bit    ht11.o
    0x08001a60   0x08001a60   0x0000001e   Code   RO         3588    i.dht11_read_byte   ht11.o
    0x08001a7e   0x08001a7e   0x00000002   PAD
    0x08001a80   0x08001a80   0x00000094   Code   RO         3231    i.light_dist        led.o
    0x08001b14   0x08001b14   0x00000024   Code   RO         3537    i.linear_compensation_function  sr03.o
    0x08001b38   0x08001b38   0x00000394   Code   RO         3798    i.main              main.o
    0x08001ecc   0x08001ecc   0x00000090   Code   RO         3538    i.median_filter     sr03.o
    0x08001f5c   0x08001f5c   0x00000074   Code   RO         3539    i.moving_filter     sr03.o
    0x08001fd0   0x08001fd0   0x0000003c   Code   RO         3301    i.read_button_GPIO  key.o
    0x0800200c   0x0800200c   0x00000062   Code   RO         3968    x$fpl$d2f           fz_ws.l(d2f.o)
    0x0800206e   0x0800206e   0x00000002   PAD
    0x08002070   0x08002070   0x00000150   Code   RO         3970    x$fpl$dadd          fz_ws.l(daddsub_clz.o)
    0x080021c0   0x080021c0   0x000002b0   Code   RO         3977    x$fpl$ddiv          fz_ws.l(ddiv.o)
    0x08002470   0x08002470   0x0000005e   Code   RO         3980    x$fpl$dfix          fz_ws.l(dfix.o)
    0x080024ce   0x080024ce   0x0000002e   Code   RO         3985    x$fpl$dflt          fz_ws.l(dflt_clz.o)
    0x080024fc   0x080024fc   0x00000154   Code   RO         3990    x$fpl$dmul          fz_ws.l(dmul.o)
    0x08002650   0x08002650   0x0000009c   Code   RO         4032    x$fpl$dnaninf       fz_ws.l(dnaninf.o)
    0x080026ec   0x080026ec   0x0000000c   Code   RO         4034    x$fpl$dretinf       fz_ws.l(dretinf.o)
    0x080026f8   0x080026f8   0x000001d4   Code   RO         3972    x$fpl$dsub          fz_ws.l(daddsub_clz.o)
    0x080028cc   0x080028cc   0x00000056   Code   RO         3992    x$fpl$f2d           fz_ws.l(f2d.o)
    0x08002922   0x08002922   0x00000002   PAD
    0x08002924   0x08002924   0x000000c4   Code   RO         3994    x$fpl$fadd          fz_ws.l(faddsub_clz.o)
    0x080029e8   0x080029e8   0x00000018   Code   RO         4036    x$fpl$fcmpinf       fz_ws.l(fcmpi.o)
    0x08002a00   0x08002a00   0x00000184   Code   RO         4001    x$fpl$fdiv          fz_ws.l(fdiv.o)
    0x08002b84   0x08002b84   0x00000036   Code   RO         4004    x$fpl$ffix          fz_ws.l(ffix.o)
    0x08002bba   0x08002bba   0x00000002   PAD
    0x08002bbc   0x08002bbc   0x0000003e   Code   RO         4008    x$fpl$ffixu         fz_ws.l(ffixu.o)
    0x08002bfa   0x08002bfa   0x00000002   PAD
    0x08002bfc   0x08002bfc   0x00000030   Code   RO         4013    x$fpl$fflt          fz_ws.l(fflt_clz.o)
    0x08002c2c   0x08002c2c   0x00000026   Code   RO         4012    x$fpl$ffltu         fz_ws.l(fflt_clz.o)
    0x08002c52   0x08002c52   0x00000002   PAD
    0x08002c54   0x08002c54   0x00000068   Code   RO         4018    x$fpl$fleqf         fz_ws.l(fleqf.o)
    0x08002cbc   0x08002cbc   0x00000102   Code   RO         4020    x$fpl$fmul          fz_ws.l(fmul.o)
    0x08002dbe   0x08002dbe   0x0000008c   Code   RO         4038    x$fpl$fnaninf       fz_ws.l(fnaninf.o)
    0x08002e4a   0x08002e4a   0x0000000a   Code   RO         4040    x$fpl$fretinf       fz_ws.l(fretinf.o)
    0x08002e54   0x08002e54   0x00000062   Code   RO         4022    x$fpl$frleqf        fz_ws.l(frleqf.o)
    0x08002eb6   0x08002eb6   0x00000002   PAD
    0x08002eb8   0x08002eb8   0x000000ea   Code   RO         3996    x$fpl$fsub          fz_ws.l(faddsub_clz.o)
    0x08002fa2   0x08002fa2   0x00000000   Code   RO         4042    x$fpl$usenofp       fz_ws.l(usenofp.o)
    0x08002fa2   0x08002fa2   0x00000e25   Data   RO         3379    .constdata          oled.o
    0x08003dc7   0x08003dc7   0x00000017   Data   RO         3741    .constdata          seg.o
    0x08003dde   0x08003dde   0x00000011   Data   RO         3953    .constdata          c_w.l(__printf_flags_wp.o)
    0x08003def   0x08003def   0x00000001   PAD
    0x08003df0   0x08003df0   0x00000020   Data   RO         4197    Region$$Table       anon$$obj.o


    Execution Region RW_IRAM1 (Exec base: 0x20000000, Load base: 0x08003e10, Size: 0x00000998, Max: 0x00005000, ABSOLUTE)

    Exec Addr    Load Addr    Size         Type   Attr      Idx    E Section Name        Object

    0x20000000   0x08003e10   0x0000000c   Data   RW         3540    .data               sr03.o
    0x2000000c   0x08003e1c   0x00000004   Data   RW         3589    .data               ht11.o
    0x20000010   0x08003e20   0x00000004   Data   RW         3642    .data               multibutton.o
    0x20000014   0x08003e24   0x00000002   Data   RW         3688    .data               timer.o
    0x20000016   0x08003e26   0x00000002   PAD
    0x20000018   0x08003e28   0x00000004   Data   RW         3771    .data               beep.o
    0x2000001c   0x08003e2c   0x0000003c   Data   RW         3800    .data               main.o
    0x20000058        -       0x00000084   Zero   RW         3302    .bss                key.o
    0x200000dc        -       0x00000258   Zero   RW         3799    .bss                main.o
    0x20000334        -       0x00000060   Zero   RW         4071    .bss                c_w.l(libspace.o)
    0x20000394   0x08003e68   0x00000004   PAD
    0x20000398        -       0x00000200   Zero   RW            2    HEAP                startup_stm32f10x_md.o
    0x20000598        -       0x00000400   Zero   RW            1    STACK               startup_stm32f10x_md.o


==============================================================================

Image component sizes


      Code (inc. data)   RO Data    RW Data    ZI Data      Debug   Object Name

       280         28          0          4          0       2026   beep.o
         0          0          0          0          0       4500   core_cm3.o
        70          0          0          0          0        986   delay.o
       406         34          0          4          0       4210   ht11.o
        48         10          0          0          0        523   jtag.o
       148         18          0          0        132       2836   key.o
       344         60          0          0          0       4241   led.o
       990        152          0         60        600       5067   main.o
       112         12          0          0          0     206568   misc.o
       730         18          0          4          0       3456   multibutton.o
       930         46       3621          0          0       8717   oled.o
       288         18         23          0          0       2394   seg.o
       596         46          0         12          0       4358   sr03.o
        64         26        236          0       1536        832   startup_stm32f10x_md.o
         0          0          0          0          0       1688   stm32f10x_adc.o
       200         18          0          0          0       4248   stm32f10x_exti.o
       368          4          0          0          0      12590   stm32f10x_gpio.o
        26          0          0          0          0       4018   stm32f10x_it.o
        64         12          0          0          0       1138   stm32f10x_rcc.o
       498         62          0          0          0      28360   stm32f10x_tim.o
       328         28          0          0          0      30665   system_stm32f10x.o
       284         16          0          2          0       2537   timer.o

    ----------------------------------------------------------------------
      6798        608       3912         88       2268     335958   Object Totals
         0          0         32          0          0          0   (incl. Generated)
        24          0          0          2          0          0   (incl. Padding)

    ----------------------------------------------------------------------

      Code (inc. data)   RO Data    RW Data    ZI Data      Debug   Library Member Name

         8          0          0          0          0         68   __main.o
       312          4         17          0          0         92   __printf_flags_wp.o
        14          0          0          0          0         68   __printf_wp.o
         0          0          0          0          0          0   __rtentry.o
        12          0          0          0          0          0   __rtentry2.o
         6          0          0          0          0          0   __rtentry4.o
        52          8          0          0          0          0   __scatter.o
        26          0          0          0          0          0   __scatter_copy.o
        28          0          0          0          0          0   __scatter_zi.o
        48          6          0          0          0         96   _printf_char_common.o
         6          0          0          0          0          0   _printf_d.o
       120         16          0          0          0         92   _printf_dec.o
       178          0          0          0          0         88   _printf_intcommon.o
        78          0          0          0          0        108   _printf_pad.o
         0          0          0          0          0          0   _printf_percent.o
         4          0          0          0          0          0   _printf_percent_end.o
        10          0          0          0          0         68   _sputc.o
        18          0          0          0          0         80   exit.o
         6          0          0          0          0        152   heapauxi.o
         0          0          0          0          0          0   indicate_semi.o
         2          0          0          0          0          0   libinit.o
         2          0          0          0          0          0   libinit2.o
         2          0          0          0          0          0   libshutdown.o
         2          0          0          0          0          0   libshutdown2.o
         8          4          0          0         96         68   libspace.o
        40          6          0          0          0         84   noretval__2sprintf.o
        78          0          0          0          0         80   rt_memclr_w.o
         2          0          0          0          0          0   rtexit.o
        10          0          0          0          0          0   rtexit2.o
        12          4          0          0          0         68   sys_exit.o
        74          0          0          0          0         80   sys_stackheap_outer.o
         2          0          0          0          0         68   use_no_semi.o
        98          4          0          0          0         92   d2f.o
       804         16          0          0          0        272   daddsub_clz.o
       688        140          0          0          0        208   ddiv.o
        94          4          0          0          0         92   dfix.o
        46          0          0          0          0         68   dflt_clz.o
       340         12          0          0          0        104   dmul.o
       156          4          0          0          0         92   dnaninf.o
        12          0          0          0          0         68   dretinf.o
        86          4          0          0          0         84   f2d.o
       430          8          0          0          0        168   faddsub_clz.o
        24          0          0          0          0         68   fcmpi.o
       388         76          0          0          0         96   fdiv.o
        54          4          0          0          0         84   ffix.o
        62          4          0          0          0         84   ffixu.o
        86          0          0          0          0        136   fflt_clz.o
       104          4          0          0          0         84   fleqf.o
       258          4          0          0          0         84   fmul.o
       140          4          0          0          0         84   fnaninf.o
        10          0          0          0          0         68   fretinf.o
        98          0          0          0          0         68   frleqf.o
         0          0          0          0          0          0   usenofp.o

    ----------------------------------------------------------------------
      5160        336         18          0        100       3464   Library Totals
        22          0          1          0          4          0   (incl. Padding)

    ----------------------------------------------------------------------

      Code (inc. data)   RO Data    RW Data    ZI Data      Debug   Library Name

      1160         48         17          0         96       1360   c_w.l
      3978        288          0          0          0       2104   fz_ws.l

    ----------------------------------------------------------------------
      5160        336         18          0        100       3464   Library Totals

    ----------------------------------------------------------------------

==============================================================================


      Code (inc. data)   RO Data    RW Data    ZI Data      Debug   

     11958        944       3930         88       2368     332866   Grand Totals
     11958        944       3930         88       2368     332866   ELF Image Totals
     11958        944       3930         88          0          0   ROM Totals

==============================================================================

    Total RO  Size (Code + RO Data)                15888 (  15.52kB)
    Total RW  Size (RW Data + ZI Data)              2456 (   2.40kB)
    Total ROM Size (Code + RO Data + RW Data)      15976 (  15.60kB)

==============================================================================

