<html>
<body>
<pre>
<h1>礦ision Build Log</h1>
<h2>Tool Versions:</h2>
IDE-Version: μVision V5.39.0.0
Copyright (C) 2023 ARM Ltd and ARM Germany GmbH. All rights reserved.
License Information: 西瓜 DELL, 电赛国一, LIC=ATTQ1-CBFKR-63VMB-2Y9NJ-MD3AY-6WKVH
 
Tool Versions:
Toolchain:       MDK-ARM Plus  Version: 5.39.0.0
Toolchain Path:  D:\keil5\ARM\ARMCC\Bin
C Compiler:      Armcc.exe V5.06 update 6 (build 750)
Assembler:       Armasm.exe V5.06 update 6 (build 750)
Linker/Locator:  ArmLink.exe V5.06 update 6 (build 750)
Library Manager: ArmAr.exe V5.06 update 6 (build 750)
Hex Converter:   FromElf.exe V5.06 update 6 (build 750)
CPU DLL:         SARMCM3.DLL V5.39.0.0
Dialog DLL:      DCM.DLL V1.17.5.0
Target DLL:      STLink\ST-LINKIII-KEIL_SWO.dll V3.2.0.0
Dialog DLL:      TCM.DLL V1.56.4.0
 
<h2>Project:</h2>
F:\CIMC西门子嵌入式\2025工业嵌入式开发资料\04 例程模板\All_Project\project\CIMC_GD32_LED_driver.uvprojx
Project File Date:  06/07/2025

<h2>Output:</h2>
*** Using Compiler 'V5.06 update 6 (build 750)', folder: 'D:\keil5\ARM\ARMCC\Bin'
Rebuild target 'CIMC_GD32_LED_driver'
compiling multibutton.c...
compiling struct.c...
compiling Timer.c...
compiling LED.c...
compiling RTC.c...
compiling gd32f4xx_it.c...
compiling main.c...
..\User\main.c(68): warning:  #177-D: variable "data"  was declared but never referenced
  	unsigned char data[]=" ";
..\User\main.c: 1 warning, 0 errors
compiling ADC.c...
compiling SPI.c...
Hardware\SPI.c(103): warning:  #177-D: variable "temp"  was declared but never referenced
  	uint8_t num_of_sector = 0, num_of_single = 0, addr = 0, count = 0, temp = 0;
Hardware\SPI.c(239): warning:  #177-D: variable "temp"  was declared but never referenced
      uint8_t num_of_page = 0, num_of_single = 0, addr = 0, count = 0, temp = 0;
Hardware\SPI.c: 2 warnings, 0 errors
compiling Key.c...
compiling Usart.c...
compiling OLED.c...
Hardware\OLED.c(253): warning:  #167-D: argument of type "char *" is incompatible with parameter of type "unsigned char *"
  	OLED_ShowString(X, Y, String,FontSize);//OLED显示字符数组（字符串）
Hardware\OLED.c: 1 warning, 0 errors
compiling systick.c...
compiling system_gd32f4xx.c...
compiling Function.c...
compiling gd32f4xx_can.c...
compiling gd32f4xx_adc.c...
compiling gd32f4xx_crc.c...
compiling gd32f4xx_ctc.c...
compiling gd32f4xx_enet.c...
compiling gd32f4xx_dma.c...
compiling gd32f4xx_fmc.c...
compiling gd32f4xx_dbg.c...
compiling gd32f4xx_dac.c...
compiling gd32f4xx_dci.c...
compiling gd32f4xx_fwdgt.c...
compiling gd32f4xx_exmc.c...
compiling gd32f4xx_exti.c...
compiling gd32f4xx_gpio.c...
compiling gd32f4xx_i2c.c...
compiling gd32f4xx_ipa.c...
compiling gd32f4xx_iref.c...
compiling gd32f4xx_misc.c...
compiling gd32f4xx_spi.c...
compiling gd32f4xx_timer.c...
compiling gd32f4xx_rcu.c...
compiling gd32f4xx_sdio.c...
compiling gd32f4xx_syscfg.c...
compiling gd32f4xx_tli.c...
compiling gd32f4xx_rtc.c...
compiling gd32f4xx_pmu.c...
assembling startup_gd32f450_470.s...
compiling gd32f4xx_wwdgt.c...
compiling gd32f4xx_usart.c...
compiling gd32f4xx_trng.c...
linking...
Program Size: Code=10260 RO-data=8612 RW-data=40 ZI-data=1864  
".\Objects\CIMC_GD32_LED_driver.axf" - 0 Error(s), 4 Warning(s).

<h2>Software Packages used:</h2>

Package Vendor: ARM
                http://www.keil.com/pack/ARM.CMSIS.5.9.0.pack
                ARM::CMSIS@5.9.0
                CMSIS (Common Microcontroller Software Interface Standard)
   * Component: CORE Version: 5.6.0

Package Vendor: GigaDevice
                https://gd32mcu.com/data/documents/pack/GigaDevice.GD32F4xx_DFP.3.0.3.pack
                GigaDevice::GD32F4xx_DFP@3.0.3
                GigaDevice GD32F4xx Series Device Support and Examples

<h2>Collection of Component include folders:</h2>
  ./RTE/_CIMC_GD32_LED_driver
  D:/keil5/ARM/PACK/ARM/CMSIS/5.9.0/CMSIS/Core/Include
  D:/keil5/ARM/PACK/GigaDevice/GD32F4xx_DFP/3.0.3/Device/F4XX/Include

<h2>Collection of Component Files used:</h2>

   * Component: ARM::CMSIS:CORE@5.6.0
Build Time Elapsed:  00:04:18
</pre>
</body>
</html>
