Component: ARM Compiler 5.06 update 6 (build 750) Tool: armlink [4d35ed]

==============================================================================

Section Cross References

    startup_stm32f10x_md.o(RESET) refers to startup_stm32f10x_md.o(STACK) for __initial_sp
    startup_stm32f10x_md.o(RESET) refers to startup_stm32f10x_md.o(.text) for Reset_Handler
    startup_stm32f10x_md.o(RESET) refers to stm32f10x_it.o(i.NMI_Handler) for NMI_Handler
    startup_stm32f10x_md.o(RESET) refers to stm32f10x_it.o(i.HardFault_Handler) for HardFault_Handler
    startup_stm32f10x_md.o(RESET) refers to stm32f10x_it.o(i.MemManage_Handler) for MemManage_Handler
    startup_stm32f10x_md.o(RESET) refers to stm32f10x_it.o(i.BusFault_Handler) for BusFault_Handler
    startup_stm32f10x_md.o(RESET) refers to stm32f10x_it.o(i.UsageFault_Handler) for UsageFault_Handler
    startup_stm32f10x_md.o(RESET) refers to stm32f10x_it.o(i.SVC_Handler) for SVC_Handler
    startup_stm32f10x_md.o(RESET) refers to stm32f10x_it.o(i.DebugMon_Handler) for DebugMon_Handler
    startup_stm32f10x_md.o(RESET) refers to stm32f10x_it.o(i.PendSV_Handler) for PendSV_Handler
    startup_stm32f10x_md.o(RESET) refers to stm32f10x_it.o(i.SysTick_Handler) for SysTick_Handler
    startup_stm32f10x_md.o(RESET) refers to hong wai.o(i.EXTI1_IRQHandler) for EXTI1_IRQHandler
    startup_stm32f10x_md.o(RESET) refers to timer.o(i.TIM2_IRQHandler) for TIM2_IRQHandler
    startup_stm32f10x_md.o(.text) refers to system_stm32f10x.o(i.SystemInit) for SystemInit
    startup_stm32f10x_md.o(.text) refers to entry.o(.ARM.Collect$$$$00000000) for __main
    system_stm32f10x.o(i.SetSysClock) refers to system_stm32f10x.o(i.SetSysClockTo72) for SetSysClockTo72
    system_stm32f10x.o(i.SystemCoreClockUpdate) refers to system_stm32f10x.o(.data) for SystemCoreClock
    system_stm32f10x.o(i.SystemInit) refers to system_stm32f10x.o(i.SetSysClock) for SetSysClock
    stm32f10x_adc.o(i.ADC_DeInit) refers to stm32f10x_rcc.o(i.RCC_APB2PeriphResetCmd) for RCC_APB2PeriphResetCmd
    stm32f10x_bkp.o(i.BKP_DeInit) refers to stm32f10x_rcc.o(i.RCC_BackupResetCmd) for RCC_BackupResetCmd
    stm32f10x_can.o(i.CAN_DeInit) refers to stm32f10x_rcc.o(i.RCC_APB1PeriphResetCmd) for RCC_APB1PeriphResetCmd
    stm32f10x_can.o(i.CAN_GetITStatus) refers to stm32f10x_can.o(i.CheckITStatus) for CheckITStatus
    stm32f10x_cec.o(i.CEC_DeInit) refers to stm32f10x_rcc.o(i.RCC_APB1PeriphResetCmd) for RCC_APB1PeriphResetCmd
    stm32f10x_dac.o(i.DAC_DeInit) refers to stm32f10x_rcc.o(i.RCC_APB1PeriphResetCmd) for RCC_APB1PeriphResetCmd
    stm32f10x_flash.o(i.FLASH_EnableWriteProtection) refers to stm32f10x_flash.o(i.FLASH_WaitForLastOperation) for FLASH_WaitForLastOperation
    stm32f10x_flash.o(i.FLASH_EraseAllBank1Pages) refers to stm32f10x_flash.o(i.FLASH_WaitForLastBank1Operation) for FLASH_WaitForLastBank1Operation
    stm32f10x_flash.o(i.FLASH_EraseAllPages) refers to stm32f10x_flash.o(i.FLASH_WaitForLastOperation) for FLASH_WaitForLastOperation
    stm32f10x_flash.o(i.FLASH_EraseOptionBytes) refers to stm32f10x_flash.o(i.FLASH_GetReadOutProtectionStatus) for FLASH_GetReadOutProtectionStatus
    stm32f10x_flash.o(i.FLASH_EraseOptionBytes) refers to stm32f10x_flash.o(i.FLASH_WaitForLastOperation) for FLASH_WaitForLastOperation
    stm32f10x_flash.o(i.FLASH_ErasePage) refers to stm32f10x_flash.o(i.FLASH_WaitForLastOperation) for FLASH_WaitForLastOperation
    stm32f10x_flash.o(i.FLASH_ProgramHalfWord) refers to stm32f10x_flash.o(i.FLASH_WaitForLastOperation) for FLASH_WaitForLastOperation
    stm32f10x_flash.o(i.FLASH_ProgramOptionByteData) refers to stm32f10x_flash.o(i.FLASH_WaitForLastOperation) for FLASH_WaitForLastOperation
    stm32f10x_flash.o(i.FLASH_ProgramWord) refers to stm32f10x_flash.o(i.FLASH_WaitForLastOperation) for FLASH_WaitForLastOperation
    stm32f10x_flash.o(i.FLASH_ReadOutProtection) refers to stm32f10x_flash.o(i.FLASH_WaitForLastOperation) for FLASH_WaitForLastOperation
    stm32f10x_flash.o(i.FLASH_UserOptionByteConfig) refers to stm32f10x_flash.o(i.FLASH_WaitForLastOperation) for FLASH_WaitForLastOperation
    stm32f10x_flash.o(i.FLASH_WaitForLastBank1Operation) refers to stm32f10x_flash.o(i.FLASH_GetBank1Status) for FLASH_GetBank1Status
    stm32f10x_flash.o(i.FLASH_WaitForLastOperation) refers to stm32f10x_flash.o(i.FLASH_GetBank1Status) for FLASH_GetBank1Status
    stm32f10x_gpio.o(i.GPIO_AFIODeInit) refers to stm32f10x_rcc.o(i.RCC_APB2PeriphResetCmd) for RCC_APB2PeriphResetCmd
    stm32f10x_gpio.o(i.GPIO_DeInit) refers to stm32f10x_rcc.o(i.RCC_APB2PeriphResetCmd) for RCC_APB2PeriphResetCmd
    stm32f10x_i2c.o(i.I2C_DeInit) refers to stm32f10x_rcc.o(i.RCC_APB1PeriphResetCmd) for RCC_APB1PeriphResetCmd
    stm32f10x_i2c.o(i.I2C_Init) refers to stm32f10x_rcc.o(i.RCC_GetClocksFreq) for RCC_GetClocksFreq
    stm32f10x_pwr.o(i.PWR_DeInit) refers to stm32f10x_rcc.o(i.RCC_APB1PeriphResetCmd) for RCC_APB1PeriphResetCmd
[...]
    Removing stm32f10x_tim.o(i.TIM_OC1FastConfig), (18 bytes).
    Removing stm32f10x_tim.o(i.TIM_OC1NPolarityConfig), (18 bytes).
    Removing stm32f10x_tim.o(i.TIM_OC1PolarityConfig), (18 bytes).
    Removing stm32f10x_tim.o(i.TIM_OC2FastConfig), (26 bytes).
    Removing stm32f10x_tim.o(i.TIM_OC2Init), (164 bytes).
    Removing stm32f10x_tim.o(i.TIM_OC2NPolarityConfig), (26 bytes).
    Removing stm32f10x_tim.o(i.TIM_OC2PolarityConfig), (26 bytes).
    Removing stm32f10x_tim.o(i.TIM_OC2PreloadConfig), (26 bytes).
    Removing stm32f10x_tim.o(i.TIM_OC3FastConfig), (18 bytes).
    Removing stm32f10x_tim.o(i.TIM_OC3Init), (160 bytes).
    Removing stm32f10x_tim.o(i.TIM_OC3NPolarityConfig), (26 bytes).
    Removing stm32f10x_tim.o(i.TIM_OC3PolarityConfig), (26 bytes).
    Removing stm32f10x_tim.o(i.TIM_OC3PreloadConfig), (18 bytes).
    Removing stm32f10x_tim.o(i.TIM_OC4FastConfig), (26 bytes).
    Removing stm32f10x_tim.o(i.TIM_OC4PolarityConfig), (26 bytes).
    Removing stm32f10x_tim.o(i.TIM_OC4PreloadConfig), (26 bytes).
    Removing stm32f10x_tim.o(i.TIM_PWMIConfig), (124 bytes).
    Removing stm32f10x_tim.o(i.TIM_PrescalerConfig), (6 bytes).
    Removing stm32f10x_tim.o(i.TIM_SelectCCDMA), (24 bytes).
    Removing stm32f10x_tim.o(i.TIM_SelectCOM), (24 bytes).
    Removing stm32f10x_tim.o(i.TIM_SelectHallSensor), (24 bytes).
    Removing stm32f10x_tim.o(i.TIM_SelectInputTrigger), (18 bytes).
    Removing stm32f10x_tim.o(i.TIM_SelectMasterSlaveMode), (18 bytes).
    Removing stm32f10x_tim.o(i.TIM_SelectOCxM), (82 bytes).
    Removing stm32f10x_tim.o(i.TIM_SelectOnePulseMode), (18 bytes).
    Removing stm32f10x_tim.o(i.TIM_SelectOutputTrigger), (18 bytes).
    Removing stm32f10x_tim.o(i.TIM_SelectSlaveMode), (18 bytes).
    Removing stm32f10x_tim.o(i.TIM_SetAutoreload), (4 bytes).
    Removing stm32f10x_tim.o(i.TIM_SetClockDivision), (18 bytes).
    Removing stm32f10x_tim.o(i.TIM_SetCompare2), (4 bytes).
    Removing stm32f10x_tim.o(i.TIM_SetCompare3), (4 bytes).
    Removing stm32f10x_tim.o(i.TIM_SetCounter), (4 bytes).
    Removing stm32f10x_tim.o(i.TIM_SetIC1Prescaler), (18 bytes).
    Removing stm32f10x_tim.o(i.TIM_SetIC2Prescaler), (26 bytes).
    Removing stm32f10x_tim.o(i.TIM_SetIC3Prescaler), (18 bytes).
    Removing stm32f10x_tim.o(i.TIM_SetIC4Prescaler), (26 bytes).
    Removing stm32f10x_tim.o(i.TIM_TIxExternalClockConfig), (62 bytes).
    Removing stm32f10x_tim.o(i.TIM_UpdateDisableConfig), (24 bytes).
    Removing stm32f10x_tim.o(i.TIM_UpdateRequestConfig), (24 bytes).
    Removing stm32f10x_usart.o(i.USART_ClearFlag), (18 bytes).
    Removing stm32f10x_usart.o(i.USART_ClearITPendingBit), (30 bytes).
    Removing stm32f10x_usart.o(i.USART_ClockInit), (34 bytes).
    Removing stm32f10x_usart.o(i.USART_ClockStructInit), (12 bytes).
    Removing stm32f10x_usart.o(i.USART_DMACmd), (18 bytes).
    Removing stm32f10x_usart.o(i.USART_DeInit), (156 bytes).
    Removing stm32f10x_usart.o(i.USART_GetITStatus), (84 bytes).
    Removing stm32f10x_usart.o(i.USART_HalfDuplexCmd), (24 bytes).
    Removing stm32f10x_usart.o(i.USART_IrDACmd), (24 bytes).
    Removing stm32f10x_usart.o(i.USART_IrDAConfig), (18 bytes).
    Removing stm32f10x_usart.o(i.USART_LINBreakDetectLengthConfig), (18 bytes).
    Removing stm32f10x_usart.o(i.USART_LINCmd), (24 bytes).
    Removing stm32f10x_usart.o(i.USART_OneBitMethodCmd), (24 bytes).
    Removing stm32f10x_usart.o(i.USART_OverSampling8Cmd), (22 bytes).
    Removing stm32f10x_usart.o(i.USART_ReceiveData), (10 bytes).
    Removing stm32f10x_usart.o(i.USART_ReceiverWakeUpCmd), (24 bytes).
    Removing stm32f10x_usart.o(i.USART_SendBreak), (10 bytes).
    Removing stm32f10x_usart.o(i.USART_SetAddress), (18 bytes).
    Removing stm32f10x_usart.o(i.USART_SetGuardTime), (16 bytes).
    Removing stm32f10x_usart.o(i.USART_SetPrescaler), (16 bytes).
    Removing stm32f10x_usart.o(i.USART_SmartCardCmd), (24 bytes).
    Removing stm32f10x_usart.o(i.USART_SmartCardNACKCmd), (24 bytes).
    Removing stm32f10x_usart.o(i.USART_StructInit), (24 bytes).
    Removing stm32f10x_usart.o(i.USART_WakeUpConfig), (18 bytes).
    Removing stm32f10x_wwdg.o(i.WWDG_ClearFlag), (12 bytes).
    Removing stm32f10x_wwdg.o(i.WWDG_DeInit), (22 bytes).
    Removing stm32f10x_wwdg.o(i.WWDG_Enable), (16 bytes).
    Removing stm32f10x_wwdg.o(i.WWDG_EnableIT), (12 bytes).
    Removing stm32f10x_wwdg.o(i.WWDG_GetFlagStatus), (12 bytes).
    Removing stm32f10x_wwdg.o(i.WWDG_SetCounter), (16 bytes).
    Removing stm32f10x_wwdg.o(i.WWDG_SetPrescaler), (24 bytes).
    Removing stm32f10x_wwdg.o(i.WWDG_SetWindowValue), (40 bytes).
    Removing delay.o(i.Delay_ms), (24 bytes).
    Removing delay.o(i.Delay_s), (24 bytes).
    Removing delay.o(i.Delay_us), (46 bytes).
    Removing led.o(i.LED1_OFF), (20 bytes).
    Removing led.o(i.LED1_ON), (20 bytes).
    Removing led.o(i.LED1_Turn), (36 bytes).
    Removing led.o(i.LED2_OFF), (20 bytes).
    Removing led.o(i.LED2_ON), (20 bytes).
    Removing led.o(i.LED2_Turn), (40 bytes).
    Removing led.o(i.LED3_OFF), (20 bytes).
    Removing led.o(i.LED3_ON), (20 bytes).
    Removing led.o(i.LED4_OFF), (20 bytes).
    Removing led.o(i.LED4_ON), (20 bytes).
    Removing led.o(i.LED_Init), (56 bytes).
    Removing led.o(i.light_dist), (148 bytes).
    Removing key.o(i.Key_GetNum), (152 bytes).
    Removing key.o(.data), (1 bytes).
    Removing oled.o(i.LCD_write_hzstring), (50 bytes).
    Removing oled.o(i.OLED_Display_Off), (28 bytes).
    Removing oled.o(i.OLED_Display_On), (28 bytes).
    Removing oled.o(i.OLED_DrawBMP), (118 bytes).
    Removing oled.o(i.OLED_DrawBMP1), (56 bytes).
    Removing oled.o(i.OLED_DrawLine), (170 bytes).
    Removing oled.o(i.OLED_DrawLine1), (190 bytes).
    Removing oled.o(i.OLED_DrawPoint), (160 bytes).
    Removing oled.o(i.OLED_DrawPoint1), (120 bytes).
    Removing oled.o(i.OLED_Fill_Picture), (64 bytes).
    Removing oled.o(i.OLED_On), (62 bytes).
    Removing oled.o(i.OLED_Pow), (22 bytes).
    Removing oled.o(i.OLED_ShowCHinese), (168 bytes).
    Removing oled.o(i.OLED_ShowNum), (136 bytes).
    Removing oled.o(i.OLED_Show_Str), (66 bytes).
    Removing oled.o(.bss), (1152 bytes).
    Removing sr03.o(i.SR03_Init), (132 bytes).
    Removing sr03.o(i.SR03_Strat), (32 bytes).
    Removing sr03.o(i.linear_compensation_function), (36 bytes).
    Removing sr03.o(i.median_filter), (144 bytes).
    Removing sr03.o(i.moving_filter), (116 bytes).
    Removing sr03.o(.data), (12 bytes).
    Removing ht11.o(i.DHT11_ReadData), (188 bytes).
    Removing ht11.o(i.DHT11_init), (24 bytes).
    Removing ht11.o(i.DHT_INPUT), (44 bytes).
    Removing ht11.o(i.DHT_OUTPUT_PP), (44 bytes).
    Removing ht11.o(i.dht11_read_bit), (76 bytes).
    Removing ht11.o(i.dht11_read_byte), (30 bytes).
    Removing ht11.o(.data), (4 bytes).
    Removing multibutton.o(i.button_stop), (40 bytes).
    Removing multibutton.o(i.get_button_event), (8 bytes).
    Removing timer.o(i.PWM_SetCompar4), (20 bytes).
    Removing timer.o(i.PWM_SetCompare2), (20 bytes).
    Removing timer.o(i.PWM_SetCompare3), (20 bytes).
    Removing timer.o(.bss), (200 bytes).
    Removing jtag.o(i.JTAG_SW_init), (48 bytes).
    Removing seg.o(i.SEG_init), (112 bytes).
    Removing seg.o(i.SPI_ReadWrite), (144 bytes).
    Removing seg.o(i.Write_Seg), (32 bytes).
    Removing seg.o(.constdata), (23 bytes).
    Removing beep.o(i.Dist_tocompare), (96 bytes).
    Removing beep.o(.data), (4 bytes).
    Removing kerman.o(i.kalman_filter), (300 bytes).
    Removing kerman.o(.data), (28 bytes).
    Removing filter.o(i.ADC_to_LightIntensity), (148 bytes).
    Removing filter.o(i.EWMA_Filter), (72 bytes).
    Removing filter.o(.data), (12 bytes).
    Removing usart.o(i.Serial_Pow), (20 bytes).
    Removing usart.o(i.Serial_Printf), (36 bytes).
    Removing usart.o(i.Serial_SendArray), (28 bytes).
    Removing usart.o(i.Serial_SendNumber), (58 bytes).
    Removing usart.o(i.Serial_SendString), (26 bytes).
    Removing motor.o(i.Motor_Init_Right), (44 bytes).
    Removing motor.o(i.Motor_Left_Control), (76 bytes).
    Removing motor.o(i.Motor_Right_Control), (76 bytes).
    Removing motor.o(i.Set_Motor_Disable), (28 bytes).
    Removing motor.o(i.get_state_name), (56 bytes).
    Removing hong wai.o(i.Hong_Wai_Init), (44 bytes).
    Removing pid.o(i.Angle_pid_realize), (92 bytes).
    Removing pid.o(i.Location_Ring1_out), (48 bytes).
    Removing pid.o(i.Location_Ring2_out), (48 bytes).
    Removing pid.o(i.Location_pid_realize), (136 bytes).
    Removing pid.o(i.PID_Angle_Init), (24 bytes).
    Removing pid.o(i.PID_Angle_SetK), (8 bytes).
    Removing pid.o(i.PID_Location_Init), (24 bytes).
    Removing pid.o(i.PID_Location_SetKd), (4 bytes).
    Removing pid.o(i.PID_Location_SetKi), (4 bytes).
    Removing pid.o(i.PID_Location_SetKp), (4 bytes).
    Removing pid.o(i.PID_Speed_SetKd), (4 bytes).
    Removing pid.o(i.PID_Speed_SetKi), (4 bytes).
    Removing pid.o(i.PID_Speed_SetKp), (4 bytes).
    Removing pid.o(i.Set_Actual_speed), (4 bytes).
    Removing pid.o(i.Set_Target_Left_position), (12 bytes).
    Removing pid.o(i.Set_Target_Right_position), (12 bytes).
    Removing pid.o(i.Set_Target_angle), (4 bytes).
    Removing pid.o(i.Set_Target_position), (4 bytes).
    Removing pid.o(.data), (52 bytes).
    Removing fdiv.o(.text), (124 bytes).
    Removing dflti.o(.text), (34 bytes).
    Removing ffixi.o(.text), (50 bytes).
    Removing f2d.o(.text), (38 bytes).
    Removing d2f.o(.text), (56 bytes).

531 unused section(s) (total 24184 bytes) removed from the image.

==============================================================================

Image Symbol Table

    Local Symbols

    Symbol Name                              Value     Ov Type        Size  Object(Section)

    ../clib/microlib/division.c              0x00000000   Number         0  uldiv.o ABSOLUTE
    ../clib/microlib/division.c              0x00000000   Number         0  uidiv.o ABSOLUTE
    ../clib/microlib/init/entry.s            0x00000000   Number         0  entry8a.o ABSOLUTE
    ../clib/microlib/init/entry.s            0x00000000   Number         0  entry2.o ABSOLUTE
    ../clib/microlib/init/entry.s            0x00000000   Number         0  entry5.o ABSOLUTE
    ../clib/microlib/init/entry.s            0x00000000   Number         0  entry7a.o ABSOLUTE
    ../clib/microlib/init/entry.s            0x00000000   Number         0  entry9b.o ABSOLUTE
    ../clib/microlib/init/entry.s            0x00000000   Number         0  entry7b.o ABSOLUTE
    ../clib/microlib/init/entry.s            0x00000000   Number         0  entry9a.o ABSOLUTE
    ../clib/microlib/init/entry.s            0x00000000   Number         0  entry8b.o ABSOLUTE
    ../clib/microlib/init/entry.s            0x00000000   Number         0  entry.o ABSOLUTE
    ../clib/microlib/init/entry.s            0x00000000   Number         0  entry11b.o ABSOLUTE
    ../clib/microlib/init/entry.s            0x00000000   Number         0  entry11a.o ABSOLUTE
    ../clib/microlib/init/entry.s            0x00000000   Number         0  entry10b.o ABSOLUTE
    ../clib/microlib/init/entry.s            0x00000000   Number         0  entry10a.o ABSOLUTE
    ../clib/microlib/longlong.c              0x00000000   Number         0  llushr.o ABSOLUTE
    ../clib/microlib/longlong.c              0x00000000   Number         0  llsshr.o ABSOLUTE
    ../clib/microlib/longlong.c              0x00000000   Number         0  llshl.o ABSOLUTE
    ../clib/microlib/printf/printf.c         0x00000000   Number         0  printf0.o ABSOLUTE
    ../clib/microlib/printf/printf.c         0x00000000   Number         0  printfb.o ABSOLUTE
    ../clib/microlib/printf/printf.c         0x00000000   Number         0  printf6.o ABSOLUTE
    ../clib/microlib/printf/printf.c         0x00000000   Number         0  printf5.o ABSOLUTE
    ../clib/microlib/printf/printf.c         0x00000000   Number         0  printf4.o ABSOLUTE
    ../clib/microlib/printf/printf.c         0x00000000   Number         0  printf3.o ABSOLUTE
    ../clib/microlib/printf/printf.c         0x00000000   Number         0  printf2.o ABSOLUTE
    ../clib/microlib/printf/printf.c         0x00000000   Number         0  printf7.o ABSOLUTE
    ../clib/microlib/printf/printf.c         0x00000000   Number         0  printf1.o ABSOLUTE
    ../clib/microlib/printf/printf.c         0x00000000   Number         0  printfa.o ABSOLUTE
    ../clib/microlib/printf/printf.c         0x00000000   Number         0  printf8.o ABSOLUTE
    ../clib/microlib/printf/stubs.s          0x00000000   Number         0  stubs.o ABSOLUTE
    ../clib/microlib/stdio/streams.c         0x00000000   Number         0  stdout.o ABSOLUTE
    ../clib/microlib/stdlib/abs.c            0x00000000   Number         0  ilabs.o ABSOLUTE
    ../clib/microlib/stdlib/abs.c            0x00000000   Number         0  siabs.o ABSOLUTE
    ../clib/microlib/string/memset.c         0x00000000   Number         0  memseta.o ABSOLUTE
    ../clib/microlib/stubs.s                 0x00000000   Number         0  iusefp.o ABSOLUTE
    ../fplib/microlib/d2f.c                  0x00000000   Number         0  d2f.o ABSOLUTE
    ../fplib/microlib/f2d.c                  0x00000000   Number         0  f2d.o ABSOLUTE
    ../fplib/microlib/fpadd.c                0x00000000   Number         0  dadd.o ABSOLUTE
    ../fplib/microlib/fpadd.c                0x00000000   Number         0  fadd.o ABSOLUTE
    ../fplib/microlib/fpdiv.c                0x00000000   Number         0  fdiv.o ABSOLUTE
    ../fplib/microlib/fpdiv.c                0x00000000   Number         0  ddiv.o ABSOLUTE
    ../fplib/microlib/fpepilogue.c           0x00000000   Number         0  fepilogue.o ABSOLUTE
    ../fplib/microlib/fpepilogue.c           0x00000000   Number         0  depilogue.o ABSOLUTE
    ../fplib/microlib/fpfix.c                0x00000000   Number         0  dfixi.o ABSOLUTE
    ../fplib/microlib/fpfix.c                0x00000000   Number         0  ffixui.o ABSOLUTE
    ../fplib/microlib/fpfix.c                0x00000000   Number         0  dfixul.o ABSOLUTE
    ../fplib/microlib/fpfix.c                0x00000000   Number         0  ffixi.o ABSOLUTE
    ../fplib/microlib/fpflt.c                0x00000000   Number         0  dfltui.o ABSOLUTE
    ../fplib/microlib/fpflt.c                0x00000000   Number         0  dflti.o ABSOLUTE
    ../fplib/microlib/fpflt.c                0x00000000   Number         0  ffltui.o ABSOLUTE
    ../fplib/microlib/fpflt.c                0x00000000   Number         0  fflti.o ABSOLUTE
    ../fplib/microlib/fpmul.c                0x00000000   Number         0  dmul.o ABSOLUTE
    ../fplib/microlib/fpmul.c                0x00000000   Number         0  fmul.o ABSOLUTE
    Hardware\Beep.c                          0x00000000   Number         0  beep.o ABSOLUTE
    Hardware\DMA.c                           0x00000000   Number         0  dma.o ABSOLUTE
    Hardware\HT11.c                          0x00000000   Number         0  ht11.o ABSOLUTE
    Hardware\Hong Wai.c                      0x00000000   Number         0  hong wai.o ABSOLUTE
    Hardware\JTAG.c                          0x00000000   Number         0  jtag.o ABSOLUTE
    Hardware\Key.c                           0x00000000   Number         0  key.o ABSOLUTE
    Hardware\LED.c                           0x00000000   Number         0  led.o ABSOLUTE
    Hardware\OLED.c                          0x00000000   Number         0  oled.o ABSOLUTE
    Hardware\OLED_Menu.c                     0x00000000   Number         0  oled_menu.o ABSOLUTE
    Hardware\PID.c                           0x00000000   Number         0  pid.o ABSOLUTE
    Hardware\SR03.c                          0x00000000   Number         0  sr03.o ABSOLUTE
    Hardware\Struct.c                        0x00000000   Number         0  struct.o ABSOLUTE
    Hardware\Timer.c                         0x00000000   Number         0  timer.o ABSOLUTE
    Hardware\Usart.c                         0x00000000   Number         0  usart.o ABSOLUTE
    Hardware\filter.c                        0x00000000   Number         0  filter.o ABSOLUTE
    Hardware\motor.c                         0x00000000   Number         0  motor.o ABSOLUTE
    Hardware\multibutton.c                   0x00000000   Number         0  multibutton.o ABSOLUTE
    Hardwre\seg.c                            0x00000000   Number         0  seg.o ABSOLUTE
    Kerman.c                                 0x00000000   Number         0  kerman.o ABSOLUTE
    Library\misc.c                           0x00000000   Number         0  misc.o ABSOLUTE
    Library\stm32f10x_adc.c                  0x00000000   Number         0  stm32f10x_adc.o ABSOLUTE
    Library\stm32f10x_bkp.c                  0x00000000   Number         0  stm32f10x_bkp.o ABSOLUTE
    Library\stm32f10x_can.c                  0x00000000   Number         0  stm32f10x_can.o ABSOLUTE
    Library\stm32f10x_cec.c                  0x00000000   Number         0  stm32f10x_cec.o ABSOLUTE
    Library\stm32f10x_crc.c                  0x00000000   Number         0  stm32f10x_crc.o ABSOLUTE
    Library\stm32f10x_dac.c                  0x00000000   Number         0  stm32f10x_dac.o ABSOLUTE
    Library\stm32f10x_dbgmcu.c               0x00000000   Number         0  stm32f10x_dbgmcu.o ABSOLUTE
    Library\stm32f10x_dma.c                  0x00000000   Number         0  stm32f10x_dma.o ABSOLUTE
    Library\stm32f10x_exti.c                 0x00000000   Number         0  stm32f10x_exti.o ABSOLUTE
    Library\stm32f10x_flash.c                0x00000000   Number         0  stm32f10x_flash.o ABSOLUTE
    Library\stm32f10x_fsmc.c                 0x00000000   Number         0  stm32f10x_fsmc.o ABSOLUTE
    Library\stm32f10x_gpio.c                 0x00000000   Number         0  stm32f10x_gpio.o ABSOLUTE
    Library\stm32f10x_i2c.c                  0x00000000   Number         0  stm32f10x_i2c.o ABSOLUTE
    Library\stm32f10x_iwdg.c                 0x00000000   Number         0  stm32f10x_iwdg.o ABSOLUTE
    Library\stm32f10x_pwr.c                  0x00000000   Number         0  stm32f10x_pwr.o ABSOLUTE
    Library\stm32f10x_rcc.c                  0x00000000   Number         0  stm32f10x_rcc.o ABSOLUTE
    Library\stm32f10x_rtc.c                  0x00000000   Number         0  stm32f10x_rtc.o ABSOLUTE
    Library\stm32f10x_sdio.c                 0x00000000   Number         0  stm32f10x_sdio.o ABSOLUTE
    Library\stm32f10x_spi.c                  0x00000000   Number         0  stm32f10x_spi.o ABSOLUTE
    Library\stm32f10x_tim.c                  0x00000000   Number         0  stm32f10x_tim.o ABSOLUTE
    Library\stm32f10x_usart.c                0x00000000   Number         0  stm32f10x_usart.o ABSOLUTE
    Library\stm32f10x_wwdg.c                 0x00000000   Number         0  stm32f10x_wwdg.o ABSOLUTE
    Light.c                                  0x00000000   Number         0  light.o ABSOLUTE
    OLED_Font.c                              0x00000000   Number         0  oled_font.o ABSOLUTE
    Start\\core_cm3.c                        0x00000000   Number         0  core_cm3.o ABSOLUTE
    Start\core_cm3.c                         0x00000000   Number         0  core_cm3.o ABSOLUTE
    Start\startup_stm32f10x_md.s             0x00000000   Number         0  startup_stm32f10x_md.o ABSOLUTE
    Start\system_stm32f10x.c                 0x00000000   Number         0  system_stm32f10x.o ABSOLUTE
    System\Delay.c                           0x00000000   Number         0  delay.o ABSOLUTE
    User\main.c                              0x00000000   Number         0  main.o ABSOLUTE
    User\stm32f10x_it.c                      0x00000000   Number         0  stm32f10x_it.o ABSOLUTE
    cdrcmple.s                               0x00000000   Number         0  cdrcmple.o ABSOLUTE
    cfcmple.s                                0x00000000   Number         0  cfcmple.o ABSOLUTE
    cfrcmple.s                               0x00000000   Number         0  cfrcmple.o ABSOLUTE
    dc.s                                     0x00000000   Number         0  dc.o ABSOLUTE
    handlers.s                               0x00000000   Number         0  handlers.o ABSOLUTE
    init.s                                   0x00000000   Number         0  init.o ABSOLUTE
    RESET                                    0x08000000   Section      236  startup_stm32f10x_md.o(RESET)
    .ARM.Collect$$$$00000000                 0x080000ec   Section        0  entry.o(.ARM.Collect$$$$00000000)
    .ARM.Collect$$$$00000001                 0x080000ec   Section        4  entry2.o(.ARM.Collect$$$$00000001)
    .ARM.Collect$$$$00000004                 0x080000f0   Section        4  entry5.o(.ARM.Collect$$$$00000004)
    .ARM.Collect$$$$00000008                 0x080000f4   Section        0  entry7b.o(.ARM.Collect$$$$00000008)
    .ARM.Collect$$$$0000000A                 0x080000f4   Section        0  entry8b.o(.ARM.Collect$$$$0000000A)
    .ARM.Collect$$$$0000000B                 0x080000f4   Section        8  entry9a.o(.ARM.Collect$$$$0000000B)
    .ARM.Collect$$$$0000000D                 0x080000fc   Section        0  entry10a.o(.ARM.Collect$$$$0000000D)
    .ARM.Collect$$$$0000000F                 0x080000fc   Section        0  entry11a.o(.ARM.Collect$$$$0000000F)
    .ARM.Collect$$$$00002712                 0x080000fc   Section        4  entry2.o(.ARM.Collect$$$$00002712)
    __lit__00000000                          0x080000fc   Data           4  entry2.o(.ARM.Collect$$$$00002712)
    .text                                    0x08000100   Section       36  startup_stm32f10x_md.o(.text)
    .text                                    0x08000124   Section        0  memseta.o(.text)
    .text                                    0x08000148   Section        0  fadd.o(.text)
    .text                                    0x080001f8   Section        0  fmul.o(.text)
    .text                                    0x0800025c   Section        0  dadd.o(.text)
    .text                                    0x080003aa   Section        0  dmul.o(.text)
    .text                                    0x0800048e   Section        0  fflti.o(.text)
    .text                                    0x080004a0   Section        0  ffltui.o(.text)
    .text                                    0x080004aa   Section        0  dfltui.o(.text)
    .text                                    0x080004c4   Section        0  ffixui.o(.text)
    .text                                    0x080004ec   Section        0  dfixi.o(.text)
    .text                                    0x0800052c   Section       20  cfcmple.o(.text)
    .text                                    0x08000540   Section       20  cfrcmple.o(.text)
    .text                                    0x08000554   Section        0  uidiv.o(.text)
    .text                                    0x08000580   Section        0  uldiv.o(.text)
    .text                                    0x080005e2   Section        0  llshl.o(.text)
    .text                                    0x08000600   Section        0  llushr.o(.text)
    .text                                    0x08000620   Section        0  llsshr.o(.text)
    .text                                    0x08000644   Section        0  iusefp.o(.text)
    .text                                    0x08000644   Section        0  fepilogue.o(.text)
    .text                                    0x080006b2   Section        0  depilogue.o(.text)
    .text                                    0x0800076c   Section        0  ddiv.o(.text)
    .text                                    0x0800084a   Section        0  dfixul.o(.text)
    .text                                    0x0800087c   Section       48  cdrcmple.o(.text)
    .text                                    0x080008ac   Section       36  init.o(.text)
    i.ADC_Cmd                                0x080008d0   Section        0  stm32f10x_adc.o(i.ADC_Cmd)
    i.ADC_DMACmd                             0x080008e6   Section        0  stm32f10x_adc.o(i.ADC_DMACmd)
    i.ADC_GetCalibrationStatus               0x080008fc   Section        0  stm32f10x_adc.o(i.ADC_GetCalibrationStatus)
    i.ADC_GetResetCalibrationStatus          0x08000910   Section        0  stm32f10x_adc.o(i.ADC_GetResetCalibrationStatus)
    i.ADC_Init                               0x08000924   Section        0  stm32f10x_adc.o(i.ADC_Init)
    i.ADC_RegularChannelConfig               0x08000974   Section        0  stm32f10x_adc.o(i.ADC_RegularChannelConfig)
    i.ADC_ResetCalibration                   0x08000a2c   Section        0  stm32f10x_adc.o(i.ADC_ResetCalibration)
    i.ADC_SoftwareStartConvCmd               0x08000a36   Section        0  stm32f10x_adc.o(i.ADC_SoftwareStartConvCmd)
    i.ADC_StartCalibration                   0x08000a4c   Section        0  stm32f10x_adc.o(i.ADC_StartCalibration)
    i.BTN1_DoubleClick_Handler               0x08000a58   Section        0  main.o(i.BTN1_DoubleClick_Handler)
    i.BTN1_LongClick_Handler                 0x08000a64   Section        0  main.o(i.BTN1_LongClick_Handler)
    i.BTN1_SingleClick_Handler               0x08000a74   Section        0  main.o(i.BTN1_SingleClick_Handler)
    i.BTN2_DoubleClick_Handler               0x08000a84   Section        0  main.o(i.BTN2_DoubleClick_Handler)
    i.BTN2_LongClick_Handler                 0x08000a90   Section        0  main.o(i.BTN2_LongClick_Handler)
    i.BTN2_SingleClick_Handler               0x08000aa0   Section        0  main.o(i.BTN2_SingleClick_Handler)
    i.BTN3_SINGLEClick_Handler               0x08000ab0   Section        0  main.o(i.BTN3_SINGLEClick_Handler)
    i.Beep_Init                              0x08000ad4   Section        0  beep.o(i.Beep_Init)
    i.BusFault_Handler                       0x08000b78   Section        0  stm32f10x_it.o(i.BusFault_Handler)
    i.DMA_Cmd                                0x08000b7c   Section        0  stm32f10x_dma.o(i.DMA_Cmd)
    i.DMA_Init                               0x08000b94   Section        0  stm32f10x_dma.o(i.DMA_Init)
    i.DebugMon_Handler                       0x08000bd0   Section        0  stm32f10x_it.o(i.DebugMon_Handler)
    i.Delay_1ms                              0x08000bd2   Section        0  oled.o(i.Delay_1ms)
    i.EXTI1_IRQHandler                       0x08000bec   Section        0  hong wai.o(i.EXTI1_IRQHandler)
    i.EXTI_ClearITPendingBit                 0x08000c30   Section        0  stm32f10x_exti.o(i.EXTI_ClearITPendingBit)
    i.EXTI_GetITStatus                       0x08000c3c   Section        0  stm32f10x_exti.o(i.EXTI_GetITStatus)
    i.EXTI_Init                              0x08000c64   Section        0  stm32f10x_exti.o(i.EXTI_Init)
    i.EXTi_Init                              0x08000cf8   Section        0  hong wai.o(i.EXTi_Init)
    i.GPIO_EXTILineConfig                    0x08000d70   Section        0  stm32f10x_gpio.o(i.GPIO_EXTILineConfig)
    i.GPIO_Init                              0x08000db0   Section        0  stm32f10x_gpio.o(i.GPIO_Init)
    i.GPIO_ReadInputDataBit                  0x08000ec6   Section        0  stm32f10x_gpio.o(i.GPIO_ReadInputDataBit)
    i.GPIO_SetBits                           0x08000ed8   Section        0  stm32f10x_gpio.o(i.GPIO_SetBits)
    i.HardFault_Handler                      0x08000edc   Section        0  stm32f10x_it.o(i.HardFault_Handler)
    i.Key_1_2_Init                           0x08000ee0   Section        0  key.o(i.Key_1_2_Init)
    i.Key_3_Init                             0x08000f0c   Section        0  key.o(i.Key_3_Init)
    i.Light_Init                             0x08000f38   Section        0  dma.o(i.Light_Init)
    i.Load_Motor_pwm                         0x08001038   Section        0  motor.o(i.Load_Motor_pwm)
    i.MemManage_Handler                      0x080010d0   Section        0  stm32f10x_it.o(i.MemManage_Handler)
    i.Motor_En_Init                          0x080010d4   Section        0  motor.o(i.Motor_En_Init)
    i.NMI_Handler                            0x08001100   Section        0  stm32f10x_it.o(i.NMI_Handler)
    i.NVIC_Init                              0x08001104   Section        0  misc.o(i.NVIC_Init)
    i.NVIC_PriorityGroupConfig               0x08001174   Section        0  misc.o(i.NVIC_PriorityGroupConfig)
    i.OLED_Clear                             0x08001188   Section        0  oled.o(i.OLED_Clear)
    i.OLED_IIC_Start                         0x080011c8   Section        0  oled.o(i.OLED_IIC_Start)
    i.OLED_IIC_Stop                          0x080011ec   Section        0  oled.o(i.OLED_IIC_Stop)
    i.OLED_IIC_Wait_Ack                      0x0800120c   Section        0  oled.o(i.OLED_IIC_Wait_Ack)
    i.OLED_Init                              0x08001224   Section        0  oled.o(i.OLED_Init)
    i.OLED_Set_Pos                           0x0800134c   Section        0  oled.o(i.OLED_Set_Pos)
    i.OLED_ShowChar                          0x08001374   Section        0  oled.o(i.OLED_ShowChar)
    i.OLED_ShowString                        0x08001418   Section        0  oled.o(i.OLED_ShowString)
    i.OLED_WR_Byte                           0x08001452   Section        0  oled.o(i.OLED_WR_Byte)
    i.OLED_Write_IIC_Byte                    0x0800146c   Section        0  oled.o(i.OLED_Write_IIC_Byte)
    i.OLED_Write_IIC_Command                 0x080014bc   Section        0  oled.o(i.OLED_Write_IIC_Command)
    i.OLED_Write_IIC_Data                    0x080014e8   Section        0  oled.o(i.OLED_Write_IIC_Data)
    i.PID_Speed_Init                         0x08001514   Section        0  pid.o(i.PID_Speed_Init)
    i.PID_Speed_SetK                         0x0800152c   Section        0  pid.o(i.PID_Speed_SetK)
    i.PendSV_Handler                         0x08001534   Section        0  stm32f10x_it.o(i.PendSV_Handler)
    i.RCC_ADCCLKConfig                       0x08001538   Section        0  stm32f10x_rcc.o(i.RCC_ADCCLKConfig)
    i.RCC_AHBPeriphClockCmd                  0x08001550   Section        0  stm32f10x_rcc.o(i.RCC_AHBPeriphClockCmd)
    i.RCC_APB1PeriphClockCmd                 0x08001570   Section        0  stm32f10x_rcc.o(i.RCC_APB1PeriphClockCmd)
    i.RCC_APB2PeriphClockCmd                 0x08001590   Section        0  stm32f10x_rcc.o(i.RCC_APB2PeriphClockCmd)
    i.RCC_GetClocksFreq                      0x080015b0   Section        0  stm32f10x_rcc.o(i.RCC_GetClocksFreq)
    i.SVC_Handler                            0x08001684   Section        0  stm32f10x_it.o(i.SVC_Handler)
    i.Serial_SendByte                        0x08001688   Section        0  usart.o(i.Serial_SendByte)
    i.SetSysClock                            0x080016a8   Section        0  system_stm32f10x.o(i.SetSysClock)
    SetSysClock                              0x080016a9   Thumb Code     8  system_stm32f10x.o(i.SetSysClock)
    i.SetSysClockTo72                        0x080016b0   Section        0  system_stm32f10x.o(i.SetSysClockTo72)
    SetSysClockTo72                          0x080016b1   Thumb Code   214  system_stm32f10x.o(i.SetSysClockTo72)
    i.Set_Beep_compare                       0x08001790   Section        0  beep.o(i.Set_Beep_compare)
    i.Set_Motor_Enable                       0x080017a4   Section        0  motor.o(i.Set_Motor_Enable)
    i.Set_Target_speed                       0x080017c0   Section        0  pid.o(i.Set_Target_speed)
    i.Speed_pid_realize                      0x080017c4   Section        0  pid.o(i.Speed_pid_realize)
    i.SysTick_Handler                        0x0800184c   Section        0  stm32f10x_it.o(i.SysTick_Handler)
    i.SystemInit                             0x08001850   Section        0  system_stm32f10x.o(i.SystemInit)
    i.TIM2_IRQHandler                        0x080018b0   Section        0  timer.o(i.TIM2_IRQHandler)
    i.TIM3_PWM_Init                          0x08001980   Section        0  timer.o(i.TIM3_PWM_Init)
    i.TIM_ARRPreloadConfig                   0x08001a44   Section        0  stm32f10x_tim.o(i.TIM_ARRPreloadConfig)
    i.TIM_ClearITPendingBit                  0x08001a5c   Section        0  stm32f10x_tim.o(i.TIM_ClearITPendingBit)
    i.TIM_Cmd                                0x08001a62   Section        0  stm32f10x_tim.o(i.TIM_Cmd)
    i.TIM_CtrlPWMOutputs                     0x08001a7a   Section        0  stm32f10x_tim.o(i.TIM_CtrlPWMOutputs)
    i.TIM_GetITStatus                        0x08001a98   Section        0  stm32f10x_tim.o(i.TIM_GetITStatus)
    i.TIM_ITConfig                           0x08001aba   Section        0  stm32f10x_tim.o(i.TIM_ITConfig)
    i.TIM_OC1Init                            0x08001acc   Section        0  stm32f10x_tim.o(i.TIM_OC1Init)
    i.TIM_OC1PreloadConfig                   0x08001b64   Section        0  stm32f10x_tim.o(i.TIM_OC1PreloadConfig)
    i.TIM_OC4Init                            0x08001b78   Section        0  stm32f10x_tim.o(i.TIM_OC4Init)
    i.TIM_OCStructInit                       0x08001bf4   Section        0  stm32f10x_tim.o(i.TIM_OCStructInit)
    i.TIM_SetCompare1                        0x08001c08   Section        0  stm32f10x_tim.o(i.TIM_SetCompare1)
    i.TIM_SetCompare4                        0x08001c0c   Section        0  stm32f10x_tim.o(i.TIM_SetCompare4)
    i.TIM_TimeBaseInit                       0x08001c14   Section        0  stm32f10x_tim.o(i.TIM_TimeBaseInit)
    i.TIM_TimeBaseStructInit                 0x08001cb8   Section        0  stm32f10x_tim.o(i.TIM_TimeBaseStructInit)
    i.Timer2_init                            0x08001cca   Section        0  timer.o(i.Timer2_init)
    i.USART2_Init                            0x08001d30   Section        0  usart.o(i.USART2_Init)
    i.USART_Cmd                              0x08001de8   Section        0  stm32f10x_usart.o(i.USART_Cmd)
    i.USART_GetFlagStatus                    0x08001e00   Section        0  stm32f10x_usart.o(i.USART_GetFlagStatus)
    i.USART_ITConfig                         0x08001e1a   Section        0  stm32f10x_usart.o(i.USART_ITConfig)
    i.USART_Init                             0x08001e64   Section        0  stm32f10x_usart.o(i.USART_Init)
    i.USART_SendData                         0x08001f3c   Section        0  stm32f10x_usart.o(i.USART_SendData)
    i.UsageFault_Handler                     0x08001f44   Section        0  stm32f10x_it.o(i.UsageFault_Handler)
    i.__0printf                              0x08001f48   Section        0  printfa.o(i.__0printf)
    i.__0sprintf                             0x08001f68   Section        0  printfa.o(i.__0sprintf)
    i.__scatterload_copy                     0x08001f90   Section       14  handlers.o(i.__scatterload_copy)
    i.__scatterload_null                     0x08001f9e   Section        2  handlers.o(i.__scatterload_null)
    i.__scatterload_zeroinit                 0x08001fa0   Section       14  handlers.o(i.__scatterload_zeroinit)
    i._fp_digits                             0x08001fb0   Section        0  printfa.o(i._fp_digits)
    _fp_digits                               0x08001fb1   Thumb Code   366  printfa.o(i._fp_digits)
    i._printf_core                           0x08002134   Section        0  printfa.o(i._printf_core)
    _printf_core                             0x08002135   Thumb Code  1744  printfa.o(i._printf_core)
    i._printf_post_padding                   0x08002810   Section        0  printfa.o(i._printf_post_padding)
    _printf_post_padding                     0x08002811   Thumb Code    36  printfa.o(i._printf_post_padding)
    i._printf_pre_padding                    0x08002834   Section        0  printfa.o(i._printf_pre_padding)
    _printf_pre_padding                      0x08002835   Thumb Code    46  printfa.o(i._printf_pre_padding)
    i._sputc                                 0x08002862   Section        0  printfa.o(i._sputc)
    _sputc                                   0x08002863   Thumb Code    10  printfa.o(i._sputc)
    i.button_attach                          0x0800286c   Section        0  multibutton.o(i.button_attach)
    i.button_handler                         0x08002876   Section        0  multibutton.o(i.button_handler)
    button_handler                           0x08002877   Thumb Code   586  multibutton.o(i.button_handler)
    i.button_init                            0x08002ac0   Section        0  multibutton.o(i.button_init)
    i.button_start                           0x08002b00   Section        0  multibutton.o(i.button_start)
    i.button_ticks                           0x08002b2c   Section        0  multibutton.o(i.button_ticks)
    i.fputc                                  0x08002b48   Section        0  usart.o(i.fputc)
    i.main                                   0x08002b58   Section        0  main.o(i.main)
    i.read_button_GPIO                       0x08002e0c   Section        0  key.o(i.read_button_GPIO)
    .constdata                               0x08002e48   Section     3621  oled.o(.constdata)
    .data                                    0x20000000   Section       20  stm32f10x_rcc.o(.data)
    APBAHBPrescTable                         0x20000000   Data          16  stm32f10x_rcc.o(.data)
    ADCPrescTable                            0x20000010   Data           4  stm32f10x_rcc.o(.data)
    .data                                    0x20000014   Section        4  multibutton.o(.data)
    head_handle                              0x20000014   Data           4  multibutton.o(.data)
    .data                                    0x20000018   Section       36  timer.o(.data)
    .data                                    0x2000003c   Section        8  dma.o(.data)
    .data                                    0x20000044   Section        5  motor.o(.data)
    .data                                    0x2000004c   Section       96  main.o(.data)
    .data                                    0x200000ac   Section        4  stdout.o(.data)
    .bss                                     0x200000b0   Section      132  key.o(.bss)
    .bss                                     0x20000134   Section      240  pid.o(.bss)
    .bss                                     0x20000224   Section      900  main.o(.bss)
    STACK                                    0x200005a8   Section     1024  startup_stm32f10x_md.o(STACK)

    Global Symbols

    Symbol Name                              Value     Ov Type        Size  Object(Section)

    BuildAttributes$$THM_ISAv4$P$D$K$B$S$PE$A:L22UL41UL21$X:L11$S22US41US21$IEEE1$IW$USESV6$~STKCKD$USESV7$~SHL$OTIME$ROPI$EBA8$MICROLIB$REQ8$PRES8$EABIv2 0x00000000   Number         0  anon$$obj.o ABSOLUTE
    __ARM_use_no_argv                        0x00000000   Number         0  main.o ABSOLUTE
    _printf_a                                0x00000000   Number         0  stubs.o ABSOLUTE
    _printf_c                                0x00000000   Number         0  stubs.o ABSOLUTE
    _printf_charcount                        0x00000000   Number         0  stubs.o ABSOLUTE
    _printf_d                                0x00000000   Number         0  stubs.o ABSOLUTE
    _printf_e                                0x00000000   Number         0  stubs.o ABSOLUTE
    _printf_f                                0x00000000   Number         0  stubs.o ABSOLUTE
    _printf_flags                            0x00000000   Number         0  stubs.o ABSOLUTE
    _printf_fp_dec                           0x00000000   Number         0  stubs.o ABSOLUTE
    _printf_fp_hex                           0x00000000   Number         0  stubs.o ABSOLUTE
    _printf_g                                0x00000000   Number         0  stubs.o ABSOLUTE
    _printf_i                                0x00000000   Number         0  stubs.o ABSOLUTE
    _printf_int_dec                          0x00000000   Number         0  stubs.o ABSOLUTE
    _printf_l                                0x00000000   Number         0  stubs.o ABSOLUTE
    _printf_lc                               0x00000000   Number         0  stubs.o ABSOLUTE
    _printf_ll                               0x00000000   Number         0  stubs.o ABSOLUTE
    _printf_lld                              0x00000000   Number         0  stubs.o ABSOLUTE
    _printf_lli                              0x00000000   Number         0  stubs.o ABSOLUTE
    _printf_llo                              0x00000000   Number         0  stubs.o ABSOLUTE
    _printf_llu                              0x00000000   Number         0  stubs.o ABSOLUTE
    _printf_llx                              0x00000000   Number         0  stubs.o ABSOLUTE
    _printf_longlong_dec                     0x00000000   Number         0  stubs.o ABSOLUTE
    _printf_longlong_hex                     0x00000000   Number         0  stubs.o ABSOLUTE
    _printf_longlong_oct                     0x00000000   Number         0  stubs.o ABSOLUTE
    _printf_ls                               0x00000000   Number         0  stubs.o ABSOLUTE
    _printf_mbtowc                           0x00000000   Number         0  stubs.o ABSOLUTE
    _printf_n                                0x00000000   Number         0  stubs.o ABSOLUTE
    _printf_o                                0x00000000   Number         0  stubs.o ABSOLUTE
    _printf_p                                0x00000000   Number         0  stubs.o ABSOLUTE
    _printf_percent                          0x00000000   Number         0  stubs.o ABSOLUTE
    _printf_pre_padding                      0x00000000   Number         0  stubs.o ABSOLUTE
    _printf_return_value                     0x00000000   Number         0  stubs.o ABSOLUTE
    _printf_s                                0x00000000   Number         0  stubs.o ABSOLUTE
    _printf_sizespec                         0x00000000   Number         0  stubs.o ABSOLUTE
    _printf_str                              0x00000000   Number         0  stubs.o ABSOLUTE
    _printf_truncate_signed                  0x00000000   Number         0  stubs.o ABSOLUTE
    _printf_truncate_unsigned                0x00000000   Number         0  stubs.o ABSOLUTE
    _printf_u                                0x00000000   Number         0  stubs.o ABSOLUTE
    _printf_wc                               0x00000000   Number         0  stubs.o ABSOLUTE
    _printf_wctomb                           0x00000000   Number         0  stubs.o ABSOLUTE
    _printf_widthprec                        0x00000000   Number         0  stubs.o ABSOLUTE
    _printf_x                                0x00000000   Number         0  stubs.o ABSOLUTE
    __cpp_initialize__aeabi_                  - Undefined Weak Reference
    __cxa_finalize                            - Undefined Weak Reference
    __decompress                              - Undefined Weak Reference
    _clock_init                               - Undefined Weak Reference
    _microlib_exit                            - Undefined Weak Reference
    __Vectors_Size                           0x000000ec   Number         0  startup_stm32f10x_md.o ABSOLUTE
    __Vectors                                0x08000000   Data           4  startup_stm32f10x_md.o(RESET)
    __Vectors_End                            0x080000ec   Data           0  startup_stm32f10x_md.o(RESET)
    __main                                   0x080000ed   Thumb Code     0  entry.o(.ARM.Collect$$$$00000000)
    _main_stk                                0x080000ed   Thumb Code     0  entry2.o(.ARM.Collect$$$$00000001)
    _main_scatterload                        0x080000f1   Thumb Code     0  entry5.o(.ARM.Collect$$$$00000004)
    __main_after_scatterload                 0x080000f5   Thumb Code     0  entry5.o(.ARM.Collect$$$$00000004)
    _main_clock                              0x080000f5   Thumb Code     0  entry7b.o(.ARM.Collect$$$$00000008)
    _main_cpp_init                           0x080000f5   Thumb Code     0  entry8b.o(.ARM.Collect$$$$0000000A)
    _main_init                               0x080000f5   Thumb Code     0  entry9a.o(.ARM.Collect$$$$0000000B)
    __rt_final_cpp                           0x080000fd   Thumb Code     0  entry10a.o(.ARM.Collect$$$$0000000D)
    __rt_final_exit                          0x080000fd   Thumb Code     0  entry11a.o(.ARM.Collect$$$$0000000F)
    Reset_Handler                            0x08000101   Thumb Code     8  startup_stm32f10x_md.o(.text)
    ADC1_2_IRQHandler                        0x0800011b   Thumb Code     0  startup_stm32f10x_md.o(.text)
    CAN1_RX1_IRQHandler                      0x0800011b   Thumb Code     0  startup_stm32f10x_md.o(.text)
    CAN1_SCE_IRQHandler                      0x0800011b   Thumb Code     0  startup_stm32f10x_md.o(.text)
    DMA1_Channel1_IRQHandler                 0x0800011b   Thumb Code     0  startup_stm32f10x_md.o(.text)
    DMA1_Channel2_IRQHandler                 0x0800011b   Thumb Code     0  startup_stm32f10x_md.o(.text)
    DMA1_Channel3_IRQHandler                 0x0800011b   Thumb Code     0  startup_stm32f10x_md.o(.text)
    DMA1_Channel4_IRQHandler                 0x0800011b   Thumb Code     0  startup_stm32f10x_md.o(.text)
    DMA1_Channel5_IRQHandler                 0x0800011b   Thumb Code     0  startup_stm32f10x_md.o(.text)
    DMA1_Channel6_IRQHandler                 0x0800011b   Thumb Code     0  startup_stm32f10x_md.o(.text)
    DMA1_Channel7_IRQHandler                 0x0800011b   Thumb Code     0  startup_stm32f10x_md.o(.text)
    EXTI0_IRQHandler                         0x0800011b   Thumb Code     0  startup_stm32f10x_md.o(.text)
    EXTI15_10_IRQHandler                     0x0800011b   Thumb Code     0  startup_stm32f10x_md.o(.text)
    EXTI2_IRQHandler                         0x0800011b   Thumb Code     0  startup_stm32f10x_md.o(.text)
    EXTI3_IRQHandler                         0x0800011b   Thumb Code     0  startup_stm32f10x_md.o(.text)
    EXTI4_IRQHandler                         0x0800011b   Thumb Code     0  startup_stm32f10x_md.o(.text)
    EXTI9_5_IRQHandler                       0x0800011b   Thumb Code     0  startup_stm32f10x_md.o(.text)
    FLASH_IRQHandler                         0x0800011b   Thumb Code     0  startup_stm32f10x_md.o(.text)
    I2C1_ER_IRQHandler                       0x0800011b   Thumb Code     0  startup_stm32f10x_md.o(.text)
    I2C1_EV_IRQHandler                       0x0800011b   Thumb Code     0  startup_stm32f10x_md.o(.text)
    I2C2_ER_IRQHandler                       0x0800011b   Thumb Code     0  startup_stm32f10x_md.o(.text)
    I2C2_EV_IRQHandler                       0x0800011b   Thumb Code     0  startup_stm32f10x_md.o(.text)
    PVD_IRQHandler                           0x0800011b   Thumb Code     0  startup_stm32f10x_md.o(.text)
    RCC_IRQHandler                           0x0800011b   Thumb Code     0  startup_stm32f10x_md.o(.text)
    RTCAlarm_IRQHandler                      0x0800011b   Thumb Code     0  startup_stm32f10x_md.o(.text)
    RTC_IRQHandler                           0x0800011b   Thumb Code     0  startup_stm32f10x_md.o(.text)
    SPI1_IRQHandler                          0x0800011b   Thumb Code     0  startup_stm32f10x_md.o(.text)
    SPI2_IRQHandler                          0x0800011b   Thumb Code     0  startup_stm32f10x_md.o(.text)
    TAMPER_IRQHandler                        0x0800011b   Thumb Code     0  startup_stm32f10x_md.o(.text)
    TIM1_BRK_IRQHandler                      0x0800011b   Thumb Code     0  startup_stm32f10x_md.o(.text)
    TIM1_CC_IRQHandler                       0x0800011b   Thumb Code     0  startup_stm32f10x_md.o(.text)
    TIM1_TRG_COM_IRQHandler                  0x0800011b   Thumb Code     0  startup_stm32f10x_md.o(.text)
    TIM1_UP_IRQHandler                       0x0800011b   Thumb Code     0  startup_stm32f10x_md.o(.text)
    TIM3_IRQHandler                          0x0800011b   Thumb Code     0  startup_stm32f10x_md.o(.text)
    TIM4_IRQHandler                          0x0800011b   Thumb Code     0  startup_stm32f10x_md.o(.text)
    USART1_IRQHandler                        0x0800011b   Thumb Code     0  startup_stm32f10x_md.o(.text)
    USART2_IRQHandler                        0x0800011b   Thumb Code     0  startup_stm32f10x_md.o(.text)
    USART3_IRQHandler                        0x0800011b   Thumb Code     0  startup_stm32f10x_md.o(.text)
    USBWakeUp_IRQHandler                     0x0800011b   Thumb Code     0  startup_stm32f10x_md.o(.text)
    USB_HP_CAN1_TX_IRQHandler                0x0800011b   Thumb Code     0  startup_stm32f10x_md.o(.text)
    USB_LP_CAN1_RX0_IRQHandler               0x0800011b   Thumb Code     0  startup_stm32f10x_md.o(.text)
    WWDG_IRQHandler                          0x0800011b   Thumb Code     0  startup_stm32f10x_md.o(.text)
    __aeabi_memset                           0x08000125   Thumb Code    14  memseta.o(.text)
    __aeabi_memset4                          0x08000125   Thumb Code     0  memseta.o(.text)
    __aeabi_memset8                          0x08000125   Thumb Code     0  memseta.o(.text)
    __aeabi_memclr                           0x08000133   Thumb Code     4  memseta.o(.text)
    __aeabi_memclr4                          0x08000133   Thumb Code     0  memseta.o(.text)
    __aeabi_memclr8                          0x08000133   Thumb Code     0  memseta.o(.text)
    _memset$wrapper                          0x08000137   Thumb Code    18  memseta.o(.text)
    __aeabi_fadd                             0x08000149   Thumb Code   164  fadd.o(.text)
    __aeabi_fsub                             0x080001ed   Thumb Code     6  fadd.o(.text)
    __aeabi_frsub                            0x080001f3   Thumb Code     6  fadd.o(.text)
    __aeabi_fmul                             0x080001f9   Thumb Code   100  fmul.o(.text)
    __aeabi_dadd                             0x0800025d   Thumb Code   322  dadd.o(.text)
    __aeabi_dsub                             0x0800039f   Thumb Code     6  dadd.o(.text)
    __aeabi_drsub                            0x080003a5   Thumb Code     6  dadd.o(.text)
    __aeabi_dmul                             0x080003ab   Thumb Code   228  dmul.o(.text)
    __aeabi_i2f                              0x0800048f   Thumb Code    18  fflti.o(.text)
    __aeabi_ui2f                             0x080004a1   Thumb Code    10  ffltui.o(.text)
    __aeabi_ui2d                             0x080004ab   Thumb Code    26  dfltui.o(.text)
    __aeabi_f2uiz                            0x080004c5   Thumb Code    40  ffixui.o(.text)
    __aeabi_d2iz                             0x080004ed   Thumb Code    62  dfixi.o(.text)
    __aeabi_cfcmpeq                          0x0800052d   Thumb Code     0  cfcmple.o(.text)
    __aeabi_cfcmple                          0x0800052d   Thumb Code    20  cfcmple.o(.text)
    __aeabi_cfrcmple                         0x08000541   Thumb Code    20  cfrcmple.o(.text)
    __aeabi_uidiv                            0x08000555   Thumb Code     0  uidiv.o(.text)
    __aeabi_uidivmod                         0x08000555   Thumb Code    44  uidiv.o(.text)
    __aeabi_uldivmod                         0x08000581   Thumb Code    98  uldiv.o(.text)
    __aeabi_llsl                             0x080005e3   Thumb Code    30  llshl.o(.text)
    _ll_shift_l                              0x080005e3   Thumb Code     0  llshl.o(.text)
    __aeabi_llsr                             0x08000601   Thumb Code    32  llushr.o(.text)
    _ll_ushift_r                             0x08000601   Thumb Code     0  llushr.o(.text)
    __aeabi_lasr                             0x08000621   Thumb Code    36  llsshr.o(.text)
    _ll_sshift_r                             0x08000621   Thumb Code     0  llsshr.o(.text)
    __I$use$fp                               0x08000645   Thumb Code     0  iusefp.o(.text)
    _float_round                             0x08000645   Thumb Code    18  fepilogue.o(.text)
    _float_epilogue                          0x08000657   Thumb Code    92  fepilogue.o(.text)
    _double_round                            0x080006b3   Thumb Code    30  depilogue.o(.text)
    _double_epilogue                         0x080006d1   Thumb Code   156  depilogue.o(.text)
    __aeabi_ddiv                             0x0800076d   Thumb Code   222  ddiv.o(.text)
    __aeabi_d2ulz                            0x0800084b   Thumb Code    48  dfixul.o(.text)
    __aeabi_cdrcmple                         0x0800087d   Thumb Code    48  cdrcmple.o(.text)
    __scatterload                            0x080008ad   Thumb Code    28  init.o(.text)
    __scatterload_rt2                        0x080008ad   Thumb Code     0  init.o(.text)
    ADC_Cmd                                  0x080008d1   Thumb Code    22  stm32f10x_adc.o(i.ADC_Cmd)
    ADC_DMACmd                               0x080008e7   Thumb Code    22  stm32f10x_adc.o(i.ADC_DMACmd)
    ADC_GetCalibrationStatus                 0x080008fd   Thumb Code    20  stm32f10x_adc.o(i.ADC_GetCalibrationStatus)
    ADC_GetResetCalibrationStatus            0x08000911   Thumb Code    20  stm32f10x_adc.o(i.ADC_GetResetCalibrationStatus)
    ADC_Init                                 0x08000925   Thumb Code    70  stm32f10x_adc.o(i.ADC_Init)
    ADC_RegularChannelConfig                 0x08000975   Thumb Code   184  stm32f10x_adc.o(i.ADC_RegularChannelConfig)
    ADC_ResetCalibration                     0x08000a2d   Thumb Code    10  stm32f10x_adc.o(i.ADC_ResetCalibration)
    ADC_SoftwareStartConvCmd                 0x08000a37   Thumb Code    22  stm32f10x_adc.o(i.ADC_SoftwareStartConvCmd)
    ADC_StartCalibration                     0x08000a4d   Thumb Code    10  stm32f10x_adc.o(i.ADC_StartCalibration)
    BTN1_DoubleClick_Handler                 0x08000a59   Thumb Code     8  main.o(i.BTN1_DoubleClick_Handler)
    BTN1_LongClick_Handler                   0x08000a65   Thumb Code    12  main.o(i.BTN1_LongClick_Handler)
    BTN1_SingleClick_Handler                 0x08000a75   Thumb Code    12  main.o(i.BTN1_SingleClick_Handler)
    BTN2_DoubleClick_Handler                 0x08000a85   Thumb Code     8  main.o(i.BTN2_DoubleClick_Handler)
    BTN2_LongClick_Handler                   0x08000a91   Thumb Code    12  main.o(i.BTN2_LongClick_Handler)
    BTN2_SingleClick_Handler                 0x08000aa1   Thumb Code    12  main.o(i.BTN2_SingleClick_Handler)
    BTN3_SINGLEClick_Handler                 0x08000ab1   Thumb Code    30  main.o(i.BTN3_SINGLEClick_Handler)
    Beep_Init                                0x08000ad5   Thumb Code   154  beep.o(i.Beep_Init)
    BusFault_Handler                         0x08000b79   Thumb Code     4  stm32f10x_it.o(i.BusFault_Handler)
    DMA_Cmd                                  0x08000b7d   Thumb Code    24  stm32f10x_dma.o(i.DMA_Cmd)
    DMA_Init                                 0x08000b95   Thumb Code    60  stm32f10x_dma.o(i.DMA_Init)
    DebugMon_Handler                         0x08000bd1   Thumb Code     2  stm32f10x_it.o(i.DebugMon_Handler)
    Delay_1ms                                0x08000bd3   Thumb Code    26  oled.o(i.Delay_1ms)
    EXTI1_IRQHandler                         0x08000bed   Thumb Code    58  hong wai.o(i.EXTI1_IRQHandler)
    EXTI_ClearITPendingBit                   0x08000c31   Thumb Code     6  stm32f10x_exti.o(i.EXTI_ClearITPendingBit)
    EXTI_GetITStatus                         0x08000c3d   Thumb Code    34  stm32f10x_exti.o(i.EXTI_GetITStatus)
    EXTI_Init                                0x08000c65   Thumb Code   142  stm32f10x_exti.o(i.EXTI_Init)
    EXTi_Init                                0x08000cf9   Thumb Code   116  hong wai.o(i.EXTi_Init)
    GPIO_EXTILineConfig                      0x08000d71   Thumb Code    60  stm32f10x_gpio.o(i.GPIO_EXTILineConfig)
    GPIO_Init                                0x08000db1   Thumb Code   278  stm32f10x_gpio.o(i.GPIO_Init)
    GPIO_ReadInputDataBit                    0x08000ec7   Thumb Code    18  stm32f10x_gpio.o(i.GPIO_ReadInputDataBit)
    GPIO_SetBits                             0x08000ed9   Thumb Code     4  stm32f10x_gpio.o(i.GPIO_SetBits)
    HardFault_Handler                        0x08000edd   Thumb Code     4  stm32f10x_it.o(i.HardFault_Handler)
    Key_1_2_Init                             0x08000ee1   Thumb Code    38  key.o(i.Key_1_2_Init)
    Key_3_Init                               0x08000f0d   Thumb Code    40  key.o(i.Key_3_Init)
    Light_Init                               0x08000f39   Thumb Code   240  dma.o(i.Light_Init)
    Load_Motor_pwm                           0x08001039   Thumb Code   148  motor.o(i.Load_Motor_pwm)
    MemManage_Handler                        0x080010d1   Thumb Code     4  stm32f10x_it.o(i.MemManage_Handler)
    Motor_En_Init                            0x080010d5   Thumb Code    38  motor.o(i.Motor_En_Init)
    NMI_Handler                              0x08001101   Thumb Code     2  stm32f10x_it.o(i.NMI_Handler)
    NVIC_Init                                0x08001105   Thumb Code   100  misc.o(i.NVIC_Init)
    NVIC_PriorityGroupConfig                 0x08001175   Thumb Code    10  misc.o(i.NVIC_PriorityGroupConfig)
    OLED_Clear                               0x08001189   Thumb Code    62  oled.o(i.OLED_Clear)
    OLED_IIC_Start                           0x080011c9   Thumb Code    28  oled.o(i.OLED_IIC_Start)
    OLED_IIC_Stop                            0x080011ed   Thumb Code    24  oled.o(i.OLED_IIC_Stop)
    OLED_IIC_Wait_Ack                        0x0800120d   Thumb Code    16  oled.o(i.OLED_IIC_Wait_Ack)
    OLED_Init                                0x08001225   Thumb Code   292  oled.o(i.OLED_Init)
    OLED_Set_Pos                             0x0800134d   Thumb Code    40  oled.o(i.OLED_Set_Pos)
    OLED_ShowChar                            0x08001375   Thumb Code   154  oled.o(i.OLED_ShowChar)
    OLED_ShowString                          0x08001419   Thumb Code    58  oled.o(i.OLED_ShowString)
    OLED_WR_Byte                             0x08001453   Thumb Code    24  oled.o(i.OLED_WR_Byte)
    OLED_Write_IIC_Byte                      0x0800146d   Thumb Code    72  oled.o(i.OLED_Write_IIC_Byte)
    OLED_Write_IIC_Command                   0x080014bd   Thumb Code    44  oled.o(i.OLED_Write_IIC_Command)
    OLED_Write_IIC_Data                      0x080014e9   Thumb Code    44  oled.o(i.OLED_Write_IIC_Data)
    PID_Speed_Init                           0x08001515   Thumb Code    24  pid.o(i.PID_Speed_Init)
    PID_Speed_SetK                           0x0800152d   Thumb Code     8  pid.o(i.PID_Speed_SetK)
    PendSV_Handler                           0x08001535   Thumb Code     2  stm32f10x_it.o(i.PendSV_Handler)
    RCC_ADCCLKConfig                         0x08001539   Thumb Code    18  stm32f10x_rcc.o(i.RCC_ADCCLKConfig)
    RCC_AHBPeriphClockCmd                    0x08001551   Thumb Code    26  stm32f10x_rcc.o(i.RCC_AHBPeriphClockCmd)
    RCC_APB1PeriphClockCmd                   0x08001571   Thumb Code    26  stm32f10x_rcc.o(i.RCC_APB1PeriphClockCmd)
    RCC_APB2PeriphClockCmd                   0x08001591   Thumb Code    26  stm32f10x_rcc.o(i.RCC_APB2PeriphClockCmd)
    RCC_GetClocksFreq                        0x080015b1   Thumb Code   192  stm32f10x_rcc.o(i.RCC_GetClocksFreq)
    SVC_Handler                              0x08001685   Thumb Code     2  stm32f10x_it.o(i.SVC_Handler)
    Serial_SendByte                          0x08001689   Thumb Code    28  usart.o(i.Serial_SendByte)
    Set_Beep_compare                         0x08001791   Thumb Code    14  beep.o(i.Set_Beep_compare)
    Set_Motor_Enable                         0x080017a5   Thumb Code    20  motor.o(i.Set_Motor_Enable)
    Set_Target_speed                         0x080017c1   Thumb Code     4  pid.o(i.Set_Target_speed)
    Speed_pid_realize                        0x080017c5   Thumb Code   128  pid.o(i.Speed_pid_realize)
    SysTick_Handler                          0x0800184d   Thumb Code     2  stm32f10x_it.o(i.SysTick_Handler)
    SystemInit                               0x08001851   Thumb Code    78  system_stm32f10x.o(i.SystemInit)
    TIM2_IRQHandler                          0x080018b1   Thumb Code   168  timer.o(i.TIM2_IRQHandler)
    TIM3_PWM_Init                            0x08001981   Thumb Code   184  timer.o(i.TIM3_PWM_Init)
    TIM_ARRPreloadConfig                     0x08001a45   Thumb Code    24  stm32f10x_tim.o(i.TIM_ARRPreloadConfig)
    TIM_ClearITPendingBit                    0x08001a5d   Thumb Code     6  stm32f10x_tim.o(i.TIM_ClearITPendingBit)
    TIM_Cmd                                  0x08001a63   Thumb Code    24  stm32f10x_tim.o(i.TIM_Cmd)
    TIM_CtrlPWMOutputs                       0x08001a7b   Thumb Code    30  stm32f10x_tim.o(i.TIM_CtrlPWMOutputs)
    TIM_GetITStatus                          0x08001a99   Thumb Code    34  stm32f10x_tim.o(i.TIM_GetITStatus)
    TIM_ITConfig                             0x08001abb   Thumb Code    18  stm32f10x_tim.o(i.TIM_ITConfig)
    TIM_OC1Init                              0x08001acd   Thumb Code   132  stm32f10x_tim.o(i.TIM_OC1Init)
    TIM_OC1PreloadConfig                     0x08001b65   Thumb Code    18  stm32f10x_tim.o(i.TIM_OC1PreloadConfig)
    TIM_OC4Init                              0x08001b79   Thumb Code   114  stm32f10x_tim.o(i.TIM_OC4Init)
    TIM_OCStructInit                         0x08001bf5   Thumb Code    20  stm32f10x_tim.o(i.TIM_OCStructInit)
    TIM_SetCompare1                          0x08001c09   Thumb Code     4  stm32f10x_tim.o(i.TIM_SetCompare1)
    TIM_SetCompare4                          0x08001c0d   Thumb Code     6  stm32f10x_tim.o(i.TIM_SetCompare4)
    TIM_TimeBaseInit                         0x08001c15   Thumb Code   122  stm32f10x_tim.o(i.TIM_TimeBaseInit)
    TIM_TimeBaseStructInit                   0x08001cb9   Thumb Code    18  stm32f10x_tim.o(i.TIM_TimeBaseStructInit)
    Timer2_init                              0x08001ccb   Thumb Code   100  timer.o(i.Timer2_init)
    USART2_Init                              0x08001d31   Thumb Code   174  usart.o(i.USART2_Init)
    USART_Cmd                                0x08001de9   Thumb Code    24  stm32f10x_usart.o(i.USART_Cmd)
    USART_GetFlagStatus                      0x08001e01   Thumb Code    26  stm32f10x_usart.o(i.USART_GetFlagStatus)
    USART_ITConfig                           0x08001e1b   Thumb Code    74  stm32f10x_usart.o(i.USART_ITConfig)
    USART_Init                               0x08001e65   Thumb Code   210  stm32f10x_usart.o(i.USART_Init)
    USART_SendData                           0x08001f3d   Thumb Code     8  stm32f10x_usart.o(i.USART_SendData)
    UsageFault_Handler                       0x08001f45   Thumb Code     4  stm32f10x_it.o(i.UsageFault_Handler)
    __0printf                                0x08001f49   Thumb Code    22  printfa.o(i.__0printf)
    __1printf                                0x08001f49   Thumb Code     0  printfa.o(i.__0printf)
    __2printf                                0x08001f49   Thumb Code     0  printfa.o(i.__0printf)
    __c89printf                              0x08001f49   Thumb Code     0  printfa.o(i.__0printf)
    printf                                   0x08001f49   Thumb Code     0  printfa.o(i.__0printf)
    __0sprintf                               0x08001f69   Thumb Code    34  printfa.o(i.__0sprintf)
    __1sprintf                               0x08001f69   Thumb Code     0  printfa.o(i.__0sprintf)
    __2sprintf                               0x08001f69   Thumb Code     0  printfa.o(i.__0sprintf)
    __c89sprintf                             0x08001f69   Thumb Code     0  printfa.o(i.__0sprintf)
    sprintf                                  0x08001f69   Thumb Code     0  printfa.o(i.__0sprintf)
    __scatterload_copy                       0x08001f91   Thumb Code    14  handlers.o(i.__scatterload_copy)
    __scatterload_null                       0x08001f9f   Thumb Code     2  handlers.o(i.__scatterload_null)
    __scatterload_zeroinit                   0x08001fa1   Thumb Code    14  handlers.o(i.__scatterload_zeroinit)
    button_attach                            0x0800286d   Thumb Code    10  multibutton.o(i.button_attach)
    button_init                              0x08002ac1   Thumb Code    62  multibutton.o(i.button_init)
    button_start                             0x08002b01   Thumb Code    38  multibutton.o(i.button_start)
    button_ticks                             0x08002b2d   Thumb Code    22  multibutton.o(i.button_ticks)
    fputc                                    0x08002b49   Thumb Code    16  usart.o(i.fputc)
    main                                     0x08002b59   Thumb Code   544  main.o(i.main)
    read_button_GPIO                         0x08002e0d   Thumb Code    52  key.o(i.read_button_GPIO)
    F6x8                                     0x08002e48   Data         552  oled.o(.constdata)
    F8X16                                    0x08003070   Data        1520  oled.o(.constdata)
    Hzk                                      0x08003660   Data        1376  oled.o(.constdata)
    hz                                       0x08003bc0   Data         173  oled.o(.constdata)
    Region$$Table$$Base                      0x08003c70   Number         0  anon$$obj.o(Region$$Table)
    Region$$Table$$Limit                     0x08003c90   Number         0  anon$$obj.o(Region$$Table)
    CNT                                      0x20000018   Data           2  timer.o(.data)
    Angle                                    0x2000001c   Data           4  timer.o(.data)
    Current_pulse                            0x20000020   Data           2  timer.o(.data)
    Last_Pulse_CNT                           0x20000022   Data           2  timer.o(.data)
    pulse_diff                               0x20000024   Data           2  timer.o(.data)
    Speed                                    0x20000028   Data           4  timer.o(.data)
    fliter_value                             0x2000002c   Data           4  timer.o(.data)
    median_index                             0x20000030   Data           4  timer.o(.data)
    Ms_50_cnt                                0x20000034   Data           4  timer.o(.data)
    Actual_speed                             0x20000038   Data           4  timer.o(.data)
    AD_Value                                 0x2000003c   Data           8  dma.o(.data)
    Motor_en_flag                            0x20000044   Data           4  motor.o(.data)
    Current_State                            0x20000048   Data           1  motor.o(.data)
    Key_num                                  0x2000004c   Data           4  main.o(.data)
    speed                                    0x20000050   Data           4  main.o(.data)
    flag                                     0x20000054   Data           1  main.o(.data)
    fiter_dist                               0x20000058   Data           4  main.o(.data)
    OLED_Flag                                0x2000005c   Data           4  main.o(.data)
    AD_Float                                 0x20000060   Data           4  main.o(.data)
    ad_result                                0x20000064   Data           4  main.o(.data)
    moving_buffer_index                      0x20000068   Data           4  main.o(.data)
    median_buffer_index                      0x2000006c   Data           4  main.o(.data)
    update_time                              0x20000070   Data           4  main.o(.data)
    last_update_time                         0x20000074   Data           4  main.o(.data)
    update_time1                             0x20000078   Data           4  main.o(.data)
    last_update_time1                        0x2000007c   Data           4  main.o(.data)
    Key_flag                                 0x20000080   Data           4  main.o(.data)
    AD_Result                                0x20000084   Data           4  main.o(.data)
    moving_filter_dist                       0x20000088   Data           4  main.o(.data)
    actual_dist                              0x2000008c   Data           4  main.o(.data)
    AD_Result_Kerman                         0x20000090   Data           4  main.o(.data)
    Set_speed                                0x20000094   Data           4  main.o(.data)
    median_filter_dist                       0x20000098   Data           4  main.o(.data)
    last_update_adc                          0x2000009c   Data           4  main.o(.data)
    Pulse_CNT                                0x200000a0   Data           2  main.o(.data)
    Turn_mode_flag                           0x200000a2   Data           1  main.o(.data)
    Pulse_Cnt                                0x200000a4   Data           4  main.o(.data)
    Set_speed2                               0x200000a8   Data           4  main.o(.data)
    __stdout                                 0x200000ac   Data           4  stdout.o(.data)
    btn1                                     0x200000b0   Data          44  key.o(.bss)
    btn2                                     0x200000dc   Data          44  key.o(.bss)
    btn3                                     0x20000108   Data          44  key.o(.bss)
    Motor_Left                               0x20000134   Data          76  pid.o(.bss)
    Motor_Right                              0x20000180   Data          76  pid.o(.bss)
    mypid                                    0x200001cc   Data          12  pid.o(.bss)
    Motor_Ctrl                               0x200001d8   Data          76  pid.o(.bss)
    median_Dist_buffer                       0x20000224   Data         200  main.o(.bss)
    moving_Dist_buffer                       0x200002ec   Data         200  main.o(.bss)
    Temp_buffer                              0x200003b4   Data          50  main.o(.bss)
    Tum_buffer                               0x200003e6   Data          50  main.o(.bss)
    Uart_buffer                              0x20000418   Data         100  main.o(.bss)
    Uart1_buffer                             0x2000047c   Data         100  main.o(.bss)
    Uart2_buffer                             0x200004e0   Data         100  main.o(.bss)
    Uart3_buffer                             0x20000544   Data         100  main.o(.bss)
    __initial_sp                             0x200009a8   Data           0  startup_stm32f10x_md.o(STACK)



==============================================================================

Memory Map of the image

  Image Entry point : 0x080000ed

  Load Region LR_IROM1 (Base: 0x08000000, Size: 0x00003d40, Max: 0x00010000, ABSOLUTE)

    Execution Region ER_IROM1 (Exec base: 0x08000000, Load base: 0x08000000, Size: 0x00003c90, Max: 0x00010000, ABSOLUTE)

    Exec Addr    Load Addr    Size         Type   Attr      Idx    E Section Name        Object

    0x08000000   0x08000000   0x000000ec   Data   RO            3    RESET               startup_stm32f10x_md.o
    0x080000ec   0x080000ec   0x00000000   Code   RO         4335  * .ARM.Collect$$$$00000000  mc_w.l(entry.o)
    0x080000ec   0x080000ec   0x00000004   Code   RO         4637    .ARM.Collect$$$$00000001  mc_w.l(entry2.o)
    0x080000f0   0x080000f0   0x00000004   Code   RO         4640    .ARM.Collect$$$$00000004  mc_w.l(entry5.o)
    0x080000f4   0x080000f4   0x00000000   Code   RO         4642    .ARM.Collect$$$$00000008  mc_w.l(entry7b.o)
    0x080000f4   0x080000f4   0x00000000   Code   RO         4644    .ARM.Collect$$$$0000000A  mc_w.l(entry8b.o)
    0x080000f4   0x080000f4   0x00000008   Code   RO         4645    .ARM.Collect$$$$0000000B  mc_w.l(entry9a.o)
    0x080000fc   0x080000fc   0x00000000   Code   RO         4647    .ARM.Collect$$$$0000000D  mc_w.l(entry10a.o)
    0x080000fc   0x080000fc   0x00000000   Code   RO         4649    .ARM.Collect$$$$0000000F  mc_w.l(entry11a.o)
    0x080000fc   0x080000fc   0x00000004   Code   RO         4638    .ARM.Collect$$$$00002712  mc_w.l(entry2.o)
    0x08000100   0x08000100   0x00000024   Code   RO            4    .text               startup_stm32f10x_md.o
    0x08000124   0x08000124   0x00000024   Code   RO         4342    .text               mc_w.l(memseta.o)
    0x08000148   0x08000148   0x000000b0   Code   RO         4605    .text               mf_w.l(fadd.o)
    0x080001f8   0x080001f8   0x00000064   Code   RO         4607    .text               mf_w.l(fmul.o)
    0x0800025c   0x0800025c   0x0000014e   Code   RO         4611    .text               mf_w.l(dadd.o)
    0x080003aa   0x080003aa   0x000000e4   Code   RO         4613    .text               mf_w.l(dmul.o)
    0x0800048e   0x0800048e   0x00000012   Code   RO         4615    .text               mf_w.l(fflti.o)
    0x080004a0   0x080004a0   0x0000000a   Code   RO         4617    .text               mf_w.l(ffltui.o)
    0x080004aa   0x080004aa   0x0000001a   Code   RO         4621    .text               mf_w.l(dfltui.o)
    0x080004c4   0x080004c4   0x00000028   Code   RO         4625    .text               mf_w.l(ffixui.o)
    0x080004ec   0x080004ec   0x0000003e   Code   RO         4627    .text               mf_w.l(dfixi.o)
    0x0800052a   0x0800052a   0x00000002   PAD
    0x0800052c   0x0800052c   0x00000014   Code   RO         4633    .text               mf_w.l(cfcmple.o)
    0x08000540   0x08000540   0x00000014   Code   RO         4635    .text               mf_w.l(cfrcmple.o)
    0x08000554   0x08000554   0x0000002c   Code   RO         4652    .text               mc_w.l(uidiv.o)
    0x08000580   0x08000580   0x00000062   Code   RO         4654    .text               mc_w.l(uldiv.o)
    0x080005e2   0x080005e2   0x0000001e   Code   RO         4656    .text               mc_w.l(llshl.o)
    0x08000600   0x08000600   0x00000020   Code   RO         4658    .text               mc_w.l(llushr.o)
    0x08000620   0x08000620   0x00000024   Code   RO         4660    .text               mc_w.l(llsshr.o)
    0x08000644   0x08000644   0x00000000   Code   RO         4662    .text               mc_w.l(iusefp.o)
    0x08000644   0x08000644   0x0000006e   Code   RO         4663    .text               mf_w.l(fepilogue.o)
    0x080006b2   0x080006b2   0x000000ba   Code   RO         4665    .text               mf_w.l(depilogue.o)
    0x0800076c   0x0800076c   0x000000de   Code   RO         4667    .text               mf_w.l(ddiv.o)
    0x0800084a   0x0800084a   0x00000030   Code   RO         4669    .text               mf_w.l(dfixul.o)
    0x0800087a   0x0800087a   0x00000002   PAD
    0x0800087c   0x0800087c   0x00000030   Code   RO         4671    .text               mf_w.l(cdrcmple.o)
    0x080008ac   0x080008ac   0x00000024   Code   RO         4673    .text               mc_w.l(init.o)
    0x080008d0   0x080008d0   0x00000016   Code   RO          202    i.ADC_Cmd           stm32f10x_adc.o
    0x080008e6   0x080008e6   0x00000016   Code   RO          203    i.ADC_DMACmd        stm32f10x_adc.o
    0x080008fc   0x080008fc   0x00000014   Code   RO          210    i.ADC_GetCalibrationStatus  stm32f10x_adc.o
    0x08000910   0x08000910   0x00000014   Code   RO          216    i.ADC_GetResetCalibrationStatus  stm32f10x_adc.o
    0x08000924   0x08000924   0x00000050   Code   RO          220    i.ADC_Init          stm32f10x_adc.o
    0x08000974   0x08000974   0x000000b8   Code   RO          224    i.ADC_RegularChannelConfig  stm32f10x_adc.o
    0x08000a2c   0x08000a2c   0x0000000a   Code   RO          225    i.ADC_ResetCalibration  stm32f10x_adc.o
    0x08000a36   0x08000a36   0x00000016   Code   RO          227    i.ADC_SoftwareStartConvCmd  stm32f10x_adc.o
    0x08000a4c   0x08000a4c   0x0000000a   Code   RO          229    i.ADC_StartCalibration  stm32f10x_adc.o
    0x08000a56   0x08000a56   0x00000002   PAD
    0x08000a58   0x08000a58   0x0000000c   Code   RO         4154    i.BTN1_DoubleClick_Handler  main.o
    0x08000a64   0x08000a64   0x00000010   Code   RO         4155    i.BTN1_LongClick_Handler  main.o
    0x08000a74   0x08000a74   0x00000010   Code   RO         4156    i.BTN1_SingleClick_Handler  main.o
    0x08000a84   0x08000a84   0x0000000c   Code   RO         4157    i.BTN2_DoubleClick_Handler  main.o
    0x08000a90   0x08000a90   0x00000010   Code   RO         4158    i.BTN2_LongClick_Handler  main.o
    0x08000aa0   0x08000aa0   0x00000010   Code   RO         4159    i.BTN2_SingleClick_Handler  main.o
    0x08000ab0   0x08000ab0   0x00000024   Code   RO         4160    i.BTN3_SINGLEClick_Handler  main.o
    0x08000ad4   0x08000ad4   0x000000a4   Code   RO         3780    i.Beep_Init         beep.o
    0x08000b78   0x08000b78   0x00000004   Code   RO         4272    i.BusFault_Handler  stm32f10x_it.o
    0x08000b7c   0x08000b7c   0x00000018   Code   RO          911    i.DMA_Cmd           stm32f10x_dma.o
    0x08000b94   0x08000b94   0x0000003c   Code   RO          917    i.DMA_Init          stm32f10x_dma.o
    0x08000bd0   0x08000bd0   0x00000002   Code   RO         4273    i.DebugMon_Handler  stm32f10x_it.o
    0x08000bd2   0x08000bd2   0x0000001a   Code   RO         3350    i.Delay_1ms         oled.o
    0x08000bec   0x08000bec   0x00000044   Code   RO         3983    i.EXTI1_IRQHandler  hong wai.o
    0x08000c30   0x08000c30   0x0000000c   Code   RO          985    i.EXTI_ClearITPendingBit  stm32f10x_exti.o
    0x08000c3c   0x08000c3c   0x00000028   Code   RO          989    i.EXTI_GetITStatus  stm32f10x_exti.o
    0x08000c64   0x08000c64   0x00000094   Code   RO          990    i.EXTI_Init         stm32f10x_exti.o
    0x08000cf8   0x08000cf8   0x00000078   Code   RO         3984    i.EXTi_Init         hong wai.o
    0x08000d70   0x08000d70   0x00000040   Code   RO         1344    i.GPIO_EXTILineConfig  stm32f10x_gpio.o
    0x08000db0   0x08000db0   0x00000116   Code   RO         1347    i.GPIO_Init         stm32f10x_gpio.o
    0x08000ec6   0x08000ec6   0x00000012   Code   RO         1351    i.GPIO_ReadInputDataBit  stm32f10x_gpio.o
    0x08000ed8   0x08000ed8   0x00000004   Code   RO         1355    i.GPIO_SetBits      stm32f10x_gpio.o
    0x08000edc   0x08000edc   0x00000004   Code   RO         4274    i.HardFault_Handler  stm32f10x_it.o
    0x08000ee0   0x08000ee0   0x0000002c   Code   RO         3298    i.Key_1_2_Init      key.o
    0x08000f0c   0x08000f0c   0x0000002c   Code   RO         3299    i.Key_3_Init        key.o
    0x08000f38   0x08000f38   0x00000100   Code   RO         3907    i.Light_Init        dma.o
    0x08001038   0x08001038   0x00000098   Code   RO         3922    i.Load_Motor_pwm    motor.o
    0x080010d0   0x080010d0   0x00000004   Code   RO         4275    i.MemManage_Handler  stm32f10x_it.o
    0x080010d4   0x080010d4   0x0000002c   Code   RO         3923    i.Motor_En_Init     motor.o
    0x08001100   0x08001100   0x00000002   Code   RO         4276    i.NMI_Handler       stm32f10x_it.o
    0x08001102   0x08001102   0x00000002   PAD
    0x08001104   0x08001104   0x00000070   Code   RO          137    i.NVIC_Init         misc.o
    0x08001174   0x08001174   0x00000014   Code   RO          138    i.NVIC_PriorityGroupConfig  misc.o
    0x08001188   0x08001188   0x0000003e   Code   RO         3352    i.OLED_Clear        oled.o
    0x080011c6   0x080011c6   0x00000002   PAD
    0x080011c8   0x080011c8   0x00000024   Code   RO         3362    i.OLED_IIC_Start    oled.o
    0x080011ec   0x080011ec   0x00000020   Code   RO         3363    i.OLED_IIC_Stop     oled.o
    0x0800120c   0x0800120c   0x00000018   Code   RO         3364    i.OLED_IIC_Wait_Ack  oled.o
    0x08001224   0x08001224   0x00000128   Code   RO         3365    i.OLED_Init         oled.o
    0x0800134c   0x0800134c   0x00000028   Code   RO         3368    i.OLED_Set_Pos      oled.o
    0x08001374   0x08001374   0x000000a4   Code   RO         3370    i.OLED_ShowChar     oled.o
    0x08001418   0x08001418   0x0000003a   Code   RO         3372    i.OLED_ShowString   oled.o
    0x08001452   0x08001452   0x00000018   Code   RO         3374    i.OLED_WR_Byte      oled.o
    0x0800146a   0x0800146a   0x00000002   PAD
    0x0800146c   0x0800146c   0x00000050   Code   RO         3375    i.OLED_Write_IIC_Byte  oled.o
    0x080014bc   0x080014bc   0x0000002c   Code   RO         3376    i.OLED_Write_IIC_Command  oled.o
    0x080014e8   0x080014e8   0x0000002c   Code   RO         3377    i.OLED_Write_IIC_Data  oled.o
    0x08001514   0x08001514   0x00000018   Code   RO         4018    i.PID_Speed_Init    pid.o
    0x0800152c   0x0800152c   0x00000008   Code   RO         4019    i.PID_Speed_SetK    pid.o
    0x08001534   0x08001534   0x00000002   Code   RO         4277    i.PendSV_Handler    stm32f10x_it.o
    0x08001536   0x08001536   0x00000002   PAD
    0x08001538   0x08001538   0x00000018   Code   RO         1773    i.RCC_ADCCLKConfig  stm32f10x_rcc.o
    0x08001550   0x08001550   0x00000020   Code   RO         1774    i.RCC_AHBPeriphClockCmd  stm32f10x_rcc.o
    0x08001570   0x08001570   0x00000020   Code   RO         1775    i.RCC_APB1PeriphClockCmd  stm32f10x_rcc.o
    0x08001590   0x08001590   0x00000020   Code   RO         1777    i.RCC_APB2PeriphClockCmd  stm32f10x_rcc.o
    0x080015b0   0x080015b0   0x000000d4   Code   RO         1785    i.RCC_GetClocksFreq  stm32f10x_rcc.o
    0x08001684   0x08001684   0x00000002   Code   RO         4278    i.SVC_Handler       stm32f10x_it.o
    0x08001686   0x08001686   0x00000002   PAD
    0x08001688   0x08001688   0x00000020   Code   RO         3849    i.Serial_SendByte   usart.o
    0x080016a8   0x080016a8   0x00000008   Code   RO           24    i.SetSysClock       system_stm32f10x.o
    0x080016b0   0x080016b0   0x000000e0   Code   RO           25    i.SetSysClockTo72   system_stm32f10x.o
    0x08001790   0x08001790   0x00000014   Code   RO         3782    i.Set_Beep_compare  beep.o
    0x080017a4   0x080017a4   0x0000001c   Code   RO         3928    i.Set_Motor_Enable  motor.o
    0x080017c0   0x080017c0   0x00000004   Code   RO         4028    i.Set_Target_speed  pid.o
    0x080017c4   0x080017c4   0x00000088   Code   RO         4029    i.Speed_pid_realize  pid.o
    0x0800184c   0x0800184c   0x00000002   Code   RO         4279    i.SysTick_Handler   stm32f10x_it.o
    0x0800184e   0x0800184e   0x00000002   PAD
    0x08001850   0x08001850   0x00000060   Code   RO           27    i.SystemInit        system_stm32f10x.o
    0x080018b0   0x080018b0   0x000000d0   Code   RO         3681    i.TIM2_IRQHandler   timer.o
    0x08001980   0x08001980   0x000000c4   Code   RO         3682    i.TIM3_PWM_Init     timer.o
    0x08001a44   0x08001a44   0x00000018   Code   RO         2409    i.TIM_ARRPreloadConfig  stm32f10x_tim.o
    0x08001a5c   0x08001a5c   0x00000006   Code   RO         2416    i.TIM_ClearITPendingBit  stm32f10x_tim.o
    0x08001a62   0x08001a62   0x00000018   Code   RO         2421    i.TIM_Cmd           stm32f10x_tim.o
    0x08001a7a   0x08001a7a   0x0000001e   Code   RO         2423    i.TIM_CtrlPWMOutputs  stm32f10x_tim.o
    0x08001a98   0x08001a98   0x00000022   Code   RO         2442    i.TIM_GetITStatus   stm32f10x_tim.o
    0x08001aba   0x08001aba   0x00000012   Code   RO         2446    i.TIM_ITConfig      stm32f10x_tim.o
    0x08001acc   0x08001acc   0x00000098   Code   RO         2450    i.TIM_OC1Init       stm32f10x_tim.o
    0x08001b64   0x08001b64   0x00000012   Code   RO         2453    i.TIM_OC1PreloadConfig  stm32f10x_tim.o
    0x08001b76   0x08001b76   0x00000002   PAD
    0x08001b78   0x08001b78   0x0000007c   Code   RO         2465    i.TIM_OC4Init       stm32f10x_tim.o
    0x08001bf4   0x08001bf4   0x00000014   Code   RO         2468    i.TIM_OCStructInit  stm32f10x_tim.o
    0x08001c08   0x08001c08   0x00000004   Code   RO         2482    i.TIM_SetCompare1   stm32f10x_tim.o
    0x08001c0c   0x08001c0c   0x00000006   Code   RO         2485    i.TIM_SetCompare4   stm32f10x_tim.o
    0x08001c12   0x08001c12   0x00000002   PAD
    0x08001c14   0x08001c14   0x000000a4   Code   RO         2492    i.TIM_TimeBaseInit  stm32f10x_tim.o
    0x08001cb8   0x08001cb8   0x00000012   Code   RO         2493    i.TIM_TimeBaseStructInit  stm32f10x_tim.o
    0x08001cca   0x08001cca   0x00000064   Code   RO         3683    i.Timer2_init       timer.o
    0x08001d2e   0x08001d2e   0x00000002   PAD
    0x08001d30   0x08001d30   0x000000b8   Code   RO         3852    i.USART2_Init       usart.o
    0x08001de8   0x08001de8   0x00000018   Code   RO         2960    i.USART_Cmd         stm32f10x_usart.o
    0x08001e00   0x08001e00   0x0000001a   Code   RO         2963    i.USART_GetFlagStatus  stm32f10x_usart.o
    0x08001e1a   0x08001e1a   0x0000004a   Code   RO         2966    i.USART_ITConfig    stm32f10x_usart.o
    0x08001e64   0x08001e64   0x000000d8   Code   RO         2967    i.USART_Init        stm32f10x_usart.o
    0x08001f3c   0x08001f3c   0x00000008   Code   RO         2977    i.USART_SendData    stm32f10x_usart.o
    0x08001f44   0x08001f44   0x00000004   Code   RO         4280    i.UsageFault_Handler  stm32f10x_it.o
    0x08001f48   0x08001f48   0x00000020   Code   RO         4577    i.__0printf         mc_w.l(printfa.o)
    0x08001f68   0x08001f68   0x00000028   Code   RO         4579    i.__0sprintf        mc_w.l(printfa.o)
    0x08001f90   0x08001f90   0x0000000e   Code   RO         4677    i.__scatterload_copy  mc_w.l(handlers.o)
    0x08001f9e   0x08001f9e   0x00000002   Code   RO         4678    i.__scatterload_null  mc_w.l(handlers.o)
    0x08001fa0   0x08001fa0   0x0000000e   Code   RO         4679    i.__scatterload_zeroinit  mc_w.l(handlers.o)
    0x08001fae   0x08001fae   0x00000002   PAD
    0x08001fb0   0x08001fb0   0x00000184   Code   RO         4584    i._fp_digits        mc_w.l(printfa.o)
    0x08002134   0x08002134   0x000006dc   Code   RO         4585    i._printf_core      mc_w.l(printfa.o)
    0x08002810   0x08002810   0x00000024   Code   RO         4586    i._printf_post_padding  mc_w.l(printfa.o)
    0x08002834   0x08002834   0x0000002e   Code   RO         4587    i._printf_pre_padding  mc_w.l(printfa.o)
    0x08002862   0x08002862   0x0000000a   Code   RO         4589    i._sputc            mc_w.l(printfa.o)
    0x0800286c   0x0800286c   0x0000000a   Code   RO         3629    i.button_attach     multibutton.o
    0x08002876   0x08002876   0x0000024a   Code   RO         3630    i.button_handler    multibutton.o
    0x08002ac0   0x08002ac0   0x0000003e   Code   RO         3631    i.button_init       multibutton.o
    0x08002afe   0x08002afe   0x00000002   PAD
    0x08002b00   0x08002b00   0x0000002c   Code   RO         3632    i.button_start      multibutton.o
    0x08002b2c   0x08002b2c   0x0000001c   Code   RO         3634    i.button_ticks      multibutton.o
    0x08002b48   0x08002b48   0x00000010   Code   RO         3853    i.fputc             usart.o
    0x08002b58   0x08002b58   0x000002b4   Code   RO         4161    i.main              main.o
    0x08002e0c   0x08002e0c   0x0000003c   Code   RO         3301    i.read_button_GPIO  key.o
    0x08002e48   0x08002e48   0x00000e25   Data   RO         3379    .constdata          oled.o
    0x08003c6d   0x08003c6d   0x00000003   PAD
    0x08003c70   0x08003c70   0x00000020   Data   RO         4675    Region$$Table       anon$$obj.o


    Execution Region RW_IRAM1 (Exec base: 0x20000000, Load base: 0x08003c90, Size: 0x000009a8, Max: 0x00005000, ABSOLUTE)

    Exec Addr    Load Addr    Size         Type   Attr      Idx    E Section Name        Object

    0x20000000   0x08003c90   0x00000014   Data   RW         1805    .data               stm32f10x_rcc.o
    0x20000014   0x08003ca4   0x00000004   Data   RW         3636    .data               multibutton.o
    0x20000018   0x08003ca8   0x00000024   Data   RW         3685    .data               timer.o
    0x2000003c   0x08003ccc   0x00000008   Data   RW         3908    .data               dma.o
    0x20000044   0x08003cd4   0x00000005   Data   RW         3930    .data               motor.o
    0x20000049   0x08003cd9   0x00000003   PAD
    0x2000004c   0x08003cdc   0x00000060   Data   RW         4163    .data               main.o
    0x200000ac   0x08003d3c   0x00000004   Data   RW         4651    .data               mc_w.l(stdout.o)
    0x200000b0        -       0x00000084   Zero   RW         3302    .bss                key.o
    0x20000134        -       0x000000f0   Zero   RW         4030    .bss                pid.o
    0x20000224        -       0x00000384   Zero   RW         4162    .bss                main.o
    0x200005a8        -       0x00000400   Zero   RW            1    STACK               startup_stm32f10x_md.o


==============================================================================

Image component sizes


      Code (inc. data)   RO Data    RW Data    ZI Data      Debug   Object Name

       184         16          0          0          0       1199   beep.o
         0          0          0          0          0       4500   core_cm3.o
       256         16          0          8          0       1264   dma.o
       188         14          0          0          0       1115   hong wai.o
       148         18          0          0        132       2836   key.o
       816        178          0         96        900       7960   main.o
       132         22          0          0          0     216127   misc.o
       224         18          0          5          0       2394   motor.o
       730         18          0          4          0       3456   multibutton.o
       930         46       3621          0          0       8717   oled.o
       172          8          0          0        240       4406   pid.o
        36          8        236          0       1024        824   startup_stm32f10x_md.o
       390         10          0          0          0      18073   stm32f10x_adc.o
        84          0          0          0          0      12577   stm32f10x_dma.o
       200         18          0          0          0       4248   stm32f10x_exti.o
       364          4          0          0          0      12057   stm32f10x_gpio.o
        26          0          0          0          0       4018   stm32f10x_it.o
       332         44          0         20          0      14269   stm32f10x_rcc.o
       642         72          0          0          0      29069   stm32f10x_tim.o
       348          6          0          0          0      10857   stm32f10x_usart.o
       328         28          0          0          0      55297   system_stm32f10x.o
       504         52          0         36          0       3136   timer.o
       232         14          0          0          0       3540   usart.o

    ----------------------------------------------------------------------
      7288        610       3892        172       2296     421939   Object Totals
         0          0         32          0          0          0   (incl. Generated)
        22          0          3          3          0          0   (incl. Padding)

    ----------------------------------------------------------------------

      Code (inc. data)   RO Data    RW Data    ZI Data      Debug   Library Member Name

         0          0          0          0          0          0   entry.o
         0          0          0          0          0          0   entry10a.o
         0          0          0          0          0          0   entry11a.o
         8          4          0          0          0          0   entry2.o
         4          0          0          0          0          0   entry5.o
         0          0          0          0          0          0   entry7b.o
         0          0          0          0          0          0   entry8b.o
         8          4          0          0          0          0   entry9a.o
        30          0          0          0          0          0   handlers.o
        36          8          0          0          0         68   init.o
         0          0          0          0          0          0   iusefp.o
        30          0          0          0          0         68   llshl.o
        36          0          0          0          0         68   llsshr.o
        32          0          0          0          0         68   llushr.o
        36          0          0          0          0        108   memseta.o
      2308         96          0          0          0        604   printfa.o
         0          0          0          4          0          0   stdout.o
        44          0          0          0          0         80   uidiv.o
        98          0          0          0          0         92   uldiv.o
        48          0          0          0          0         68   cdrcmple.o
        20          0          0          0          0         68   cfcmple.o
        20          0          0          0          0         68   cfrcmple.o
       334          0          0          0          0        148   dadd.o
       222          0          0          0          0        100   ddiv.o
       186          0          0          0          0        176   depilogue.o
        62          0          0          0          0         80   dfixi.o
        48          0          0          0          0         68   dfixul.o
        26          0          0          0          0         76   dfltui.o
       228          0          0          0          0         96   dmul.o
       176          0          0          0          0        140   fadd.o
       110          0          0          0          0        168   fepilogue.o
        40          0          0          0          0         68   ffixui.o
        18          0          0          0          0         68   fflti.o
        10          0          0          0          0         68   ffltui.o
       100          0          0          0          0         76   fmul.o

    ----------------------------------------------------------------------
      4324        112          0          4          0       2692   Library Totals
         6          0          0          0          0          0   (incl. Padding)

    ----------------------------------------------------------------------

      Code (inc. data)   RO Data    RW Data    ZI Data      Debug   Library Name

      2670        112          0          4          0       1156   mc_w.l
      1648          0          0          0          0       1536   mf_w.l

    ----------------------------------------------------------------------
      4324        112          0          4          0       2692   Library Totals

    ----------------------------------------------------------------------

==============================================================================


      Code (inc. data)   RO Data    RW Data    ZI Data      Debug   

     11612        722       3892        176       2296     418127   Grand Totals
     11612        722       3892        176       2296     418127   ELF Image Totals
     11612        722       3892        176          0          0   ROM Totals

==============================================================================

    Total RO  Size (Code + RO Data)                15504 (  15.14kB)
    Total RW  Size (RW Data + ZI Data)              2472 (   2.41kB)
    Total ROM Size (Code + RO Data + RW Data)      15680 (  15.31kB)

==============================================================================

