<html>
<body>
<pre>
<h1>礦ision Build Log</h1>
<h2>Tool Versions:</h2>
IDE-Version: μVision V5.39.0.0
Copyright (C) 2023 ARM Ltd and ARM Germany GmbH. All rights reserved.
License Information: 西瓜 DELL, 电赛国一, LIC=ATTQ1-CBFKR-63VMB-2Y9NJ-MD3AY-6WKVH
 
Tool Versions:
Toolchain:       MDK-ARM Plus  Version: 5.39.0.0
Toolchain Path:  D:\keil5\ARM\ARMCC\Bin
C Compiler:      Armcc.exe V5.06 update 6 (build 750)
Assembler:       Armasm.exe V5.06 update 6 (build 750)
Linker/Locator:  ArmLink.exe V5.06 update 6 (build 750)
Library Manager: ArmAr.exe V5.06 update 6 (build 750)
Hex Converter:   FromElf.exe V5.06 update 6 (build 750)
CPU DLL:         SARMCM3.DLL V5.39.0.0
Dialog DLL:      DCM.DLL V1.17.5.0
Target DLL:      STLink\ST-LINKIII-KEIL_SWO.dll V3.2.0.0
Dialog DLL:      TCM.DLL V1.56.4.0
 
<h2>Project:</h2>
F:\江科大源码\程序源码\程序源码\STM32Project-无注释版\mcu超声波实验\Project.uvprojx
Project File Date:  06/01/2025

<h2>Output:</h2>
*** Using Compiler 'V5.06 update 6 (build 750)', folder: 'D:\keil5\ARM\ARMCC\Bin'
Rebuild target 'Target 1'
compiling system_stm32f10x.c...
compiling stm32f10x_crc.c...
compiling stm32f10x_adc.c...
compiling stm32f10x_dma.c...
assembling startup_stm32f10x_md.s...
compiling misc.c...
compiling stm32f10x_dac.c...
compiling stm32f10x_dbgmcu.c...
compiling stm32f10x_exti.c...
compiling stm32f10x_bkp.c...
compiling stm32f10x_cec.c...
compiling stm32f10x_can.c...
compiling stm32f10x_flash.c...
compiling stm32f10x_fsmc.c...
compiling stm32f10x_gpio.c...
compiling stm32f10x_i2c.c...
compiling core_cm3.c...
compiling stm32f10x_iwdg.c...
compiling stm32f10x_pwr.c...
compiling stm32f10x_rcc.c...
compiling stm32f10x_rtc.c...
compiling stm32f10x_sdio.c...
compiling stm32f10x_spi.c...
compiling stm32f10x_usart.c...
compiling stm32f10x_wwdg.c...
compiling stm32f10x_tim.c...
compiling Delay.c...
compiling LED.c...
Hardware\LED.c(102): warning:  #1-D: last line of file ends without a newline
  }
Hardware\LED.c: 1 warning, 0 errors
compiling Key.c...
compiling OLED.c...
Hardware\OLED_Font.h(431): warning:  #1-D: last line of file ends without a newline
  #endif
Hardware\OLED.c(493): warning:  #1-D: last line of file ends without a newline
  }  
Hardware\OLED.c: 2 warnings, 0 errors
compiling Struct.c...
compiling SR03.c...
compiling HT11.c...
compiling multibutton.c...
compiling Timer.c...
Hardware\Timer.c(44): warning:  #177-D: variable "GPIO_InitStructure"  was declared but never referenced
  	GPIO_InitTypeDef GPIO_InitStructure;
Hardware\Timer.c: 1 warning, 0 errors
compiling OLED_Menu.c...
compiling OLED_Font.c...
compiling JTAG.c...
Hardware\JTAG.c(11): warning:  #1-D: last line of file ends without a newline
  } 
Hardware\JTAG.c: 1 warning, 0 errors
compiling seg.c...
compiling Beep.c...
Hardware\Beep.c(6): warning:  #177-D: variable "GPIO_InitStruct"  was declared but never referenced
    GPIO_InitTypeDef GPIO_InitStruct;
Hardware\Beep.c(8): warning:  #550-D: variable "GPIO_InitStructure"  was set but never used
  	GPIO_InitTypeDef GPIO_InitStructure;
Hardware\Beep.c(13): warning:  #177-D: variable "TIM_OCInitStruct"  was declared but never referenced
  	TIM_OCInitTypeDef TIM_OCInitStruct;
Hardware\Beep.c(39): warning:  #1-D: last line of file ends without a newline
  }
Hardware\Beep.c: 4 warnings, 0 errors
compiling stm32f10x_it.c...
compiling main.c...
User\main.c(128): warning:  #111-D: statement is unreachable
  		return 0;
User\main.c: 1 warning, 0 errors
linking...
Program Size: Code=11210 RO-data=3930 RW-data=64 ZI-data=2368  
".\Objects\Project.axf" - 0 Error(s), 10 Warning(s).

<h2>Software Packages used:</h2>

Package Vendor: Keil
                http://www.keil.com/pack/Keil.STM32F1xx_DFP.2.2.0.pack
                Keil::STM32F1xx_DFP@2.2.0
                STMicroelectronics STM32F1 Series Device Support, Drivers and Examples

<h2>Collection of Component include folders:</h2>
  D:/keil5/ARM/PACK/Keil/STM32F1xx_DFP/2.2.0/Device/Include

<h2>Collection of Component Files used:</h2>
Build Time Elapsed:  00:00:08
</pre>
</body>
</html>
