Component: ARM Compiler 5.06 update 6 (build 750) Tool: armlink [4d35ed]

==============================================================================

Section Cross References

    startup_stm32f10x_md.o(STACK) refers (Special) to heapauxi.o(.text) for __use_two_region_memory
    startup_stm32f10x_md.o(HEAP) refers (Special) to heapauxi.o(.text) for __use_two_region_memory
    startup_stm32f10x_md.o(RESET) refers (Special) to heapauxi.o(.text) for __use_two_region_memory
    startup_stm32f10x_md.o(RESET) refers to startup_stm32f10x_md.o(STACK) for __initial_sp
    startup_stm32f10x_md.o(RESET) refers to startup_stm32f10x_md.o(.text) for Reset_Handler
    startup_stm32f10x_md.o(RESET) refers to stm32f10x_it.o(i.NMI_Handler) for NMI_Handler
    startup_stm32f10x_md.o(RESET) refers to stm32f10x_it.o(i.HardFault_Handler) for HardFault_Handler
    startup_stm32f10x_md.o(RESET) refers to stm32f10x_it.o(i.MemManage_Handler) for MemManage_Handler
    startup_stm32f10x_md.o(RESET) refers to stm32f10x_it.o(i.BusFault_Handler) for BusFault_Handler
    startup_stm32f10x_md.o(RESET) refers to stm32f10x_it.o(i.UsageFault_Handler) for UsageFault_Handler
    startup_stm32f10x_md.o(RESET) refers to stm32f10x_it.o(i.SVC_Handler) for SVC_Handler
    startup_stm32f10x_md.o(RESET) refers to stm32f10x_it.o(i.DebugMon_Handler) for DebugMon_Handler
    startup_stm32f10x_md.o(RESET) refers to stm32f10x_it.o(i.PendSV_Handler) for PendSV_Handler
    startup_stm32f10x_md.o(RESET) refers to stm32f10x_it.o(i.SysTick_Handler) for SysTick_Handler
    startup_stm32f10x_md.o(RESET) refers to motor.o(i.TIM2_IRQHandler) for TIM2_IRQHandler
    startup_stm32f10x_md.o(RESET) refers to atk_esp8266d_uart.o(i.USART1_IRQHandler) for USART1_IRQHandler
    startup_stm32f10x_md.o(RESET) refers to usart2.o(i.USART2_IRQHandler) for USART2_IRQHandler
    startup_stm32f10x_md.o(.text) refers (Special) to heapauxi.o(.text) for __use_two_region_memory
    startup_stm32f10x_md.o(.text) refers to system_stm32f10x.o(i.SystemInit) for SystemInit
    startup_stm32f10x_md.o(.text) refers to __main.o(!!!main) for __main
    startup_stm32f10x_md.o(.text) refers to startup_stm32f10x_md.o(HEAP) for Heap_Mem
    startup_stm32f10x_md.o(.text) refers to startup_stm32f10x_md.o(STACK) for Stack_Mem
    system_stm32f10x.o(i.SetSysClock) refers to system_stm32f10x.o(i.SetSysClockTo72) for SetSysClockTo72
    system_stm32f10x.o(i.SystemCoreClockUpdate) refers to system_stm32f10x.o(.data) for SystemCoreClock
    system_stm32f10x.o(i.SystemInit) refers to system_stm32f10x.o(i.SetSysClock) for SetSysClock
    stm32f10x_gpio.o(i.GPIO_AFIODeInit) refers to stm32f10x_rcc.o(i.RCC_APB2PeriphResetCmd) for RCC_APB2PeriphResetCmd
    stm32f10x_gpio.o(i.GPIO_DeInit) refers to stm32f10x_rcc.o(i.RCC_APB2PeriphResetCmd) for RCC_APB2PeriphResetCmd
    stm32f10x_rcc.o(i.RCC_GetClocksFreq) refers to stm32f10x_rcc.o(.data) for APBAHBPrescTable
    stm32f10x_rcc.o(i.RCC_WaitForHSEStartUp) refers to stm32f10x_rcc.o(i.RCC_GetFlagStatus) for RCC_GetFlagStatus
    stm32f10x_adc.o(i.ADC_DeInit) refers to stm32f10x_rcc.o(i.RCC_APB2PeriphResetCmd) for RCC_APB2PeriphResetCmd
    stm32f10x_bkp.o(i.BKP_DeInit) refers to stm32f10x_rcc.o(i.RCC_BackupResetCmd) for RCC_BackupResetCmd
    stm32f10x_can.o(i.CAN_DeInit) refers to stm32f10x_rcc.o(i.RCC_APB1PeriphResetCmd) for RCC_APB1PeriphResetCmd
    stm32f10x_can.o(i.CAN_GetITStatus) refers to stm32f10x_can.o(i.CheckITStatus) for CheckITStatus
    stm32f10x_cec.o(i.CEC_DeInit) refers to stm32f10x_rcc.o(i.RCC_APB1PeriphResetCmd) for RCC_APB1PeriphResetCmd
    stm32f10x_dac.o(i.DAC_DeInit) refers to stm32f10x_rcc.o(i.RCC_APB1PeriphResetCmd) for RCC_APB1PeriphResetCmd
    stm32f10x_flash.o(i.FLASH_EnableWriteProtection) refers to stm32f10x_flash.o(i.FLASH_WaitForLastOperation) for FLASH_WaitForLastOperation
    stm32f10x_flash.o(i.FLASH_EraseAllBank1Pages) refers to stm32f10x_flash.o(i.FLASH_WaitForLastBank1Operation) for FLASH_WaitForLastBank1Operation
    stm32f10x_flash.o(i.FLASH_EraseAllPages) refers to stm32f10x_flash.o(i.FLASH_WaitForLastOperation) for FLASH_WaitForLastOperation
    stm32f10x_flash.o(i.FLASH_EraseOptionBytes) refers to stm32f10x_flash.o(i.FLASH_GetReadOutProtectionStatus) for FLASH_GetReadOutProtectionStatus
    stm32f10x_flash.o(i.FLASH_EraseOptionBytes) refers to stm32f10x_flash.o(i.FLASH_WaitForLastOperation) for FLASH_WaitForLastOperation
    stm32f10x_flash.o(i.FLASH_ErasePage) refers to stm32f10x_flash.o(i.FLASH_WaitForLastOperation) for FLASH_WaitForLastOperation
    stm32f10x_flash.o(i.FLASH_ProgramHalfWord) refers to stm32f10x_flash.o(i.FLASH_WaitForLastOperation) for FLASH_WaitForLastOperation
    stm32f10x_flash.o(i.FLASH_ProgramOptionByteData) refers to stm32f10x_flash.o(i.FLASH_WaitForLastOperation) for FLASH_WaitForLastOperation
    stm32f10x_flash.o(i.FLASH_ProgramWord) refers to stm32f10x_flash.o(i.FLASH_WaitForLastOperation) for FLASH_WaitForLastOperation
[...]
    i.BusFault_Handler                       0x08001ed4   Section        0  stm32f10x_it.o(i.BusFault_Handler)
    i.Cloud_Init                             0x08001ed8   Section        0  cloud.o(i.Cloud_Init)
    i.DHT11_ReadData                         0x08002064   Section        0  dht11.o(i.DHT11_ReadData)
    i.DHT11_init                             0x08002120   Section        0  dht11.o(i.DHT11_init)
    i.DHT_INPUT                              0x08002138   Section        0  dht11.o(i.DHT_INPUT)
    i.DHT_OUTPUT_PP                          0x08002164   Section        0  dht11.o(i.DHT_OUTPUT_PP)
    i.DebugMon_Handler                       0x08002190   Section        0  stm32f10x_it.o(i.DebugMon_Handler)
    i.Delay_1ms                              0x08002192   Section        0  oled.o(i.Delay_1ms)
    i.ExtractRequestId                       0x080021ac   Section        0  iotmessagehandler.o(i.ExtractRequestId)
    i.GPIO_Init                              0x08002250   Section        0  stm32f10x_gpio.o(i.GPIO_Init)
    i.GPIO_ResetBits                         0x08002366   Section        0  stm32f10x_gpio.o(i.GPIO_ResetBits)
    i.GPIO_SetBits                           0x0800236a   Section        0  stm32f10x_gpio.o(i.GPIO_SetBits)
    i.HardFault_Handler                      0x0800236e   Section        0  stm32f10x_it.o(i.HardFault_Handler)
    i.JTAG_SW_init                           0x08002374   Section        0  jtag_sw.o(i.JTAG_SW_init)
    i.LED_init                               0x080023a4   Section        0  led.o(i.LED_init)
    i.LIGHT_init                             0x080023dc   Section        0  light.o(i.LIGHT_init)
    i.MOTOR_control                          0x08002470   Section        0  motor.o(i.MOTOR_control)
    i.MOTOR_init                             0x080024cc   Section        0  motor.o(i.MOTOR_init)
    i.MemManage_Handler                      0x08002534   Section        0  stm32f10x_it.o(i.MemManage_Handler)
    i.NMI_Handler                            0x08002538   Section        0  stm32f10x_it.o(i.NMI_Handler)
    i.NVIC_Init                              0x0800253c   Section        0  misc.o(i.NVIC_Init)
    i.NVIC_PriorityGroupConfig               0x080025ac   Section        0  misc.o(i.NVIC_PriorityGroupConfig)
    i.OLED_Clear                             0x080025c0   Section        0  oled.o(i.OLED_Clear)
    i.OLED_IIC_Start                         0x08002600   Section        0  oled.o(i.OLED_IIC_Start)
    i.OLED_IIC_Stop                          0x08002624   Section        0  oled.o(i.OLED_IIC_Stop)
    i.OLED_IIC_Wait_Ack                      0x08002644   Section        0  oled.o(i.OLED_IIC_Wait_Ack)
    i.OLED_Init                              0x0800265c   Section        0  oled.o(i.OLED_Init)
    i.OLED_Set_Pos                           0x08002784   Section        0  oled.o(i.OLED_Set_Pos)
    i.OLED_ShowCHinese                       0x080027ac   Section        0  oled.o(i.OLED_ShowCHinese)
    i.OLED_ShowChar                          0x08002854   Section        0  oled.o(i.OLED_ShowChar)
    i.OLED_Show_Str                          0x080028f8   Section        0  oled.o(i.OLED_Show_Str)
    i.OLED_WR_Byte                           0x0800293a   Section        0  oled.o(i.OLED_WR_Byte)
    i.OLED_Write_IIC_Byte                    0x08002954   Section        0  oled.o(i.OLED_Write_IIC_Byte)
    i.OLED_Write_IIC_Command                 0x080029a4   Section        0  oled.o(i.OLED_Write_IIC_Command)
    i.OLED_Write_IIC_Data                    0x080029d0   Section        0  oled.o(i.OLED_Write_IIC_Data)
    i.PendSV_Handler                         0x080029fc   Section        0  stm32f10x_it.o(i.PendSV_Handler)
    i.RCC_ADCCLKConfig                       0x08002a00   Section        0  stm32f10x_rcc.o(i.RCC_ADCCLKConfig)
    i.RCC_APB1PeriphClockCmd                 0x08002a18   Section        0  stm32f10x_rcc.o(i.RCC_APB1PeriphClockCmd)
    i.RCC_APB2PeriphClockCmd                 0x08002a38   Section        0  stm32f10x_rcc.o(i.RCC_APB2PeriphClockCmd)
    i.RCC_APB2PeriphResetCmd                 0x08002a58   Section        0  stm32f10x_rcc.o(i.RCC_APB2PeriphResetCmd)
    i.RCC_GetClocksFreq                      0x08002a78   Section        0  stm32f10x_rcc.o(i.RCC_GetClocksFreq)
    i.Read_LIGHT                             0x08002b4c   Section        0  light.o(i.Read_LIGHT)
    i.ResponseCommand                        0x08002b80   Section        0  iotmessagehandler.o(i.ResponseCommand)
    i.SVC_Handler                            0x08002c18   Section        0  stm32f10x_it.o(i.SVC_Handler)
    i.SetSysClock                            0x08002c1a   Section        0  system_stm32f10x.o(i.SetSysClock)
    SetSysClock                              0x08002c1b   Thumb Code     8  system_stm32f10x.o(i.SetSysClock)
    i.SetSysClockTo72                        0x08002c24   Section        0  system_stm32f10x.o(i.SetSysClockTo72)
    SetSysClockTo72                          0x08002c25   Thumb Code   214  system_stm32f10x.o(i.SetSysClockTo72)
    i.SysTick_CLKSourceConfig                0x08002d04   Section        0  misc.o(i.SysTick_CLKSourceConfig)
    i.SysTick_Handler                        0x08002d2c   Section        0  stm32f10x_it.o(i.SysTick_Handler)
    i.SystemInit                             0x08002d30   Section        0  system_stm32f10x.o(i.SystemInit)
    i.TIM2_IRQHandler                        0x08002d90   Section        0  motor.o(i.TIM2_IRQHandler)
    i.TIM_ClearITPendingBit                  0x08002de4   Section        0  stm32f10x_tim.o(i.TIM_ClearITPendingBit)
    i.TIM_GetITStatus                        0x08002dea   Section        0  stm32f10x_tim.o(i.TIM_GetITStatus)
    i.UART_Transmit                          0x08002e0c   Section        0  atk_esp8266d_uart.o(i.UART_Transmit)
    i.USART1_IRQHandler                      0x08002e2c   Section        0  atk_esp8266d_uart.o(i.USART1_IRQHandler)
    i.USART2_IRQHandler                      0x08002ef8   Section        0  usart2.o(i.USART2_IRQHandler)
    i.USART_ClearFlag                        0x08002f64   Section        0  stm32f10x_usart.o(i.USART_ClearFlag)
    i.USART_ClearITPendingBit                0x08002f76   Section        0  stm32f10x_usart.o(i.USART_ClearITPendingBit)
    i.USART_Cmd                              0x08002f94   Section        0  stm32f10x_usart.o(i.USART_Cmd)
    i.USART_GetFlagStatus                    0x08002fac   Section        0  stm32f10x_usart.o(i.USART_GetFlagStatus)
    i.USART_GetITStatus                      0x08002fc6   Section        0  stm32f10x_usart.o(i.USART_GetITStatus)
    i.USART_ITConfig                         0x0800301a   Section        0  stm32f10x_usart.o(i.USART_ITConfig)
    i.USART_Init                             0x08003064   Section        0  stm32f10x_usart.o(i.USART_Init)
    i.USART_ReceiveData                      0x0800313c   Section        0  stm32f10x_usart.o(i.USART_ReceiveData)
    i.UsageFault_Handler                     0x08003146   Section        0  stm32f10x_it.o(i.UsageFault_Handler)
    i.__ARM_fpclassify                       0x0800314a   Section        0  fpclassify.o(i.__ARM_fpclassify)
    i._is_digit                              0x08003172   Section        0  __printf_wp.o(i._is_digit)
    i.atk_esp8266d_at_test                   0x08003180   Section        0  atk_esp8266d.o(i.atk_esp8266d_at_test)
    i.atk_esp8266d_init                      0x080031b0   Section        0  atk_esp8266d.o(i.atk_esp8266d_init)
    i.atk_esp8266d_join_ap                   0x080031c8   Section        0  atk_esp8266d.o(i.atk_esp8266d_join_ap)
    i.atk_esp8266d_mqttclientid              0x08003218   Section        0  atk_esp8266d.o(i.atk_esp8266d_mqttclientid)
    i.atk_esp8266d_mqttconn                  0x08003260   Section        0  atk_esp8266d.o(i.atk_esp8266d_mqttconn)
    i.atk_esp8266d_mqttpubstr                0x080032ac   Section        0  atk_esp8266d.o(i.atk_esp8266d_mqttpubstr)
    i.atk_esp8266d_mqttsub                   0x080032fc   Section        0  atk_esp8266d.o(i.atk_esp8266d_mqttsub)
    i.atk_esp8266d_mqttusercfg               0x08003340   Section        0  atk_esp8266d.o(i.atk_esp8266d_mqttusercfg)
    i.atk_esp8266d_send_at_cmd               0x080033a0   Section        0  atk_esp8266d.o(i.atk_esp8266d_send_at_cmd)
    i.atk_esp8266d_set_mode                  0x080033f8   Section        0  atk_esp8266d.o(i.atk_esp8266d_set_mode)
    i.atk_esp8266d_sw_reset                  0x08003474   Section        0  atk_esp8266d.o(i.atk_esp8266d_sw_reset)
    i.atk_esp8266d_uart_init                 0x0800349c   Section        0  atk_esp8266d_uart.o(i.atk_esp8266d_uart_init)
    i.atk_esp8266d_uart_printf               0x08003548   Section        0  atk_esp8266d_uart.o(i.atk_esp8266d_uart_printf)
    i.atk_esp8266d_uart_rx_get_frame         0x08003580   Section        0  atk_esp8266d_uart.o(i.atk_esp8266d_uart_rx_get_frame)
    i.atk_esp8266d_uart_rx_restart           0x080035ac   Section        0  atk_esp8266d_uart.o(i.atk_esp8266d_uart_rx_restart)
    i.confirmationMqttMessage                0x080035d0   Section        0  iotmessagehandler.o(i.confirmationMqttMessage)
    i.delay_init                             0x080035f8   Section        0  delay.o(i.delay_init)
    i.delay_ms                               0x08003630   Section        0  delay.o(i.delay_ms)
    i.delay_us                               0x080036f8   Section        0  delay.o(i.delay_us)
    i.dht11_read_bit                         0x08003748   Section        0  dht11.o(i.dht11_read_bit)
    dht11_read_bit                           0x08003749   Thumb Code    70  dht11.o(i.dht11_read_bit)
    i.dht11_read_byte                        0x08003794   Section        0  dht11.o(i.dht11_read_byte)
    dht11_read_byte                          0x08003795   Thumb Code    30  dht11.o(i.dht11_read_byte)
    i.getParamsInt                           0x080037b4   Section        0  iotmessagehandler.o(i.getParamsInt)
    i.main                                   0x08003918   Section        0  main.o(i.main)
    i.setParamsInt                           0x08003b1c   Section        0  iotmessagehandler.o(i.setParamsInt)
    i.uart2_init                             0x08003b98   Section        0  usart2.o(i.uart2_init)
    locale$$code                             0x08003c40   Section       44  lc_numeric_c.o(locale$$code)
    locale$$code                             0x08003c6c   Section       44  lc_ctype_c.o(locale$$code)
    x$fpl$printf1                            0x08003c98   Section        4  printf1.o(x$fpl$printf1)
    x$fpl$printf2                            0x08003c9c   Section        4  printf2.o(x$fpl$printf2)
    .constdata                               0x08003ca0   Section     3535  oled.o(.constdata)
    x$fpl$usenofp                            0x08003ca0   Section        0  usenofp.o(x$fpl$usenofp)
    .constdata                               0x08004a6f   Section       17  __printf_flags_ss_wp.o(.constdata)
    maptable                                 0x08004a6f   Data          17  __printf_flags_ss_wp.o(.constdata)
    .constdata                               0x08004a80   Section        8  _printf_wctomb.o(.constdata)
    initial_mbstate                          0x08004a80   Data           8  _printf_wctomb.o(.constdata)
    .constdata                               0x08004a88   Section       40  _printf_hex_int_ll_ptr.o(.constdata)
    uc_hextab                                0x08004a88   Data          20  _printf_hex_int_ll_ptr.o(.constdata)
    lc_hextab                                0x08004a9c   Data          20  _printf_hex_int_ll_ptr.o(.constdata)
    .constdata                               0x08004ab0   Section       38  _printf_fp_hex.o(.constdata)
    lc_hextab                                0x08004ab0   Data          19  _printf_fp_hex.o(.constdata)
    uc_hextab                                0x08004ac3   Data          19  _printf_fp_hex.o(.constdata)
    .constdata                               0x08004ad8   Section      148  bigflt0.o(.constdata)
    tenpwrs_x                                0x08004ad8   Data          60  bigflt0.o(.constdata)
    tenpwrs_i                                0x08004b14   Data          64  bigflt0.o(.constdata)
    .conststring                             0x08004b6c   Section      143  iotmessagehandler.o(.conststring)
    .conststring                             0x08004bfc   Section      142  cloud.o(.conststring)
    locale$$data                             0x08004cac   Section       28  lc_numeric_c.o(locale$$data)
    __lcnum_c_name                           0x08004cb0   Data           2  lc_numeric_c.o(locale$$data)
    __lcnum_c_start                          0x08004cb8   Data           0  lc_numeric_c.o(locale$$data)
    __lcnum_c_point                          0x08004cc4   Data           0  lc_numeric_c.o(locale$$data)
    __lcnum_c_thousands                      0x08004cc6   Data           0  lc_numeric_c.o(locale$$data)
    __lcnum_c_grouping                       0x08004cc7   Data           0  lc_numeric_c.o(locale$$data)
    locale$$data                             0x08004cc8   Section      272  lc_ctype_c.o(locale$$data)
    __lcnum_c_end                            0x08004cc8   Data           0  lc_numeric_c.o(locale$$data)
    __lcctype_c_name                         0x08004ccc   Data           2  lc_ctype_c.o(locale$$data)
    __lcctype_c_start                        0x08004cd4   Data           0  lc_ctype_c.o(locale$$data)
    __lcctype_c_end                          0x08004dd8   Data           0  lc_ctype_c.o(locale$$data)
    .data                                    0x20000000   Section       20  system_stm32f10x.o(.data)
    .data                                    0x20000014   Section       20  stm32f10x_rcc.o(.data)
    APBAHBPrescTable                         0x20000014   Data          16  stm32f10x_rcc.o(.data)
    ADCPrescTable                            0x20000024   Data           4  stm32f10x_rcc.o(.data)
    .data                                    0x20000028   Section       17  main.o(.data)
    .data                                    0x2000003c   Section        8  delay.o(.data)
    fac_us                                   0x2000003c   Data           1  delay.o(.data)
    fac_ms                                   0x20000040   Data           4  delay.o(.data)
    .data                                    0x20000044   Section        4  dht11.o(.data)
    .data                                    0x20000048   Section        2  usart2.o(.data)
    .data                                    0x2000004c   Section       12  motor.o(.data)
    tim_count                                0x20000054   Data           4  motor.o(.data)
    .bss                                     0x20000058   Section       40  main.o(.bss)
    .bss                                     0x20000080   Section      200  usart2.o(.bss)
    .bss                                     0x20000148   Section      770  atk_esp8266d_uart.o(.bss)
    g_uart_rx_frame                          0x20000148   Data         514  atk_esp8266d_uart.o(.bss)
    g_uart_tx_buf                            0x2000034a   Data         256  atk_esp8266d_uart.o(.bss)
    .bss                                     0x2000044a   Section      576  iotmessagehandler.o(.bss)
    .bss                                     0x2000068c   Section       96  libspace.o(.bss)
    HEAP                                     0x200006f0   Section      512  startup_stm32f10x_md.o(HEAP)
    Heap_Mem                                 0x200006f0   Data         512  startup_stm32f10x_md.o(HEAP)
    STACK                                    0x200008f0   Section     1024  startup_stm32f10x_md.o(STACK)
    Stack_Mem                                0x200008f0   Data        1024  startup_stm32f10x_md.o(STACK)
    __initial_sp                             0x20000cf0   Data           0  startup_stm32f10x_md.o(STACK)

    Global Symbols

    Symbol Name                              Value     Ov Type        Size  Object(Section)

    BuildAttributes$$THM_ISAv4$P$D$K$B$S$PE$A:L22UL41UL21$X:L11$S22US41US21$IEEE1$IW$USESV6$~STKCKD$USESV7$~SHL$OTIME$ROPI$IEEEJ$EBA8$UX$STANDARDLIB$REQ8$PRES8$EABIv2 0x00000000   Number         0  anon$$obj.o ABSOLUTE
    __ARM_use_no_argv                        0x00000000   Number         0  main.o ABSOLUTE
    _printf_flags                            0x00000000   Number         0  printf_stubs.o ABSOLUTE
    _printf_return_value                     0x00000000   Number         0  printf_stubs.o ABSOLUTE
    _printf_sizespec                         0x00000000   Number         0  printf_stubs.o ABSOLUTE
    _printf_widthprec                        0x00000000   Number         0  printf_stubs.o ABSOLUTE
    __ARM_exceptions_init                     - Undefined Weak Reference
    __alloca_initialize                       - Undefined Weak Reference
    __arm_preinit_                            - Undefined Weak Reference
    __cpp_initialize__aeabi_                  - Undefined Weak Reference
    __cxa_finalize                            - Undefined Weak Reference
    __sigvec_lookup                           - Undefined Weak Reference
    __user_heap_extent                        - Undefined Weak Reference
    _atexit_init                              - Undefined Weak Reference
    _call_atexit_fns                          - Undefined Weak Reference
    _clock_init                               - Undefined Weak Reference
    _fp_trap_init                             - Undefined Weak Reference
    _fp_trap_shutdown                         - Undefined Weak Reference
    _get_lc_collate                           - Undefined Weak Reference
    _get_lc_monetary                          - Undefined Weak Reference
    _get_lc_time                              - Undefined Weak Reference
    _getenv_init                              - Undefined Weak Reference
    _handle_redirection                       - Undefined Weak Reference
    _initio                                   - Undefined Weak Reference
    _mutex_acquire                            - Undefined Weak Reference
    _mutex_free                               - Undefined Weak Reference
    _mutex_release                            - Undefined Weak Reference
    _printf_mbtowc                            - Undefined Weak Reference
    _printf_wc                                - Undefined Weak Reference
    _rand_init                                - Undefined Weak Reference
    _signal_finish                            - Undefined Weak Reference
    _signal_init                              - Undefined Weak Reference
    _terminateio                              - Undefined Weak Reference
    __Vectors_Size                           0x000000ec   Number         0  startup_stm32f10x_md.o ABSOLUTE
    __Vectors                                0x08000000   Data           4  startup_stm32f10x_md.o(RESET)
    __Vectors_End                            0x080000ec   Data           0  startup_stm32f10x_md.o(RESET)
    __main                                   0x080000ed   Thumb Code     8  __main.o(!!!main)
    __scatterload                            0x080000f5   Thumb Code     0  __scatter.o(!!!scatter)
    __scatterload_rt2                        0x080000f5   Thumb Code    44  __scatter.o(!!!scatter)
    __scatterload_rt2_thumb_only             0x080000f5   Thumb Code     0  __scatter.o(!!!scatter)
    __scatterload_null                       0x08000103   Thumb Code     0  __scatter.o(!!!scatter)
    __scatterload_copy                       0x08000129   Thumb Code    26  __scatter_copy.o(!!handler_copy)
    __scatterload_zeroinit                   0x08000145   Thumb Code    28  __scatter_zi.o(!!handler_zi)
    _printf_n                                0x08000161   Thumb Code     0  _printf_n.o(.ARM.Collect$$_printf_percent$$00000001)
    _printf_percent                          0x08000161   Thumb Code     0  _printf_percent.o(.ARM.Collect$$_printf_percent$$00000000)
    _printf_p                                0x08000167   Thumb Code     0  _printf_p.o(.ARM.Collect$$_printf_percent$$00000002)
    _printf_f                                0x0800016d   Thumb Code     0  _printf_f.o(.ARM.Collect$$_printf_percent$$00000003)
    _printf_e                                0x08000173   Thumb Code     0  _printf_e.o(.ARM.Collect$$_printf_percent$$00000004)
    _printf_g                                0x08000179   Thumb Code     0  _printf_g.o(.ARM.Collect$$_printf_percent$$00000005)
    _printf_a                                0x0800017f   Thumb Code     0  _printf_a.o(.ARM.Collect$$_printf_percent$$00000006)
    _printf_ll                               0x08000185   Thumb Code     0  _printf_ll.o(.ARM.Collect$$_printf_percent$$00000007)
    _printf_i                                0x0800018f   Thumb Code     0  _printf_i.o(.ARM.Collect$$_printf_percent$$00000008)
    _printf_d                                0x08000195   Thumb Code     0  _printf_d.o(.ARM.Collect$$_printf_percent$$00000009)
    _printf_u                                0x0800019b   Thumb Code     0  _printf_u.o(.ARM.Collect$$_printf_percent$$0000000A)
    _printf_o                                0x080001a1   Thumb Code     0  _printf_o.o(.ARM.Collect$$_printf_percent$$0000000B)
    _printf_x                                0x080001a7   Thumb Code     0  _printf_x.o(.ARM.Collect$$_printf_percent$$0000000C)
    _printf_lli                              0x080001ad   Thumb Code     0  _printf_lli.o(.ARM.Collect$$_printf_percent$$0000000D)
    _printf_lld                              0x080001b3   Thumb Code     0  _printf_lld.o(.ARM.Collect$$_printf_percent$$0000000E)
    _printf_llu                              0x080001b9   Thumb Code     0  _printf_llu.o(.ARM.Collect$$_printf_percent$$0000000F)
    _printf_llo                              0x080001bf   Thumb Code     0  _printf_llo.o(.ARM.Collect$$_printf_percent$$00000010)
    _printf_llx                              0x080001c5   Thumb Code     0  _printf_llx.o(.ARM.Collect$$_printf_percent$$00000011)
    _printf_l                                0x080001cb   Thumb Code     0  _printf_l.o(.ARM.Collect$$_printf_percent$$00000012)
    _printf_c                                0x080001d5   Thumb Code     0  _printf_c.o(.ARM.Collect$$_printf_percent$$00000013)
    _printf_s                                0x080001db   Thumb Code     0  _printf_s.o(.ARM.Collect$$_printf_percent$$00000014)
    _printf_lc                               0x080001e1   Thumb Code     0  _printf_lc.o(.ARM.Collect$$_printf_percent$$00000015)
    _printf_ls                               0x080001e7   Thumb Code     0  _printf_ls.o(.ARM.Collect$$_printf_percent$$00000016)
    _printf_percent_end                      0x080001ed   Thumb Code     0  _printf_percent_end.o(.ARM.Collect$$_printf_percent$$00000017)
    __rt_lib_init                            0x080001f1   Thumb Code     0  libinit.o(.ARM.Collect$$libinit$$00000000)
    __rt_lib_init_fp_1                       0x080001f3   Thumb Code     0  libinit2.o(.ARM.Collect$$libinit$$00000002)
    __rt_lib_init_heap_1                     0x080001f3   Thumb Code     0  libinit2.o(.ARM.Collect$$libinit$$0000000A)
    __rt_lib_init_lc_common                  0x080001f3   Thumb Code     0  libinit2.o(.ARM.Collect$$libinit$$0000000F)
    __rt_lib_init_preinit_1                  0x080001f3   Thumb Code     0  libinit2.o(.ARM.Collect$$libinit$$00000004)
    __rt_lib_init_rand_1                     0x080001f3   Thumb Code     0  libinit2.o(.ARM.Collect$$libinit$$0000000E)
    __rt_lib_init_user_alloc_1               0x080001f3   Thumb Code     0  libinit2.o(.ARM.Collect$$libinit$$0000000C)
    __rt_lib_init_lc_collate_1               0x080001f9   Thumb Code     0  libinit2.o(.ARM.Collect$$libinit$$00000011)
    __rt_lib_init_lc_ctype_2                 0x080001f9   Thumb Code     0  libinit2.o(.ARM.Collect$$libinit$$00000012)
    __rt_lib_init_lc_ctype_1                 0x08000205   Thumb Code     0  libinit2.o(.ARM.Collect$$libinit$$00000013)
    __rt_lib_init_lc_monetary_1              0x08000205   Thumb Code     0  libinit2.o(.ARM.Collect$$libinit$$00000015)
    __rt_lib_init_lc_numeric_2               0x08000205   Thumb Code     0  libinit2.o(.ARM.Collect$$libinit$$00000016)
    __rt_lib_init_alloca_1                   0x0800020f   Thumb Code     0  libinit2.o(.ARM.Collect$$libinit$$0000002E)
    __rt_lib_init_argv_1                     0x0800020f   Thumb Code     0  libinit2.o(.ARM.Collect$$libinit$$0000002C)
    __rt_lib_init_atexit_1                   0x0800020f   Thumb Code     0  libinit2.o(.ARM.Collect$$libinit$$0000001B)
    __rt_lib_init_clock_1                    0x0800020f   Thumb Code     0  libinit2.o(.ARM.Collect$$libinit$$00000021)
    __rt_lib_init_cpp_1                      0x0800020f   Thumb Code     0  libinit2.o(.ARM.Collect$$libinit$$00000032)
    __rt_lib_init_exceptions_1               0x0800020f   Thumb Code     0  libinit2.o(.ARM.Collect$$libinit$$00000030)
    __rt_lib_init_fp_trap_1                  0x0800020f   Thumb Code     0  libinit2.o(.ARM.Collect$$libinit$$0000001F)
    __rt_lib_init_getenv_1                   0x0800020f   Thumb Code     0  libinit2.o(.ARM.Collect$$libinit$$00000023)
    __rt_lib_init_lc_numeric_1               0x0800020f   Thumb Code     0  libinit2.o(.ARM.Collect$$libinit$$00000017)
    __rt_lib_init_lc_time_1                  0x0800020f   Thumb Code     0  libinit2.o(.ARM.Collect$$libinit$$00000019)
    __rt_lib_init_return                     0x0800020f   Thumb Code     0  libinit2.o(.ARM.Collect$$libinit$$00000033)
    __rt_lib_init_signal_1                   0x0800020f   Thumb Code     0  libinit2.o(.ARM.Collect$$libinit$$0000001D)
    __rt_lib_init_stdio_1                    0x0800020f   Thumb Code     0  libinit2.o(.ARM.Collect$$libinit$$00000025)
    __rt_lib_shutdown                        0x08000211   Thumb Code     0  libshutdown.o(.ARM.Collect$$libshutdown$$00000000)
    __rt_lib_shutdown_cpp_1                  0x08000213   Thumb Code     0  libshutdown2.o(.ARM.Collect$$libshutdown$$00000002)
    __rt_lib_shutdown_fp_trap_1              0x08000213   Thumb Code     0  libshutdown2.o(.ARM.Collect$$libshutdown$$00000007)
    __rt_lib_shutdown_heap_1                 0x08000213   Thumb Code     0  libshutdown2.o(.ARM.Collect$$libshutdown$$0000000F)
    __rt_lib_shutdown_return                 0x08000213   Thumb Code     0  libshutdown2.o(.ARM.Collect$$libshutdown$$00000010)
    __rt_lib_shutdown_signal_1               0x08000213   Thumb Code     0  libshutdown2.o(.ARM.Collect$$libshutdown$$0000000A)
    __rt_lib_shutdown_stdio_1                0x08000213   Thumb Code     0  libshutdown2.o(.ARM.Collect$$libshutdown$$00000004)
    __rt_lib_shutdown_user_alloc_1           0x08000213   Thumb Code     0  libshutdown2.o(.ARM.Collect$$libshutdown$$0000000C)
    __rt_entry                               0x08000215   Thumb Code     0  __rtentry.o(.ARM.Collect$$rtentry$$00000000)
    __rt_entry_presh_1                       0x08000215   Thumb Code     0  __rtentry2.o(.ARM.Collect$$rtentry$$00000002)
    __rt_entry_sh                            0x08000215   Thumb Code     0  __rtentry4.o(.ARM.Collect$$rtentry$$00000004)
    __rt_entry_li                            0x0800021b   Thumb Code     0  __rtentry2.o(.ARM.Collect$$rtentry$$0000000A)
    __rt_entry_postsh_1                      0x0800021b   Thumb Code     0  __rtentry2.o(.ARM.Collect$$rtentry$$00000009)
    __rt_entry_main                          0x0800021f   Thumb Code     0  __rtentry2.o(.ARM.Collect$$rtentry$$0000000D)
    __rt_entry_postli_1                      0x0800021f   Thumb Code     0  __rtentry2.o(.ARM.Collect$$rtentry$$0000000C)
    __rt_exit                                0x08000227   Thumb Code     0  rtexit.o(.ARM.Collect$$rtexit$$00000000)
    __rt_exit_ls                             0x08000229   Thumb Code     0  rtexit2.o(.ARM.Collect$$rtexit$$00000003)
    __rt_exit_prels_1                        0x08000229   Thumb Code     0  rtexit2.o(.ARM.Collect$$rtexit$$00000002)
    __rt_exit_exit                           0x0800022d   Thumb Code     0  rtexit2.o(.ARM.Collect$$rtexit$$00000004)
    Reset_Handler                            0x08000235   Thumb Code     8  startup_stm32f10x_md.o(.text)
    ADC1_2_IRQHandler                        0x0800024f   Thumb Code     0  startup_stm32f10x_md.o(.text)
    CAN1_RX1_IRQHandler                      0x0800024f   Thumb Code     0  startup_stm32f10x_md.o(.text)
    CAN1_SCE_IRQHandler                      0x0800024f   Thumb Code     0  startup_stm32f10x_md.o(.text)
    DMA1_Channel1_IRQHandler                 0x0800024f   Thumb Code     0  startup_stm32f10x_md.o(.text)
    DMA1_Channel2_IRQHandler                 0x0800024f   Thumb Code     0  startup_stm32f10x_md.o(.text)
    DMA1_Channel3_IRQHandler                 0x0800024f   Thumb Code     0  startup_stm32f10x_md.o(.text)
    DMA1_Channel4_IRQHandler                 0x0800024f   Thumb Code     0  startup_stm32f10x_md.o(.text)
    DMA1_Channel5_IRQHandler                 0x0800024f   Thumb Code     0  startup_stm32f10x_md.o(.text)
    DMA1_Channel6_IRQHandler                 0x0800024f   Thumb Code     0  startup_stm32f10x_md.o(.text)
    DMA1_Channel7_IRQHandler                 0x0800024f   Thumb Code     0  startup_stm32f10x_md.o(.text)
    EXTI0_IRQHandler                         0x0800024f   Thumb Code     0  startup_stm32f10x_md.o(.text)
    EXTI15_10_IRQHandler                     0x0800024f   Thumb Code     0  startup_stm32f10x_md.o(.text)
    EXTI1_IRQHandler                         0x0800024f   Thumb Code     0  startup_stm32f10x_md.o(.text)
    EXTI2_IRQHandler                         0x0800024f   Thumb Code     0  startup_stm32f10x_md.o(.text)
    EXTI3_IRQHandler                         0x0800024f   Thumb Code     0  startup_stm32f10x_md.o(.text)
    EXTI4_IRQHandler                         0x0800024f   Thumb Code     0  startup_stm32f10x_md.o(.text)
    EXTI9_5_IRQHandler                       0x0800024f   Thumb Code     0  startup_stm32f10x_md.o(.text)
    FLASH_IRQHandler                         0x0800024f   Thumb Code     0  startup_stm32f10x_md.o(.text)
    I2C1_ER_IRQHandler                       0x0800024f   Thumb Code     0  startup_stm32f10x_md.o(.text)
    I2C1_EV_IRQHandler                       0x0800024f   Thumb Code     0  startup_stm32f10x_md.o(.text)
    I2C2_ER_IRQHandler                       0x0800024f   Thumb Code     0  startup_stm32f10x_md.o(.text)
    I2C2_EV_IRQHandler                       0x0800024f   Thumb Code     0  startup_stm32f10x_md.o(.text)
    PVD_IRQHandler                           0x0800024f   Thumb Code     0  startup_stm32f10x_md.o(.text)
    RCC_IRQHandler                           0x0800024f   Thumb Code     0  startup_stm32f10x_md.o(.text)
    RTCAlarm_IRQHandler                      0x0800024f   Thumb Code     0  startup_stm32f10x_md.o(.text)
    RTC_IRQHandler                           0x0800024f   Thumb Code     0  startup_stm32f10x_md.o(.text)
    SPI1_IRQHandler                          0x0800024f   Thumb Code     0  startup_stm32f10x_md.o(.text)
    SPI2_IRQHandler                          0x0800024f   Thumb Code     0  startup_stm32f10x_md.o(.text)
    TAMPER_IRQHandler                        0x0800024f   Thumb Code     0  startup_stm32f10x_md.o(.text)
    TIM1_BRK_IRQHandler                      0x0800024f   Thumb Code     0  startup_stm32f10x_md.o(.text)
    TIM1_CC_IRQHandler                       0x0800024f   Thumb Code     0  startup_stm32f10x_md.o(.text)
    TIM1_TRG_COM_IRQHandler                  0x0800024f   Thumb Code     0  startup_stm32f10x_md.o(.text)
    TIM1_UP_IRQHandler                       0x0800024f   Thumb Code     0  startup_stm32f10x_md.o(.text)
    TIM3_IRQHandler                          0x0800024f   Thumb Code     0  startup_stm32f10x_md.o(.text)
    TIM4_IRQHandler                          0x0800024f   Thumb Code     0  startup_stm32f10x_md.o(.text)
    USART3_IRQHandler                        0x0800024f   Thumb Code     0  startup_stm32f10x_md.o(.text)
    USBWakeUp_IRQHandler                     0x0800024f   Thumb Code     0  startup_stm32f10x_md.o(.text)
    USB_HP_CAN1_TX_IRQHandler                0x0800024f   Thumb Code     0  startup_stm32f10x_md.o(.text)
    USB_LP_CAN1_RX0_IRQHandler               0x0800024f   Thumb Code     0  startup_stm32f10x_md.o(.text)
    WWDG_IRQHandler                          0x0800024f   Thumb Code     0  startup_stm32f10x_md.o(.text)
    __user_initial_stackheap                 0x08000251   Thumb Code     0  startup_stm32f10x_md.o(.text)
    vsprintf                                 0x08000275   Thumb Code    32  vsprintf.o(.text)
    __2sprintf                               0x08000299   Thumb Code    38  __2sprintf.o(.text)
    __2snprintf                              0x080002c5   Thumb Code    50  __2snprintf.o(.text)
    _printf_str                              0x080002fd   Thumb Code    82  _printf_str.o(.text)
    _printf_int_dec                          0x08000351   Thumb Code   104  _printf_dec.o(.text)
    __printf                                 0x080003c9   Thumb Code   388  __printf_flags_ss_wp.o(.text)
    strchr                                   0x08000551   Thumb Code    20  strchr.o(.text)
    strstr                                   0x08000565   Thumb Code    36  strstr.o(.text)
    strlen                                   0x08000589   Thumb Code    62  strlen.o(.text)
    __aeabi_memclr                           0x080005c7   Thumb Code     0  rt_memclr.o(.text)
    __rt_memclr                              0x080005c7   Thumb Code    68  rt_memclr.o(.text)
    _memset                                  0x080005cb   Thumb Code     0  rt_memclr.o(.text)
    __aeabi_memclr4                          0x0800060b   Thumb Code     0  rt_memclr_w.o(.text)
    __aeabi_memclr8                          0x0800060b   Thumb Code     0  rt_memclr_w.o(.text)
    __rt_memclr_w                            0x0800060b   Thumb Code    78  rt_memclr_w.o(.text)
    _memset_w                                0x0800060f   Thumb Code     0  rt_memclr_w.o(.text)
    strncpy                                  0x08000659   Thumb Code    86  strncpy.o(.text)
    __use_two_region_memory                  0x080006af   Thumb Code     2  heapauxi.o(.text)
    __rt_heap_escrow                         0x080006b1   Thumb Code     2  heapauxi.o(.text)
    __rt_heap_expand                         0x080006b3   Thumb Code     2  heapauxi.o(.text)
    _printf_pre_padding                      0x080006b5   Thumb Code    44  _printf_pad.o(.text)
    _printf_post_padding                     0x080006e1   Thumb Code    34  _printf_pad.o(.text)
    _printf_truncate_signed                  0x08000703   Thumb Code    18  _printf_truncate.o(.text)
    _printf_truncate_unsigned                0x08000715   Thumb Code    18  _printf_truncate.o(.text)
    _printf_int_common                       0x08000727   Thumb Code   178  _printf_intcommon.o(.text)
    _printf_charcount                        0x080007d9   Thumb Code    40  _printf_charcount.o(.text)
    _printf_char_common                      0x0800080b   Thumb Code    32  _printf_char_common.o(.text)
    _sputc                                   0x08000831   Thumb Code    10  _sputc.o(.text)
    _snputc                                  0x0800083b   Thumb Code    16  _snputc.o(.text)
    _printf_cs_common                        0x0800084b   Thumb Code    20  _printf_char.o(.text)
    _printf_char                             0x0800085f   Thumb Code    16  _printf_char.o(.text)
    _printf_string                           0x0800086f   Thumb Code     8  _printf_char.o(.text)
    _printf_wctomb                           0x08000879   Thumb Code   182  _printf_wctomb.o(.text)
    _printf_longlong_dec                     0x08000935   Thumb Code   108  _printf_longlong_dec.o(.text)
    _printf_longlong_oct                     0x080009b1   Thumb Code    66  _printf_oct_int_ll.o(.text)
    _printf_int_oct                          0x080009f3   Thumb Code    24  _printf_oct_int_ll.o(.text)
    _printf_ll_oct                           0x08000a0b   Thumb Code    12  _printf_oct_int_ll.o(.text)
    _printf_longlong_hex                     0x08000a21   Thumb Code    86  _printf_hex_int_ll_ptr.o(.text)
    _printf_int_hex                          0x08000a77   Thumb Code    28  _printf_hex_int_ll_ptr.o(.text)
    _printf_ll_hex                           0x08000a93   Thumb Code    12  _printf_hex_int_ll_ptr.o(.text)
    _printf_hex_ptr                          0x08000a9f   Thumb Code    18  _printf_hex_int_ll_ptr.o(.text)
    __user_libspace                          0x08000ab5   Thumb Code     8  libspace.o(.text)
    __user_perproc_libspace                  0x08000ab5   Thumb Code     0  libspace.o(.text)
    __user_perthread_libspace                0x08000ab5   Thumb Code     0  libspace.o(.text)
    _ll_udiv10                               0x08000abd   Thumb Code   138  lludiv10.o(.text)
    __lib_sel_fp_printf                      0x08000b47   Thumb Code     2  _printf_fp_dec.o(.text)
    _printf_fp_dec_real                      0x08000cf9   Thumb Code   620  _printf_fp_dec.o(.text)
    _printf_fp_hex_real                      0x08000f65   Thumb Code   756  _printf_fp_hex.o(.text)
    _printf_lcs_common                       0x08001261   Thumb Code    20  _printf_wchar.o(.text)
    _printf_wchar                            0x08001275   Thumb Code    16  _printf_wchar.o(.text)
    _printf_wstring                          0x08001285   Thumb Code     8  _printf_wchar.o(.text)
    _wcrtomb                                 0x0800128d   Thumb Code    64  _wcrtomb.o(.text)
    __I$use$semihosting                      0x080012cd   Thumb Code     0  use_no_semi.o(.text)
    __use_no_semihosting_swi                 0x080012cd   Thumb Code     2  use_no_semi.o(.text)
    __semihosting_library_function           0x080012cf   Thumb Code     0  indicate_semi.o(.text)
    __user_setup_stackheap                   0x080012cf   Thumb Code    74  sys_stackheap_outer.o(.text)
    __rt_ctype_table                         0x08001319   Thumb Code    16  rt_ctype_table.o(.text)
    __rt_locale                              0x08001329   Thumb Code     8  rt_locale_intlibspace.o(.text)
    _printf_fp_infnan                        0x08001331   Thumb Code   112  _printf_fp_infnan.o(.text)
    _btod_etento                             0x080013b1   Thumb Code   224  bigflt0.o(.text)
    exit                                     0x08001495   Thumb Code    18  exit.o(.text)
    _sys_exit                                0x080014a9   Thumb Code     8  sys_exit.o(.text)
    strcmp                                   0x080014b5   Thumb Code   128  strcmpv7m.o(.text)
    _btod_d2e                                0x08001535   Thumb Code    62  btod.o(CL$$btod_d2e)
    _d2e_denorm_low                          0x08001573   Thumb Code    70  btod.o(CL$$btod_d2e_denorm_low)
    _d2e_norm_op1                            0x080015b9   Thumb Code    96  btod.o(CL$$btod_d2e_norm_op1)
    __btod_div_common                        0x08001619   Thumb Code   696  btod.o(CL$$btod_div_common)
    _e2e                                     0x08001951   Thumb Code   220  btod.o(CL$$btod_e2e)
    _btod_ediv                               0x08001a2d   Thumb Code    42  btod.o(CL$$btod_ediv)
    _btod_emul                               0x08001a57   Thumb Code    42  btod.o(CL$$btod_emul)
    __btod_mult_common                       0x08001a81   Thumb Code   580  btod.o(CL$$btod_mult_common)
    ADC_Cmd                                  0x08001cc5   Thumb Code    22  stm32f10x_adc.o(i.ADC_Cmd)
    ADC_DeInit                               0x08001cdd   Thumb Code    78  stm32f10x_adc.o(i.ADC_DeInit)
    ADC_GetCalibrationStatus                 0x08001d39   Thumb Code    20  stm32f10x_adc.o(i.ADC_GetCalibrationStatus)
    ADC_GetConversionValue                   0x08001d4d   Thumb Code     8  stm32f10x_adc.o(i.ADC_GetConversionValue)
    ADC_GetFlagStatus                        0x08001d55   Thumb Code    18  stm32f10x_adc.o(i.ADC_GetFlagStatus)
    ADC_Init                                 0x08001d69   Thumb Code    70  stm32f10x_adc.o(i.ADC_Init)
    ADC_RegularChannelConfig                 0x08001db9   Thumb Code   184  stm32f10x_adc.o(i.ADC_RegularChannelConfig)
    ADC_ResetCalibration                     0x08001e71   Thumb Code    10  stm32f10x_adc.o(i.ADC_ResetCalibration)
    ADC_SoftwareStartConvCmd                 0x08001e7b   Thumb Code    22  stm32f10x_adc.o(i.ADC_SoftwareStartConvCmd)
    ADC_StartCalibration                     0x08001e91   Thumb Code    10  stm32f10x_adc.o(i.ADC_StartCalibration)
    BEEP_init                                0x08001e9d   Thumb Code    50  beep.o(i.BEEP_init)
    BusFault_Handler                         0x08001ed5   Thumb Code     4  stm32f10x_it.o(i.BusFault_Handler)
    Cloud_Init                               0x08001ed9   Thumb Code   192  cloud.o(i.Cloud_Init)
    DHT11_ReadData                           0x08002065   Thumb Code   176  dht11.o(i.DHT11_ReadData)
    DHT11_init                               0x08002121   Thumb Code    20  dht11.o(i.DHT11_init)
    DHT_INPUT                                0x08002139   Thumb Code    38  dht11.o(i.DHT_INPUT)
    DHT_OUTPUT_PP                            0x08002165   Thumb Code    38  dht11.o(i.DHT_OUTPUT_PP)
    DebugMon_Handler                         0x08002191   Thumb Code     2  stm32f10x_it.o(i.DebugMon_Handler)
    Delay_1ms                                0x08002193   Thumb Code    26  oled.o(i.Delay_1ms)
    ExtractRequestId                         0x080021ad   Thumb Code   120  iotmessagehandler.o(i.ExtractRequestId)
    GPIO_Init                                0x08002251   Thumb Code   278  stm32f10x_gpio.o(i.GPIO_Init)
    GPIO_ResetBits                           0x08002367   Thumb Code     4  stm32f10x_gpio.o(i.GPIO_ResetBits)
    GPIO_SetBits                             0x0800236b   Thumb Code     4  stm32f10x_gpio.o(i.GPIO_SetBits)
    HardFault_Handler                        0x0800236f   Thumb Code     4  stm32f10x_it.o(i.HardFault_Handler)
    JTAG_SW_init                             0x08002375   Thumb Code    38  jtag_sw.o(i.JTAG_SW_init)
    LED_init                                 0x080023a5   Thumb Code    50  led.o(i.LED_init)
    LIGHT_init                               0x080023dd   Thumb Code   138  light.o(i.LIGHT_init)
    MOTOR_control                            0x08002471   Thumb Code    82  motor.o(i.MOTOR_control)
    MOTOR_init                               0x080024cd   Thumb Code    98  motor.o(i.MOTOR_init)
    MemManage_Handler                        0x08002535   Thumb Code     4  stm32f10x_it.o(i.MemManage_Handler)
    NMI_Handler                              0x08002539   Thumb Code     2  stm32f10x_it.o(i.NMI_Handler)
    NVIC_Init                                0x0800253d   Thumb Code   100  misc.o(i.NVIC_Init)
    NVIC_PriorityGroupConfig                 0x080025ad   Thumb Code    10  misc.o(i.NVIC_PriorityGroupConfig)
    OLED_Clear                               0x080025c1   Thumb Code    62  oled.o(i.OLED_Clear)
    OLED_IIC_Start                           0x08002601   Thumb Code    28  oled.o(i.OLED_IIC_Start)
    OLED_IIC_Stop                            0x08002625   Thumb Code    24  oled.o(i.OLED_IIC_Stop)
    OLED_IIC_Wait_Ack                        0x08002645   Thumb Code    16  oled.o(i.OLED_IIC_Wait_Ack)
    OLED_Init                                0x0800265d   Thumb Code   292  oled.o(i.OLED_Init)
    OLED_Set_Pos                             0x08002785   Thumb Code    40  oled.o(i.OLED_Set_Pos)
    OLED_ShowCHinese                         0x080027ad   Thumb Code   160  oled.o(i.OLED_ShowCHinese)
    OLED_ShowChar                            0x08002855   Thumb Code   154  oled.o(i.OLED_ShowChar)
    OLED_Show_Str                            0x080028f9   Thumb Code    66  oled.o(i.OLED_Show_Str)
    OLED_WR_Byte                             0x0800293b   Thumb Code    24  oled.o(i.OLED_WR_Byte)
    OLED_Write_IIC_Byte                      0x08002955   Thumb Code    72  oled.o(i.OLED_Write_IIC_Byte)
    OLED_Write_IIC_Command                   0x080029a5   Thumb Code    44  oled.o(i.OLED_Write_IIC_Command)
    OLED_Write_IIC_Data                      0x080029d1   Thumb Code    44  oled.o(i.OLED_Write_IIC_Data)
    PendSV_Handler                           0x080029fd   Thumb Code     2  stm32f10x_it.o(i.PendSV_Handler)
    RCC_ADCCLKConfig                         0x08002a01   Thumb Code    18  stm32f10x_rcc.o(i.RCC_ADCCLKConfig)
    RCC_APB1PeriphClockCmd                   0x08002a19   Thumb Code    26  stm32f10x_rcc.o(i.RCC_APB1PeriphClockCmd)
    RCC_APB2PeriphClockCmd                   0x08002a39   Thumb Code    26  stm32f10x_rcc.o(i.RCC_APB2PeriphClockCmd)
    RCC_APB2PeriphResetCmd                   0x08002a59   Thumb Code    26  stm32f10x_rcc.o(i.RCC_APB2PeriphResetCmd)
    RCC_GetClocksFreq                        0x08002a79   Thumb Code   192  stm32f10x_rcc.o(i.RCC_GetClocksFreq)
    Read_LIGHT                               0x08002b4d   Thumb Code    46  light.o(i.Read_LIGHT)
    ResponseCommand                          0x08002b81   Thumb Code    80  iotmessagehandler.o(i.ResponseCommand)
    SVC_Handler                              0x08002c19   Thumb Code     2  stm32f10x_it.o(i.SVC_Handler)
    SysTick_CLKSourceConfig                  0x08002d05   Thumb Code    40  misc.o(i.SysTick_CLKSourceConfig)
    SysTick_Handler                          0x08002d2d   Thumb Code     2  stm32f10x_it.o(i.SysTick_Handler)
    SystemInit                               0x08002d31   Thumb Code    78  system_stm32f10x.o(i.SystemInit)
    TIM2_IRQHandler                          0x08002d91   Thumb Code    70  motor.o(i.TIM2_IRQHandler)
    TIM_ClearITPendingBit                    0x08002de5   Thumb Code     6  stm32f10x_tim.o(i.TIM_ClearITPendingBit)
    TIM_GetITStatus                          0x08002deb   Thumb Code    34  stm32f10x_tim.o(i.TIM_GetITStatus)
    UART_Transmit                            0x08002e0d   Thumb Code    30  atk_esp8266d_uart.o(i.UART_Transmit)
    USART1_IRQHandler                        0x08002e2d   Thumb Code   190  atk_esp8266d_uart.o(i.USART1_IRQHandler)
    USART2_IRQHandler                        0x08002ef9   Thumb Code    96  usart2.o(i.USART2_IRQHandler)
    USART_ClearFlag                          0x08002f65   Thumb Code    18  stm32f10x_usart.o(i.USART_ClearFlag)
    USART_ClearITPendingBit                  0x08002f77   Thumb Code    30  stm32f10x_usart.o(i.USART_ClearITPendingBit)
    USART_Cmd                                0x08002f95   Thumb Code    24  stm32f10x_usart.o(i.USART_Cmd)
    USART_GetFlagStatus                      0x08002fad   Thumb Code    26  stm32f10x_usart.o(i.USART_GetFlagStatus)
    USART_GetITStatus                        0x08002fc7   Thumb Code    84  stm32f10x_usart.o(i.USART_GetITStatus)
    USART_ITConfig                           0x0800301b   Thumb Code    74  stm32f10x_usart.o(i.USART_ITConfig)
    USART_Init                               0x08003065   Thumb Code   210  stm32f10x_usart.o(i.USART_Init)
    USART_ReceiveData                        0x0800313d   Thumb Code    10  stm32f10x_usart.o(i.USART_ReceiveData)
    UsageFault_Handler                       0x08003147   Thumb Code     4  stm32f10x_it.o(i.UsageFault_Handler)
    __ARM_fpclassify                         0x0800314b   Thumb Code    40  fpclassify.o(i.__ARM_fpclassify)
    _is_digit                                0x08003173   Thumb Code    14  __printf_wp.o(i._is_digit)
    atk_esp8266d_at_test                     0x08003181   Thumb Code    38  atk_esp8266d.o(i.atk_esp8266d_at_test)
    atk_esp8266d_init                        0x080031b1   Thumb Code    24  atk_esp8266d.o(i.atk_esp8266d_init)
    atk_esp8266d_join_ap                     0x080031c9   Thumb Code    46  atk_esp8266d.o(i.atk_esp8266d_join_ap)
    atk_esp8266d_mqttclientid                0x08003219   Thumb Code    42  atk_esp8266d.o(i.atk_esp8266d_mqttclientid)
    atk_esp8266d_mqttconn                    0x08003261   Thumb Code    46  atk_esp8266d.o(i.atk_esp8266d_mqttconn)
    atk_esp8266d_mqttpubstr                  0x080032ad   Thumb Code    46  atk_esp8266d.o(i.atk_esp8266d_mqttpubstr)
    atk_esp8266d_mqttsub                     0x080032fd   Thumb Code    42  atk_esp8266d.o(i.atk_esp8266d_mqttsub)
    atk_esp8266d_mqttusercfg                 0x08003341   Thumb Code    46  atk_esp8266d.o(i.atk_esp8266d_mqttusercfg)
    atk_esp8266d_send_at_cmd                 0x080033a1   Thumb Code    78  atk_esp8266d.o(i.atk_esp8266d_send_at_cmd)
    atk_esp8266d_set_mode                    0x080033f9   Thumb Code    82  atk_esp8266d.o(i.atk_esp8266d_set_mode)
    atk_esp8266d_sw_reset                    0x08003475   Thumb Code    26  atk_esp8266d.o(i.atk_esp8266d_sw_reset)
    atk_esp8266d_uart_init                   0x0800349d   Thumb Code   164  atk_esp8266d_uart.o(i.atk_esp8266d_uart_init)
    atk_esp8266d_uart_printf                 0x08003549   Thumb Code    46  atk_esp8266d_uart.o(i.atk_esp8266d_uart_printf)
    atk_esp8266d_uart_rx_get_frame           0x08003581   Thumb Code    38  atk_esp8266d_uart.o(i.atk_esp8266d_uart_rx_get_frame)
    atk_esp8266d_uart_rx_restart             0x080035ad   Thumb Code    32  atk_esp8266d_uart.o(i.atk_esp8266d_uart_rx_restart)
    confirmationMqttMessage                  0x080035d1   Thumb Code    24  iotmessagehandler.o(i.confirmationMqttMessage)
    delay_init                               0x080035f9   Thumb Code    38  delay.o(i.delay_init)
    delay_ms                                 0x08003631   Thumb Code   194  delay.o(i.delay_ms)
    delay_us                                 0x080036f9   Thumb Code    76  delay.o(i.delay_us)
    getParamsInt                             0x080037b5   Thumb Code   276  iotmessagehandler.o(i.getParamsInt)
    main                                     0x08003919   Thumb Code   360  main.o(i.main)
    setParamsInt                             0x08003b1d   Thumb Code    80  iotmessagehandler.o(i.setParamsInt)
    uart2_init                               0x08003b99   Thumb Code   160  usart2.o(i.uart2_init)
    _get_lc_numeric                          0x08003c41   Thumb Code    44  lc_numeric_c.o(locale$$code)
    _get_lc_ctype                            0x08003c6d   Thumb Code    44  lc_ctype_c.o(locale$$code)
    _printf_fp_dec                           0x08003c99   Thumb Code     4  printf1.o(x$fpl$printf1)
    _printf_fp_hex                           0x08003c9d   Thumb Code     4  printf2.o(x$fpl$printf2)
    F6x8                                     0x08003ca0   Data         552  oled.o(.constdata)
    __I$use$fp                               0x08003ca0   Number         0  usenofp.o(x$fpl$usenofp)
    F8X16                                    0x08003ec8   Data        1520  oled.o(.constdata)
    Hzk                                      0x080044b8   Data        1376  oled.o(.constdata)
    hz                                       0x08004a18   Data          87  oled.o(.constdata)
    Region$$Table$$Base                      0x08004c8c   Number         0  anon$$obj.o(Region$$Table)
    Region$$Table$$Limit                     0x08004cac   Number         0  anon$$obj.o(Region$$Table)
    __ctype                                  0x08004cd5   Data           0  lc_ctype_c.o(locale$$data)
    SystemCoreClock                          0x20000000   Data           4  system_stm32f10x.o(.data)
    AHBPrescTable                            0x20000004   Data          16  system_stm32f10x.o(.data)
    mymqtt_message                           0x20000028   Data           4  main.o(.data)
    ret                                      0x2000002c   Data           4  main.o(.data)
    retInt                                   0x20000030   Data           4  main.o(.data)
    Light_ad                                 0x20000034   Data           2  main.o(.data)
    temp_threshold                           0x20000036   Data           1  main.o(.data)
    Hum_threshold                            0x20000037   Data           1  main.o(.data)
    warning                                  0x20000038   Data           1  main.o(.data)
    DHT11                                    0x20000044   Data           4  dht11.o(.data)
    USART_RX_STA2                            0x20000048   Data           2  usart2.o(.data)
    PLU_count                                0x2000004c   Data           4  motor.o(.data)
    PLU_flag                                 0x20000050   Data           1  motor.o(.data)
    temp                                     0x20000058   Data          20  main.o(.bss)
    Temp                                     0x2000006c   Data          20  main.o(.bss)
    USART_RX_BUF2                            0x20000080   Data         200  usart2.o(.bss)
    usart_send_data                          0x2000044a   Data         512  iotmessagehandler.o(.bss)
    request_id                               0x2000064a   Data          64  iotmessagehandler.o(.bss)
    __libspace_start                         0x2000068c   Data          96  libspace.o(.bss)
    __temporary_stack_top$libspace           0x200006ec   Data           0  libspace.o(.bss)



==============================================================================

Memory Map of the image

  Image Entry point : 0x080000ed

  Load Region LR_IROM1 (Base: 0x08000000, Size: 0x00004e30, Max: 0x00010000, ABSOLUTE)

    Execution Region ER_IROM1 (Exec base: 0x08000000, Load base: 0x08000000, Size: 0x00004dd8, Max: 0x00010000, ABSOLUTE)

    Exec Addr    Load Addr    Size         Type   Attr      Idx    E Section Name        Object

    0x08000000   0x08000000   0x000000ec   Data   RO            3    RESET               startup_stm32f10x_md.o
    0x080000ec   0x080000ec   0x00000008   Code   RO         4332  * !!!main             c_w.l(__main.o)
    0x080000f4   0x080000f4   0x00000034   Code   RO         4678    !!!scatter          c_w.l(__scatter.o)
    0x08000128   0x08000128   0x0000001a   Code   RO         4680    !!handler_copy      c_w.l(__scatter_copy.o)
    0x08000142   0x08000142   0x00000002   PAD
    0x08000144   0x08000144   0x0000001c   Code   RO         4682    !!handler_zi        c_w.l(__scatter_zi.o)
    0x08000160   0x08000160   0x00000000   Code   RO         4315    .ARM.Collect$$_printf_percent$$00000000  c_w.l(_printf_percent.o)
    0x08000160   0x08000160   0x00000006   Code   RO         4417    .ARM.Collect$$_printf_percent$$00000001  c_w.l(_printf_n.o)
    0x08000166   0x08000166   0x00000006   Code   RO         4419    .ARM.Collect$$_printf_percent$$00000002  c_w.l(_printf_p.o)
    0x0800016c   0x0800016c   0x00000006   Code   RO         4423    .ARM.Collect$$_printf_percent$$00000003  c_w.l(_printf_f.o)
    0x08000172   0x08000172   0x00000006   Code   RO         4424    .ARM.Collect$$_printf_percent$$00000004  c_w.l(_printf_e.o)
    0x08000178   0x08000178   0x00000006   Code   RO         4425    .ARM.Collect$$_printf_percent$$00000005  c_w.l(_printf_g.o)
    0x0800017e   0x0800017e   0x00000006   Code   RO         4426    .ARM.Collect$$_printf_percent$$00000006  c_w.l(_printf_a.o)
    0x08000184   0x08000184   0x0000000a   Code   RO         4431    .ARM.Collect$$_printf_percent$$00000007  c_w.l(_printf_ll.o)
    0x0800018e   0x0800018e   0x00000006   Code   RO         4421    .ARM.Collect$$_printf_percent$$00000008  c_w.l(_printf_i.o)
    0x08000194   0x08000194   0x00000006   Code   RO         4314    .ARM.Collect$$_printf_percent$$00000009  c_w.l(_printf_d.o)
    0x0800019a   0x0800019a   0x00000006   Code   RO         4422    .ARM.Collect$$_printf_percent$$0000000A  c_w.l(_printf_u.o)
    0x080001a0   0x080001a0   0x00000006   Code   RO         4420    .ARM.Collect$$_printf_percent$$0000000B  c_w.l(_printf_o.o)
    0x080001a6   0x080001a6   0x00000006   Code   RO         4418    .ARM.Collect$$_printf_percent$$0000000C  c_w.l(_printf_x.o)
    0x080001ac   0x080001ac   0x00000006   Code   RO         4428    .ARM.Collect$$_printf_percent$$0000000D  c_w.l(_printf_lli.o)
    0x080001b2   0x080001b2   0x00000006   Code   RO         4429    .ARM.Collect$$_printf_percent$$0000000E  c_w.l(_printf_lld.o)
    0x080001b8   0x080001b8   0x00000006   Code   RO         4430    .ARM.Collect$$_printf_percent$$0000000F  c_w.l(_printf_llu.o)
    0x080001be   0x080001be   0x00000006   Code   RO         4435    .ARM.Collect$$_printf_percent$$00000010  c_w.l(_printf_llo.o)
    0x080001c4   0x080001c4   0x00000006   Code   RO         4436    .ARM.Collect$$_printf_percent$$00000011  c_w.l(_printf_llx.o)
    0x080001ca   0x080001ca   0x0000000a   Code   RO         4432    .ARM.Collect$$_printf_percent$$00000012  c_w.l(_printf_l.o)
    0x080001d4   0x080001d4   0x00000006   Code   RO         4416    .ARM.Collect$$_printf_percent$$00000013  c_w.l(_printf_c.o)
    0x080001da   0x080001da   0x00000006   Code   RO         4313    .ARM.Collect$$_printf_percent$$00000014  c_w.l(_printf_s.o)
    0x080001e0   0x080001e0   0x00000006   Code   RO         4433    .ARM.Collect$$_printf_percent$$00000015  c_w.l(_printf_lc.o)
    0x080001e6   0x080001e6   0x00000006   Code   RO         4434    .ARM.Collect$$_printf_percent$$00000016  c_w.l(_printf_ls.o)
    0x080001ec   0x080001ec   0x00000004   Code   RO         4427    .ARM.Collect$$_printf_percent$$00000017  c_w.l(_printf_percent_end.o)
    0x080001f0   0x080001f0   0x00000002   Code   RO         4607    .ARM.Collect$$libinit$$00000000  c_w.l(libinit.o)
    0x080001f2   0x080001f2   0x00000000   Code   RO         4442    .ARM.Collect$$libinit$$00000002  c_w.l(libinit2.o)
    0x080001f2   0x080001f2   0x00000000   Code   RO         4444    .ARM.Collect$$libinit$$00000004  c_w.l(libinit2.o)
    0x080001f2   0x080001f2   0x00000000   Code   RO         4447    .ARM.Collect$$libinit$$0000000A  c_w.l(libinit2.o)
    0x080001f2   0x080001f2   0x00000000   Code   RO         4449    .ARM.Collect$$libinit$$0000000C  c_w.l(libinit2.o)
    0x080001f2   0x080001f2   0x00000000   Code   RO         4451    .ARM.Collect$$libinit$$0000000E  c_w.l(libinit2.o)
    0x080001f2   0x080001f2   0x00000006   Code   RO         4452    .ARM.Collect$$libinit$$0000000F  c_w.l(libinit2.o)
    0x080001f8   0x080001f8   0x00000000   Code   RO         4454    .ARM.Collect$$libinit$$00000011  c_w.l(libinit2.o)
    0x080001f8   0x080001f8   0x0000000c   Code   RO         4455    .ARM.Collect$$libinit$$00000012  c_w.l(libinit2.o)
    0x08000204   0x08000204   0x00000000   Code   RO         4456    .ARM.Collect$$libinit$$00000013  c_w.l(libinit2.o)
    0x08000204   0x08000204   0x00000000   Code   RO         4458    .ARM.Collect$$libinit$$00000015  c_w.l(libinit2.o)
    0x08000204   0x08000204   0x0000000a   Code   RO         4459    .ARM.Collect$$libinit$$00000016  c_w.l(libinit2.o)
    0x0800020e   0x0800020e   0x00000000   Code   RO         4460    .ARM.Collect$$libinit$$00000017  c_w.l(libinit2.o)
    0x0800020e   0x0800020e   0x00000000   Code   RO         4462    .ARM.Collect$$libinit$$00000019  c_w.l(libinit2.o)
    0x0800020e   0x0800020e   0x00000000   Code   RO         4464    .ARM.Collect$$libinit$$0000001B  c_w.l(libinit2.o)
    0x0800020e   0x0800020e   0x00000000   Code   RO         4466    .ARM.Collect$$libinit$$0000001D  c_w.l(libinit2.o)
    0x0800020e   0x0800020e   0x00000000   Code   RO         4468    .ARM.Collect$$libinit$$0000001F  c_w.l(libinit2.o)
    0x0800020e   0x0800020e   0x00000000   Code   RO         4470    .ARM.Collect$$libinit$$00000021  c_w.l(libinit2.o)
    0x0800020e   0x0800020e   0x00000000   Code   RO         4472    .ARM.Collect$$libinit$$00000023  c_w.l(libinit2.o)
    0x0800020e   0x0800020e   0x00000000   Code   RO         4474    .ARM.Collect$$libinit$$00000025  c_w.l(libinit2.o)
    0x0800020e   0x0800020e   0x00000000   Code   RO         4478    .ARM.Collect$$libinit$$0000002C  c_w.l(libinit2.o)
    0x0800020e   0x0800020e   0x00000000   Code   RO         4480    .ARM.Collect$$libinit$$0000002E  c_w.l(libinit2.o)
    0x0800020e   0x0800020e   0x00000000   Code   RO         4482    .ARM.Collect$$libinit$$00000030  c_w.l(libinit2.o)
    0x0800020e   0x0800020e   0x00000000   Code   RO         4484    .ARM.Collect$$libinit$$00000032  c_w.l(libinit2.o)
    0x0800020e   0x0800020e   0x00000002   Code   RO         4485    .ARM.Collect$$libinit$$00000033  c_w.l(libinit2.o)
    0x08000210   0x08000210   0x00000002   Code   RO         4675    .ARM.Collect$$libshutdown$$00000000  c_w.l(libshutdown.o)
    0x08000212   0x08000212   0x00000000   Code   RO         4631    .ARM.Collect$$libshutdown$$00000002  c_w.l(libshutdown2.o)
    0x08000212   0x08000212   0x00000000   Code   RO         4633    .ARM.Collect$$libshutdown$$00000004  c_w.l(libshutdown2.o)
    0x08000212   0x08000212   0x00000000   Code   RO         4636    .ARM.Collect$$libshutdown$$00000007  c_w.l(libshutdown2.o)
    0x08000212   0x08000212   0x00000000   Code   RO         4639    .ARM.Collect$$libshutdown$$0000000A  c_w.l(libshutdown2.o)
    0x08000212   0x08000212   0x00000000   Code   RO         4641    .ARM.Collect$$libshutdown$$0000000C  c_w.l(libshutdown2.o)
    0x08000212   0x08000212   0x00000000   Code   RO         4644    .ARM.Collect$$libshutdown$$0000000F  c_w.l(libshutdown2.o)
    0x08000212   0x08000212   0x00000002   Code   RO         4645    .ARM.Collect$$libshutdown$$00000010  c_w.l(libshutdown2.o)
    0x08000214   0x08000214   0x00000000   Code   RO         4336    .ARM.Collect$$rtentry$$00000000  c_w.l(__rtentry.o)
    0x08000214   0x08000214   0x00000000   Code   RO         4500    .ARM.Collect$$rtentry$$00000002  c_w.l(__rtentry2.o)
    0x08000214   0x08000214   0x00000006   Code   RO         4512    .ARM.Collect$$rtentry$$00000004  c_w.l(__rtentry4.o)
    0x0800021a   0x0800021a   0x00000000   Code   RO         4502    .ARM.Collect$$rtentry$$00000009  c_w.l(__rtentry2.o)
    0x0800021a   0x0800021a   0x00000004   Code   RO         4503    .ARM.Collect$$rtentry$$0000000A  c_w.l(__rtentry2.o)
    0x0800021e   0x0800021e   0x00000000   Code   RO         4505    .ARM.Collect$$rtentry$$0000000C  c_w.l(__rtentry2.o)
    0x0800021e   0x0800021e   0x00000008   Code   RO         4506    .ARM.Collect$$rtentry$$0000000D  c_w.l(__rtentry2.o)
    0x08000226   0x08000226   0x00000002   Code   RO         4615    .ARM.Collect$$rtexit$$00000000  c_w.l(rtexit.o)
    0x08000228   0x08000228   0x00000000   Code   RO         4649    .ARM.Collect$$rtexit$$00000002  c_w.l(rtexit2.o)
    0x08000228   0x08000228   0x00000004   Code   RO         4650    .ARM.Collect$$rtexit$$00000003  c_w.l(rtexit2.o)
    0x0800022c   0x0800022c   0x00000006   Code   RO         4651    .ARM.Collect$$rtexit$$00000004  c_w.l(rtexit2.o)
    0x08000232   0x08000232   0x00000002   PAD
    0x08000234   0x08000234   0x00000040   Code   RO            4    .text               startup_stm32f10x_md.o
    0x08000274   0x08000274   0x00000024   Code   RO         4277    .text               c_w.l(vsprintf.o)
    0x08000298   0x08000298   0x0000002c   Code   RO         4279    .text               c_w.l(__2sprintf.o)
    0x080002c4   0x080002c4   0x00000038   Code   RO         4281    .text               c_w.l(__2snprintf.o)
    0x080002fc   0x080002fc   0x00000052   Code   RO         4289    .text               c_w.l(_printf_str.o)
    0x0800034e   0x0800034e   0x00000002   PAD
    0x08000350   0x08000350   0x00000078   Code   RO         4291    .text               c_w.l(_printf_dec.o)
    0x080003c8   0x080003c8   0x00000188   Code   RO         4310    .text               c_w.l(__printf_flags_ss_wp.o)
    0x08000550   0x08000550   0x00000014   Code   RO         4316    .text               c_w.l(strchr.o)
    0x08000564   0x08000564   0x00000024   Code   RO         4318    .text               c_w.l(strstr.o)
    0x08000588   0x08000588   0x0000003e   Code   RO         4322    .text               c_w.l(strlen.o)
    0x080005c6   0x080005c6   0x00000044   Code   RO         4324    .text               c_w.l(rt_memclr.o)
    0x0800060a   0x0800060a   0x0000004e   Code   RO         4326    .text               c_w.l(rt_memclr_w.o)
    0x08000658   0x08000658   0x00000056   Code   RO         4328    .text               c_w.l(strncpy.o)
    0x080006ae   0x080006ae   0x00000006   Code   RO         4330    .text               c_w.l(heapauxi.o)
    0x080006b4   0x080006b4   0x0000004e   Code   RO         4368    .text               c_w.l(_printf_pad.o)
    0x08000702   0x08000702   0x00000024   Code   RO         4370    .text               c_w.l(_printf_truncate.o)
    0x08000726   0x08000726   0x000000b2   Code   RO         4372    .text               c_w.l(_printf_intcommon.o)
    0x080007d8   0x080007d8   0x00000028   Code   RO         4374    .text               c_w.l(_printf_charcount.o)
    0x08000800   0x08000800   0x00000030   Code   RO         4376    .text               c_w.l(_printf_char_common.o)
    0x08000830   0x08000830   0x0000000a   Code   RO         4378    .text               c_w.l(_sputc.o)
    0x0800083a   0x0800083a   0x00000010   Code   RO         4380    .text               c_w.l(_snputc.o)
    0x0800084a   0x0800084a   0x0000002c   Code   RO         4382    .text               c_w.l(_printf_char.o)
    0x08000876   0x08000876   0x00000002   PAD
    0x08000878   0x08000878   0x000000bc   Code   RO         4384    .text               c_w.l(_printf_wctomb.o)
    0x08000934   0x08000934   0x0000007c   Code   RO         4387    .text               c_w.l(_printf_longlong_dec.o)
    0x080009b0   0x080009b0   0x00000070   Code   RO         4393    .text               c_w.l(_printf_oct_int_ll.o)
    0x08000a20   0x08000a20   0x00000094   Code   RO         4413    .text               c_w.l(_printf_hex_int_ll_ptr.o)
    0x08000ab4   0x08000ab4   0x00000008   Code   RO         4496    .text               c_w.l(libspace.o)
    0x08000abc   0x08000abc   0x0000008a   Code   RO         4522    .text               c_w.l(lludiv10.o)
    0x08000b46   0x08000b46   0x0000041e   Code   RO         4524    .text               c_w.l(_printf_fp_dec.o)
    0x08000f64   0x08000f64   0x000002fc   Code   RO         4526    .text               c_w.l(_printf_fp_hex.o)
    0x08001260   0x08001260   0x0000002c   Code   RO         4531    .text               c_w.l(_printf_wchar.o)
    0x0800128c   0x0800128c   0x00000040   Code   RO         4533    .text               c_w.l(_wcrtomb.o)
    0x080012cc   0x080012cc   0x00000002   Code   RO         4546    .text               c_w.l(use_no_semi.o)
    0x080012ce   0x080012ce   0x00000000   Code   RO         4548    .text               c_w.l(indicate_semi.o)
    0x080012ce   0x080012ce   0x0000004a   Code   RO         4549    .text               c_w.l(sys_stackheap_outer.o)
    0x08001318   0x08001318   0x00000010   Code   RO         4551    .text               c_w.l(rt_ctype_table.o)
    0x08001328   0x08001328   0x00000008   Code   RO         4558    .text               c_w.l(rt_locale_intlibspace.o)
    0x08001330   0x08001330   0x00000080   Code   RO         4562    .text               c_w.l(_printf_fp_infnan.o)
    0x080013b0   0x080013b0   0x000000e4   Code   RO         4564    .text               c_w.l(bigflt0.o)
    0x08001494   0x08001494   0x00000012   Code   RO         4592    .text               c_w.l(exit.o)
    0x080014a6   0x080014a6   0x00000002   PAD
    0x080014a8   0x080014a8   0x0000000c   Code   RO         4613    .text               c_w.l(sys_exit.o)
    0x080014b4   0x080014b4   0x00000080   Code   RO         4628    .text               c_w.l(strcmpv7m.o)
    0x08001534   0x08001534   0x0000003e   Code   RO         4567    CL$$btod_d2e        c_w.l(btod.o)
    0x08001572   0x08001572   0x00000046   Code   RO         4569    CL$$btod_d2e_denorm_low  c_w.l(btod.o)
    0x080015b8   0x080015b8   0x00000060   Code   RO         4568    CL$$btod_d2e_norm_op1  c_w.l(btod.o)
    0x08001618   0x08001618   0x00000338   Code   RO         4577    CL$$btod_div_common  c_w.l(btod.o)
    0x08001950   0x08001950   0x000000dc   Code   RO         4574    CL$$btod_e2e        c_w.l(btod.o)
    0x08001a2c   0x08001a2c   0x0000002a   Code   RO         4571    CL$$btod_ediv       c_w.l(btod.o)
    0x08001a56   0x08001a56   0x0000002a   Code   RO         4570    CL$$btod_emul       c_w.l(btod.o)
    0x08001a80   0x08001a80   0x00000244   Code   RO         4576    CL$$btod_mult_common  c_w.l(btod.o)
    0x08001cc4   0x08001cc4   0x00000016   Code   RO          455    i.ADC_Cmd           stm32f10x_adc.o
    0x08001cda   0x08001cda   0x00000002   PAD
    0x08001cdc   0x08001cdc   0x0000005c   Code   RO          457    i.ADC_DeInit        stm32f10x_adc.o
    0x08001d38   0x08001d38   0x00000014   Code   RO          463    i.ADC_GetCalibrationStatus  stm32f10x_adc.o
    0x08001d4c   0x08001d4c   0x00000008   Code   RO          464    i.ADC_GetConversionValue  stm32f10x_adc.o
    0x08001d54   0x08001d54   0x00000012   Code   RO          466    i.ADC_GetFlagStatus  stm32f10x_adc.o
    0x08001d66   0x08001d66   0x00000002   PAD
    0x08001d68   0x08001d68   0x00000050   Code   RO          473    i.ADC_Init          stm32f10x_adc.o
    0x08001db8   0x08001db8   0x000000b8   Code   RO          477    i.ADC_RegularChannelConfig  stm32f10x_adc.o
    0x08001e70   0x08001e70   0x0000000a   Code   RO          478    i.ADC_ResetCalibration  stm32f10x_adc.o
    0x08001e7a   0x08001e7a   0x00000016   Code   RO          480    i.ADC_SoftwareStartConvCmd  stm32f10x_adc.o
    0x08001e90   0x08001e90   0x0000000a   Code   RO          482    i.ADC_StartCalibration  stm32f10x_adc.o
    0x08001e9a   0x08001e9a   0x00000002   PAD
    0x08001e9c   0x08001e9c   0x00000038   Code   RO         3359    i.BEEP_init         beep.o
    0x08001ed4   0x08001ed4   0x00000004   Code   RO         3217    i.BusFault_Handler  stm32f10x_it.o
    0x08001ed8   0x08001ed8   0x0000018c   Code   RO         4206    i.Cloud_Init        cloud.o
    0x08002064   0x08002064   0x000000bc   Code   RO         3417    i.DHT11_ReadData    dht11.o
    0x08002120   0x08002120   0x00000018   Code   RO         3418    i.DHT11_init        dht11.o
    0x08002138   0x08002138   0x0000002c   Code   RO         3419    i.DHT_INPUT         dht11.o
    0x08002164   0x08002164   0x0000002c   Code   RO         3420    i.DHT_OUTPUT_PP     dht11.o
    0x08002190   0x08002190   0x00000002   Code   RO         3218    i.DebugMon_Handler  stm32f10x_it.o
    0x08002192   0x08002192   0x0000001a   Code   RO         3484    i.Delay_1ms         oled.o
    0x080021ac   0x080021ac   0x000000a4   Code   RO         4136    i.ExtractRequestId  iotmessagehandler.o
    0x08002250   0x08002250   0x00000116   Code   RO          101    i.GPIO_Init         stm32f10x_gpio.o
    0x08002366   0x08002366   0x00000004   Code   RO          108    i.GPIO_ResetBits    stm32f10x_gpio.o
    0x0800236a   0x0800236a   0x00000004   Code   RO          109    i.GPIO_SetBits      stm32f10x_gpio.o
    0x0800236e   0x0800236e   0x00000004   Code   RO         3219    i.HardFault_Handler  stm32f10x_it.o
    0x08002372   0x08002372   0x00000002   PAD
    0x08002374   0x08002374   0x00000030   Code   RO         3309    i.JTAG_SW_init      jtag_sw.o
    0x080023a4   0x080023a4   0x00000038   Code   RO         3327    i.LED_init          led.o
    0x080023dc   0x080023dc   0x00000094   Code   RO         3463    i.LIGHT_init        light.o
    0x08002470   0x08002470   0x0000005c   Code   RO         3870    i.MOTOR_control     motor.o
    0x080024cc   0x080024cc   0x00000068   Code   RO         3871    i.MOTOR_init        motor.o
    0x08002534   0x08002534   0x00000004   Code   RO         3220    i.MemManage_Handler  stm32f10x_it.o
    0x08002538   0x08002538   0x00000002   Code   RO         3221    i.NMI_Handler       stm32f10x_it.o
    0x0800253a   0x0800253a   0x00000002   PAD
    0x0800253c   0x0800253c   0x00000070   Code   RO          413    i.NVIC_Init         misc.o
    0x080025ac   0x080025ac   0x00000014   Code   RO          414    i.NVIC_PriorityGroupConfig  misc.o
    0x080025c0   0x080025c0   0x0000003e   Code   RO         3486    i.OLED_Clear        oled.o
    0x080025fe   0x080025fe   0x00000002   PAD
    0x08002600   0x08002600   0x00000024   Code   RO         3496    i.OLED_IIC_Start    oled.o
    0x08002624   0x08002624   0x00000020   Code   RO         3497    i.OLED_IIC_Stop     oled.o
    0x08002644   0x08002644   0x00000018   Code   RO         3498    i.OLED_IIC_Wait_Ack  oled.o
    0x0800265c   0x0800265c   0x00000128   Code   RO         3499    i.OLED_Init         oled.o
    0x08002784   0x08002784   0x00000028   Code   RO         3502    i.OLED_Set_Pos      oled.o
    0x080027ac   0x080027ac   0x000000a8   Code   RO         3503    i.OLED_ShowCHinese  oled.o
    0x08002854   0x08002854   0x000000a4   Code   RO         3504    i.OLED_ShowChar     oled.o
    0x080028f8   0x080028f8   0x00000042   Code   RO         3507    i.OLED_Show_Str     oled.o
    0x0800293a   0x0800293a   0x00000018   Code   RO         3508    i.OLED_WR_Byte      oled.o
    0x08002952   0x08002952   0x00000002   PAD
    0x08002954   0x08002954   0x00000050   Code   RO         3509    i.OLED_Write_IIC_Byte  oled.o
    0x080029a4   0x080029a4   0x0000002c   Code   RO         3510    i.OLED_Write_IIC_Command  oled.o
    0x080029d0   0x080029d0   0x0000002c   Code   RO         3511    i.OLED_Write_IIC_Data  oled.o
    0x080029fc   0x080029fc   0x00000002   Code   RO         3222    i.PendSV_Handler    stm32f10x_it.o
    0x080029fe   0x080029fe   0x00000002   PAD
    0x08002a00   0x08002a00   0x00000018   Code   RO          213    i.RCC_ADCCLKConfig  stm32f10x_rcc.o
    0x08002a18   0x08002a18   0x00000020   Code   RO          215    i.RCC_APB1PeriphClockCmd  stm32f10x_rcc.o
    0x08002a38   0x08002a38   0x00000020   Code   RO          217    i.RCC_APB2PeriphClockCmd  stm32f10x_rcc.o
    0x08002a58   0x08002a58   0x00000020   Code   RO          218    i.RCC_APB2PeriphResetCmd  stm32f10x_rcc.o
    0x08002a78   0x08002a78   0x000000d4   Code   RO          225    i.RCC_GetClocksFreq  stm32f10x_rcc.o
    0x08002b4c   0x08002b4c   0x00000034   Code   RO         3464    i.Read_LIGHT        light.o
    0x08002b80   0x08002b80   0x00000098   Code   RO         4137    i.ResponseCommand   iotmessagehandler.o
    0x08002c18   0x08002c18   0x00000002   Code   RO         3223    i.SVC_Handler       stm32f10x_it.o
    0x08002c1a   0x08002c1a   0x00000008   Code   RO           24    i.SetSysClock       system_stm32f10x.o
    0x08002c22   0x08002c22   0x00000002   PAD
    0x08002c24   0x08002c24   0x000000e0   Code   RO           25    i.SetSysClockTo72   system_stm32f10x.o
    0x08002d04   0x08002d04   0x00000028   Code   RO          417    i.SysTick_CLKSourceConfig  misc.o
    0x08002d2c   0x08002d2c   0x00000002   Code   RO         3224    i.SysTick_Handler   stm32f10x_it.o
    0x08002d2e   0x08002d2e   0x00000002   PAD
    0x08002d30   0x08002d30   0x00000060   Code   RO           27    i.SystemInit        system_stm32f10x.o
    0x08002d90   0x08002d90   0x00000054   Code   RO         3872    i.TIM2_IRQHandler   motor.o
    0x08002de4   0x08002de4   0x00000006   Code   RO         2334    i.TIM_ClearITPendingBit  stm32f10x_tim.o
    0x08002dea   0x08002dea   0x00000022   Code   RO         2360    i.TIM_GetITStatus   stm32f10x_tim.o
    0x08002e0c   0x08002e0c   0x0000001e   Code   RO         4075    i.UART_Transmit     atk_esp8266d_uart.o
    0x08002e2a   0x08002e2a   0x00000002   PAD
    0x08002e2c   0x08002e2c   0x000000cc   Code   RO         4076    i.USART1_IRQHandler  atk_esp8266d_uart.o
    0x08002ef8   0x08002ef8   0x0000006c   Code   RO         3806    i.USART2_IRQHandler  usart2.o
    0x08002f64   0x08002f64   0x00000012   Code   RO         2871    i.USART_ClearFlag   stm32f10x_usart.o
    0x08002f76   0x08002f76   0x0000001e   Code   RO         2872    i.USART_ClearITPendingBit  stm32f10x_usart.o
    0x08002f94   0x08002f94   0x00000018   Code   RO         2875    i.USART_Cmd         stm32f10x_usart.o
    0x08002fac   0x08002fac   0x0000001a   Code   RO         2878    i.USART_GetFlagStatus  stm32f10x_usart.o
    0x08002fc6   0x08002fc6   0x00000054   Code   RO         2879    i.USART_GetITStatus  stm32f10x_usart.o
    0x0800301a   0x0800301a   0x0000004a   Code   RO         2881    i.USART_ITConfig    stm32f10x_usart.o
    0x08003064   0x08003064   0x000000d8   Code   RO         2882    i.USART_Init        stm32f10x_usart.o
    0x0800313c   0x0800313c   0x0000000a   Code   RO         2889    i.USART_ReceiveData  stm32f10x_usart.o
    0x08003146   0x08003146   0x00000004   Code   RO         3225    i.UsageFault_Handler  stm32f10x_it.o
    0x0800314a   0x0800314a   0x00000028   Code   RO         4611    i.__ARM_fpclassify  m_ws.l(fpclassify.o)
    0x08003172   0x08003172   0x0000000e   Code   RO         4303    i._is_digit         c_w.l(__printf_wp.o)
    0x08003180   0x08003180   0x00000030   Code   RO         3915    i.atk_esp8266d_at_test  atk_esp8266d.o
    0x080031b0   0x080031b0   0x00000018   Code   RO         3922    i.atk_esp8266d_init  atk_esp8266d.o
    0x080031c8   0x080031c8   0x00000050   Code   RO         3923    i.atk_esp8266d_join_ap  atk_esp8266d.o
    0x08003218   0x08003218   0x00000048   Code   RO         3925    i.atk_esp8266d_mqttclientid  atk_esp8266d.o
    0x08003260   0x08003260   0x0000004c   Code   RO         3926    i.atk_esp8266d_mqttconn  atk_esp8266d.o
    0x080032ac   0x080032ac   0x00000050   Code   RO         3929    i.atk_esp8266d_mqttpubstr  atk_esp8266d.o
    0x080032fc   0x080032fc   0x00000044   Code   RO         3930    i.atk_esp8266d_mqttsub  atk_esp8266d.o
    0x08003340   0x08003340   0x00000060   Code   RO         3932    i.atk_esp8266d_mqttusercfg  atk_esp8266d.o
    0x080033a0   0x080033a0   0x00000058   Code   RO         3935    i.atk_esp8266d_send_at_cmd  atk_esp8266d.o
    0x080033f8   0x080033f8   0x0000007c   Code   RO         3936    i.atk_esp8266d_set_mode  atk_esp8266d.o
    0x08003474   0x08003474   0x00000028   Code   RO         3937    i.atk_esp8266d_sw_reset  atk_esp8266d.o
    0x0800349c   0x0800349c   0x000000ac   Code   RO         4077    i.atk_esp8266d_uart_init  atk_esp8266d_uart.o
    0x08003548   0x08003548   0x00000038   Code   RO         4078    i.atk_esp8266d_uart_printf  atk_esp8266d_uart.o
    0x08003580   0x08003580   0x0000002c   Code   RO         4079    i.atk_esp8266d_uart_rx_get_frame  atk_esp8266d_uart.o
    0x080035ac   0x080035ac   0x00000024   Code   RO         4081    i.atk_esp8266d_uart_rx_restart  atk_esp8266d_uart.o
    0x080035d0   0x080035d0   0x00000028   Code   RO         4138    i.confirmationMqttMessage  iotmessagehandler.o
    0x080035f8   0x080035f8   0x00000038   Code   RO         3280    i.delay_init        delay.o
    0x08003630   0x08003630   0x000000c8   Code   RO         3281    i.delay_ms          delay.o
    0x080036f8   0x080036f8   0x00000050   Code   RO         3282    i.delay_us          delay.o
    0x08003748   0x08003748   0x0000004c   Code   RO         3421    i.dht11_read_bit    dht11.o
    0x08003794   0x08003794   0x0000001e   Code   RO         3422    i.dht11_read_byte   dht11.o
    0x080037b2   0x080037b2   0x00000002   PAD
    0x080037b4   0x080037b4   0x00000164   Code   RO         4141    i.getParamsInt      iotmessagehandler.o
    0x08003918   0x08003918   0x00000204   Code   RO         3108    i.main              main.o
    0x08003b1c   0x08003b1c   0x0000007c   Code   RO         4144    i.setParamsInt      iotmessagehandler.o
    0x08003b98   0x08003b98   0x000000a8   Code   RO         3807    i.uart2_init        usart2.o
    0x08003c40   0x08003c40   0x0000002c   Code   RO         4590    locale$$code        c_w.l(lc_numeric_c.o)
    0x08003c6c   0x08003c6c   0x0000002c   Code   RO         4622    locale$$code        c_w.l(lc_ctype_c.o)
    0x08003c98   0x08003c98   0x00000004   Code   RO         4486    x$fpl$printf1       fz_ws.l(printf1.o)
    0x08003c9c   0x08003c9c   0x00000004   Code   RO         4488    x$fpl$printf2       fz_ws.l(printf2.o)
    0x08003ca0   0x08003ca0   0x00000000   Code   RO         4610    x$fpl$usenofp       fz_ws.l(usenofp.o)
    0x08003ca0   0x08003ca0   0x00000dcf   Data   RO         3513    .constdata          oled.o
    0x08004a6f   0x08004a6f   0x00000011   Data   RO         4311    .constdata          c_w.l(__printf_flags_ss_wp.o)
    0x08004a80   0x08004a80   0x00000008   Data   RO         4385    .constdata          c_w.l(_printf_wctomb.o)
    0x08004a88   0x08004a88   0x00000028   Data   RO         4414    .constdata          c_w.l(_printf_hex_int_ll_ptr.o)
    0x08004ab0   0x08004ab0   0x00000026   Data   RO         4527    .constdata          c_w.l(_printf_fp_hex.o)
    0x08004ad6   0x08004ad6   0x00000002   PAD
    0x08004ad8   0x08004ad8   0x00000094   Data   RO         4565    .constdata          c_w.l(bigflt0.o)
    0x08004b6c   0x08004b6c   0x0000008f   Data   RO         4147    .conststring        iotmessagehandler.o
    0x08004bfb   0x08004bfb   0x00000001   PAD
    0x08004bfc   0x08004bfc   0x0000008e   Data   RO         4207    .conststring        cloud.o
    0x08004c8a   0x08004c8a   0x00000002   PAD
    0x08004c8c   0x08004c8c   0x00000020   Data   RO         4676    Region$$Table       anon$$obj.o
    0x08004cac   0x08004cac   0x0000001c   Data   RO         4589    locale$$data        c_w.l(lc_numeric_c.o)
    0x08004cc8   0x08004cc8   0x00000110   Data   RO         4621    locale$$data        c_w.l(lc_ctype_c.o)


    Execution Region RW_IRAM1 (Exec base: 0x20000000, Load base: 0x08004dd8, Size: 0x00000cf0, Max: 0x00005000, ABSOLUTE)

    Exec Addr    Load Addr    Size         Type   Attr      Idx    E Section Name        Object

    0x20000000   0x08004dd8   0x00000014   Data   RW           28    .data               system_stm32f10x.o
    0x20000014   0x08004dec   0x00000014   Data   RW          245    .data               stm32f10x_rcc.o
    0x20000028   0x08004e00   0x00000011   Data   RW         3110    .data               main.o
    0x20000039   0x08004e11   0x00000003   PAD
    0x2000003c   0x08004e14   0x00000008   Data   RW         3283    .data               delay.o
    0x20000044   0x08004e1c   0x00000004   Data   RW         3423    .data               dht11.o
    0x20000048   0x08004e20   0x00000002   Data   RW         3809    .data               usart2.o
    0x2000004a   0x08004e22   0x00000002   PAD
    0x2000004c   0x08004e24   0x0000000c   Data   RW         3873    .data               motor.o
    0x20000058        -       0x00000028   Zero   RW         3109    .bss                main.o
    0x20000080        -       0x000000c8   Zero   RW         3808    .bss                usart2.o
    0x20000148        -       0x00000302   Zero   RW         4082    .bss                atk_esp8266d_uart.o
    0x2000044a        -       0x00000240   Zero   RW         4146    .bss                iotmessagehandler.o
    0x2000068a   0x08004e30   0x00000002   PAD
    0x2000068c        -       0x00000060   Zero   RW         4497    .bss                c_w.l(libspace.o)
    0x200006ec   0x08004e30   0x00000004   PAD
    0x200006f0        -       0x00000200   Zero   RW            2    HEAP                startup_stm32f10x_md.o
    0x200008f0        -       0x00000400   Zero   RW            1    STACK               startup_stm32f10x_md.o


==============================================================================

Image component sizes


      Code (inc. data)   RO Data    RW Data    ZI Data      Debug   Object Name

       796        280          0          0          0       8509   atk_esp8266d.o
       542         42          0          0        770       5116   atk_esp8266d_uart.o
        56          6          0          0          0        504   beep.o
       396        204        142          0          0        753   cloud.o
         0          0          0          0          0       4500   core_cm3.o
       336         28          0          8          0       1935   delay.o
       406         34          0          4          0       4298   dht11.o
       836        256        143          0        576       5306   iotmessagehandler.o
        48         10          0          0          0        543   jtag_sw.o
        56          6          0          0          0        503   led.o
       200         16          0          0          0       1186   light.o
       516        156          0         17         40       2063   main.o
       172         22          0          0          0       2021   misc.o
       280         30          0         12          0       1952   motor.o
      1106         54       3535          0          0       9582   oled.o
        64         26        236          0       1536        864   startup_stm32f10x_md.o
       466         24          0          0          0       7934   stm32f10x_adc.o
       286          0          0          0          0       3004   stm32f10x_gpio.o
        26          0          0          0          0       4034   stm32f10x_it.o
       332         44          0         20          0       5518   stm32f10x_rcc.o
        40          0          0          0          0       1726   stm32f10x_tim.o
       482          6          0          0          0       6772   stm32f10x_usart.o
       328         28          0         20          0     258237   system_stm32f10x.o
       276         20          0          2        200       1927   usart2.o

    ----------------------------------------------------------------------
      8070       1292       4091         88       3124     338787   Object Totals
         0          0         32          0          0          0   (incl. Generated)
        24          0          3          5          2          0   (incl. Padding)

    ----------------------------------------------------------------------

      Code (inc. data)   RO Data    RW Data    ZI Data      Debug   Library Member Name

        56          6          0          0          0         88   __2snprintf.o
        44          6          0          0          0         84   __2sprintf.o
         8          0          0          0          0         68   __main.o
       392          4         17          0          0         92   __printf_flags_ss_wp.o
        14          0          0          0          0         68   __printf_wp.o
         0          0          0          0          0          0   __rtentry.o
        12          0          0          0          0          0   __rtentry2.o
         6          0          0          0          0          0   __rtentry4.o
        52          8          0          0          0          0   __scatter.o
        26          0          0          0          0          0   __scatter_copy.o
        28          0          0          0          0          0   __scatter_zi.o
         6          0          0          0          0          0   _printf_a.o
         6          0          0          0          0          0   _printf_c.o
        44          0          0          0          0        108   _printf_char.o
        48          6          0          0          0         96   _printf_char_common.o
        40          0          0          0          0         68   _printf_charcount.o
         6          0          0          0          0          0   _printf_d.o
       120         16          0          0          0         92   _printf_dec.o
         6          0          0          0          0          0   _printf_e.o
         6          0          0          0          0          0   _printf_f.o
      1054          0          0          0          0        216   _printf_fp_dec.o
       764          8         38          0          0        100   _printf_fp_hex.o
       128         16          0          0          0         84   _printf_fp_infnan.o
         6          0          0          0          0          0   _printf_g.o
       148          4         40          0          0        160   _printf_hex_int_ll_ptr.o
         6          0          0          0          0          0   _printf_i.o
       178          0          0          0          0         88   _printf_intcommon.o
        10          0          0          0          0          0   _printf_l.o
         6          0          0          0          0          0   _printf_lc.o
        10          0          0          0          0          0   _printf_ll.o
         6          0          0          0          0          0   _printf_lld.o
         6          0          0          0          0          0   _printf_lli.o
         6          0          0          0          0          0   _printf_llo.o
         6          0          0          0          0          0   _printf_llu.o
         6          0          0          0          0          0   _printf_llx.o
       124         16          0          0          0         92   _printf_longlong_dec.o
         6          0          0          0          0          0   _printf_ls.o
         6          0          0          0          0          0   _printf_n.o
         6          0          0          0          0          0   _printf_o.o
       112         10          0          0          0        124   _printf_oct_int_ll.o
         6          0          0          0          0          0   _printf_p.o
        78          0          0          0          0        108   _printf_pad.o
         0          0          0          0          0          0   _printf_percent.o
         4          0          0          0          0          0   _printf_percent_end.o
         6          0          0          0          0          0   _printf_s.o
        82          0          0          0          0         80   _printf_str.o
        36          0          0          0          0         84   _printf_truncate.o
         6          0          0          0          0          0   _printf_u.o
        44          0          0          0          0        108   _printf_wchar.o
       188          6          8          0          0         92   _printf_wctomb.o
         6          0          0          0          0          0   _printf_x.o
        16          0          0          0          0         68   _snputc.o
        10          0          0          0          0         68   _sputc.o
        64          0          0          0          0         92   _wcrtomb.o
       228          4        148          0          0         96   bigflt0.o
      1936        128          0          0          0        672   btod.o
        18          0          0          0          0         80   exit.o
         6          0          0          0          0        152   heapauxi.o
         0          0          0          0          0          0   indicate_semi.o
        44         10        272          0          0         76   lc_ctype_c.o
        44         10         28          0          0         76   lc_numeric_c.o
         2          0          0          0          0          0   libinit.o
        30          0          0          0          0          0   libinit2.o
         2          0          0          0          0          0   libshutdown.o
         2          0          0          0          0          0   libshutdown2.o
         8          4          0          0         96         68   libspace.o
       138          0          0          0          0         80   lludiv10.o
        16          4          0          0          0         76   rt_ctype_table.o
         8          4          0          0          0         68   rt_locale_intlibspace.o
        68          0          0          0          0         68   rt_memclr.o
        78          0          0          0          0         80   rt_memclr_w.o
         2          0          0          0          0          0   rtexit.o
        10          0          0          0          0          0   rtexit2.o
        20          0          0          0          0         68   strchr.o
       128          0          0          0          0         68   strcmpv7m.o
        62          0          0          0          0         76   strlen.o
        86          0          0          0          0         76   strncpy.o
        36          0          0          0          0         80   strstr.o
        12          4          0          0          0         68   sys_exit.o
        74          0          0          0          0         80   sys_stackheap_outer.o
         2          0          0          0          0         68   use_no_semi.o
        36          4          0          0          0         76   vsprintf.o
         4          0          0          0          0         68   printf1.o
         4          0          0          0          0         68   printf2.o
         0          0          0          0          0          0   usenofp.o
        40          0          0          0          0         68   fpclassify.o

    ----------------------------------------------------------------------
      7214        278        553          0        100       4784   Library Totals
        10          0          2          0          4          0   (incl. Padding)

    ----------------------------------------------------------------------

      Code (inc. data)   RO Data    RW Data    ZI Data      Debug   Library Name

      7156        278        551          0         96       4580   c_w.l
         8          0          0          0          0        136   fz_ws.l
        40          0          0          0          0         68   m_ws.l

    ----------------------------------------------------------------------
      7214        278        553          0        100       4784   Library Totals

    ----------------------------------------------------------------------

==============================================================================


      Code (inc. data)   RO Data    RW Data    ZI Data      Debug   

     15284       1570       4644         88       3224     335871   Grand Totals
     15284       1570       4644         88       3224     335871   ELF Image Totals
     15284       1570       4644         88          0          0   ROM Totals

==============================================================================

    Total RO  Size (Code + RO Data)                19928 (  19.46kB)
    Total RW  Size (RW Data + ZI Data)              3312 (   3.23kB)
    Total ROM Size (Code + RO Data + RW Data)      20016 (  19.55kB)

==============================================================================

